Component: Arm Compiler for Embedded 6.19 Tool: armlink [5e73cb00]

==============================================================================

Section Cross References

    main.o(.text.SPI_Configuration) refers to main.o(.data.SPIdrv) for SPIdrv
    main.o(.ARM.exidx.text.SPI_Configuration) refers to main.o(.text.SPI_Configuration) for [Anonymous Symbol]
    main.o(.text.SPI_Send) refers to main.o(.data.SPIdrv) for SPIdrv
    main.o(.ARM.exidx.text.SPI_Send) refers to main.o(.text.SPI_Send) for [Anonymous Symbol]
    main.o(.text.USART_Configuration) refers to pin_lpc17xx.o(.text.PIN_Configure) for PIN_Configure
    main.o(.ARM.exidx.text.USART_Configuration) refers to main.o(.text.USART_Configuration) for [Anonymous Symbol]
    main.o(.text.tempPrint) refers to strlen.o(.text) for strlen
    main.o(.ARM.exidx.text.tempPrint) refers to main.o(.text.tempPrint) for [Anonymous Symbol]
    main.o(.ARM.exidx.text.RTC_Configuration) refers to main.o(.text.RTC_Configuration) for [Anonymous Symbol]
    main.o(.text.RTC_IRQHandler) refers to main.o(.bss.RTC_IRQHandler.flag) for RTC_IRQHandler.flag
    main.o(.ARM.exidx.text.RTC_IRQHandler) refers to main.o(.text.RTC_IRQHandler) for [Anonymous Symbol]
    main.o(.text.delay) refers to main.o(.bss.msTicks) for msTicks
    main.o(.ARM.exidx.text.delay) refers to main.o(.text.delay) for [Anonymous Symbol]
    main.o(.text.SysTick_Handler) refers to main.o(.bss.msTicks) for msTicks
    main.o(.ARM.exidx.text.SysTick_Handler) refers to main.o(.text.SysTick_Handler) for [Anonymous Symbol]
    main.o(.text.OLED_reset) refers to gpio_lpc17xx.o(.text.GPIO_PinWrite) for GPIO_PinWrite
    main.o(.text.OLED_reset) refers to main.o(.bss.msTicks) for msTicks
    main.o(.ARM.exidx.text.OLED_reset) refers to main.o(.text.OLED_reset) for [Anonymous Symbol]
    main.o(.text.OLED_init) refers to gpio_lpc17xx.o(.text.GPIO_PinWrite) for GPIO_PinWrite
    main.o(.text.OLED_init) refers to main.o(.bss.msTicks) for msTicks
    main.o(.text.OLED_init) refers to main.o(.text.OLED_initRegisters) for OLED_initRegisters
    main.o(.text.OLED_init) refers to main.o(.data.SPIdrv) for SPIdrv
    main.o(.ARM.exidx.text.OLED_init) refers to main.o(.text.OLED_init) for [Anonymous Symbol]
    main.o(.text.OLED_writeReg) refers to gpio_lpc17xx.o(.text.GPIO_PinWrite) for GPIO_PinWrite
    main.o(.text.OLED_writeReg) refers to main.o(.data.SPIdrv) for SPIdrv
    main.o(.ARM.exidx.text.OLED_writeReg) refers to main.o(.text.OLED_writeReg) for [Anonymous Symbol]
    main.o(.text.OLED_display_pointer) refers to main.o(.data.SPIdrv) for SPIdrv
    main.o(.text.OLED_display_pointer) refers to gpio_lpc17xx.o(.text.GPIO_PinWrite) for GPIO_PinWrite
    main.o(.ARM.exidx.text.OLED_display_pointer) refers to main.o(.text.OLED_display_pointer) for [Anonymous Symbol]
    main.o(.text.OLED_writeData) refers to gpio_lpc17xx.o(.text.GPIO_PinWrite) for GPIO_PinWrite
    main.o(.text.OLED_writeData) refers to main.o(.data.SPIdrv) for SPIdrv
    main.o(.ARM.exidx.text.OLED_writeData) refers to main.o(.text.OLED_writeData) for [Anonymous Symbol]
    main.o(.text.OLED_display) refers to main.o(.data.SPIdrv) for SPIdrv
    main.o(.text.OLED_display) refers to gpio_lpc17xx.o(.text.GPIO_PinWrite) for GPIO_PinWrite
    main.o(.ARM.exidx.text.OLED_display) refers to main.o(.text.OLED_display) for [Anonymous Symbol]
    main.o(.text.OLED_initRegisters) refers to gpio_lpc17xx.o(.text.GPIO_PinWrite) for GPIO_PinWrite
    main.o(.text.OLED_initRegisters) refers to main.o(.data.SPIdrv) for SPIdrv
    main.o(.ARM.exidx.text.OLED_initRegisters) refers to main.o(.text.OLED_initRegisters) for [Anonymous Symbol]
    main.o(.text.main) refers to main.o(.bss.obrazek) for obrazek
    main.o(.text.main) refers to rt_memclr_w.o(.text) for __aeabi_memclr4
    main.o(.text.main) refers to system_lpc17xx.o(.data.SystemCoreClock) for SystemCoreClock
    main.o(.text.main) refers to pin_lpc17xx.o(.text.PIN_Configure) for PIN_Configure
    main.o(.text.main) refers to gpio_lpc17xx.o(.text.GPIO_SetDir) for GPIO_SetDir
    main.o(.text.main) refers to main.o(.data.SPIdrv) for SPIdrv
    main.o(.text.main) refers to main.o(.text.OLED_init) for OLED_init
    main.o(.text.main) refers to main.o(.bss.msTicks) for msTicks
    main.o(.text.main) refers to main.o(.text.OLED_display) for OLED_display
    main.o(.ARM.exidx.text.main) refers to main.o(.text.main) for [Anonymous Symbol]
    main.o(.data.SPIdrv) refers to spi_lpc17xx.o(.rodata.Driver_SPI2) for Driver_SPI2
    buttons_open1768.o(.text.Buttons_Initialize) refers to gpio_lpc17xx.o(.text.GPIO_PortClock) for GPIO_PortClock
    buttons_open1768.o(.text.Buttons_Initialize) refers to buttons_open1768.o(.rodata.cst4) for BUTTON_PIN
    buttons_open1768.o(.text.Buttons_Initialize) refers to pin_lpc17xx.o(.text.PIN_Configure) for PIN_Configure
    buttons_open1768.o(.text.Buttons_Initialize) refers to gpio_lpc17xx.o(.text.GPIO_SetDir) for GPIO_SetDir
[...]
    spi_lpc17xx.o(.text.SPI_Transfer) refers to spi_lpc17xx.o(.bss.SPI_Info.3) for SPI_Info.3
    spi_lpc17xx.o(.text.SPI_Transfer) refers to spi_lpc17xx.o(.bss.SPI_Xfer) for SPI_Xfer
    spi_lpc17xx.o(.ARM.exidx.text.SPI_Transfer) refers to spi_lpc17xx.o(.text.SPI_Transfer) for [Anonymous Symbol]
    spi_lpc17xx.o(.text.SPI_GetDataCount) refers to spi_lpc17xx.o(.bss.SPI_Info.5) for SPI_Info.5
    spi_lpc17xx.o(.text.SPI_GetDataCount) refers to spi_lpc17xx.o(.bss.SPI_Xfer) for SPI_Xfer
    spi_lpc17xx.o(.ARM.exidx.text.SPI_GetDataCount) refers to spi_lpc17xx.o(.text.SPI_GetDataCount) for [Anonymous Symbol]
    spi_lpc17xx.o(.text.SPI_Control) refers to spi_lpc17xx.o(.bss.SPI_Info.5) for SPI_Info.5
    spi_lpc17xx.o(.text.SPI_Control) refers to spi_lpc17xx.o(.bss.SPI_Info.1) for SPI_Info.1
    spi_lpc17xx.o(.text.SPI_Control) refers to spi_lpc17xx.o(.bss.SPI_Xfer) for SPI_Xfer
    spi_lpc17xx.o(.text.SPI_Control) refers to spi_lpc17xx.o(.bss.SPI_Info.4) for SPI_Info.4
    spi_lpc17xx.o(.text.SPI_Control) refers to spi_lpc17xx.o(.rodata.cst16) for .Lswitch.table.SPI_Control.2
    spi_lpc17xx.o(.text.SPI_Control) refers to system_lpc17xx.o(.data.SystemCoreClock) for SystemCoreClock
    spi_lpc17xx.o(.text.SPI_Control) refers to gpio_lpc17xx.o(.text.GPIO_PinWrite) for GPIO_PinWrite
    spi_lpc17xx.o(.text.SPI_Control) refers to pin_lpc17xx.o(.text.PIN_Configure) for PIN_Configure
    spi_lpc17xx.o(.text.SPI_Control) refers to gpio_lpc17xx.o(.text.GPIO_SetDir) for GPIO_SetDir
    spi_lpc17xx.o(.ARM.exidx.text.SPI_Control) refers to spi_lpc17xx.o(.text.SPI_Control) for [Anonymous Symbol]
    spi_lpc17xx.o(.text.SPI_GetStatus) refers to spi_lpc17xx.o(.bss.SPI_Info.1) for SPI_Info.1
    spi_lpc17xx.o(.text.SPI_GetStatus) refers to spi_lpc17xx.o(.bss.SPI_Info.2) for SPI_Info.2
    spi_lpc17xx.o(.text.SPI_GetStatus) refers to spi_lpc17xx.o(.bss.SPI_Info.3) for SPI_Info.3
    spi_lpc17xx.o(.ARM.exidx.text.SPI_GetStatus) refers to spi_lpc17xx.o(.text.SPI_GetStatus) for [Anonymous Symbol]
    spi_lpc17xx.o(.rodata.Driver_SPI2) refers to spi_lpc17xx.o(.text.SPI_GetVersion) for SPI_GetVersion
    spi_lpc17xx.o(.rodata.Driver_SPI2) refers to spi_lpc17xx.o(.text.SPI_GetCapabilities) for SPI_GetCapabilities
    spi_lpc17xx.o(.rodata.Driver_SPI2) refers to spi_lpc17xx.o(.text.SPI_Initialize) for SPI_Initialize
    spi_lpc17xx.o(.rodata.Driver_SPI2) refers to spi_lpc17xx.o(.text.SPI_Uninitialize) for SPI_Uninitialize
    spi_lpc17xx.o(.rodata.Driver_SPI2) refers to spi_lpc17xx.o(.text.SPI_PowerControl) for SPI_PowerControl
    spi_lpc17xx.o(.rodata.Driver_SPI2) refers to spi_lpc17xx.o(.text.SPI_Send) for SPI_Send
    spi_lpc17xx.o(.rodata.Driver_SPI2) refers to spi_lpc17xx.o(.text.SPI_Receive) for SPI_Receive
    spi_lpc17xx.o(.rodata.Driver_SPI2) refers to spi_lpc17xx.o(.text.SPI_Transfer) for SPI_Transfer
    spi_lpc17xx.o(.rodata.Driver_SPI2) refers to spi_lpc17xx.o(.text.SPI_GetDataCount) for SPI_GetDataCount
    spi_lpc17xx.o(.rodata.Driver_SPI2) refers to spi_lpc17xx.o(.text.SPI_Control) for SPI_Control
    spi_lpc17xx.o(.rodata.Driver_SPI2) refers to spi_lpc17xx.o(.text.SPI_GetStatus) for SPI_GetStatus
    uart_lpc17xx.o(.text.USART_SetBaudrate) refers to uart_lpc17xx.o(.rodata.cst16) for .Lswitch.table.USART0_Control
    uart_lpc17xx.o(.text.USART_SetBaudrate) refers to system_lpc17xx.o(.data.SystemCoreClock) for SystemCoreClock
    uart_lpc17xx.o(.text.USART_SetBaudrate) refers to lludivv7m.o(.text) for __aeabi_uldivmod
    uart_lpc17xx.o(.text.USART_SetBaudrate) refers to uart_lpc17xx.o(.rodata.fract_div_lookup_table) for fract_div_lookup_table
    uart_lpc17xx.o(.ARM.exidx.text.USART_SetBaudrate) refers to uart_lpc17xx.o(.text.USART_SetBaudrate) for [Anonymous Symbol]
    uart_lpc17xx.o(.text.UART0_IRQHandler) refers to uart_lpc17xx.o(.bss.USART0_Info) for USART0_Info
    uart_lpc17xx.o(.ARM.exidx.text.UART0_IRQHandler) refers to uart_lpc17xx.o(.text.UART0_IRQHandler) for [Anonymous Symbol]
    uart_lpc17xx.o(.text.USART0_GPDMA_Tx_Event) refers to uart_lpc17xx.o(.bss.USART0_Info) for USART0_Info
    uart_lpc17xx.o(.ARM.exidx.text.USART0_GPDMA_Tx_Event) refers to uart_lpc17xx.o(.text.USART0_GPDMA_Tx_Event) for [Anonymous Symbol]
    uart_lpc17xx.o(.text.USART0_GPDMA_Rx_Event) refers to uart_lpc17xx.o(.bss.USART0_Info) for USART0_Info
    uart_lpc17xx.o(.ARM.exidx.text.USART0_GPDMA_Rx_Event) refers to uart_lpc17xx.o(.text.USART0_GPDMA_Rx_Event) for [Anonymous Symbol]
    uart_lpc17xx.o(.ARM.exidx.text.USARTx_GetVersion) refers to uart_lpc17xx.o(.text.USARTx_GetVersion) for [Anonymous Symbol]
    uart_lpc17xx.o(.ARM.exidx.text.USART0_GetCapabilities) refers to uart_lpc17xx.o(.text.USART0_GetCapabilities) for [Anonymous Symbol]
    uart_lpc17xx.o(.text.USART0_Initialize) refers to uart_lpc17xx.o(.bss.USART0_Info) for USART0_Info
    uart_lpc17xx.o(.text.USART0_Initialize) refers to gpdma_lpc17xx.o(.text.GPDMA_Initialize) for GPDMA_Initialize
    uart_lpc17xx.o(.ARM.exidx.text.USART0_Initialize) refers to uart_lpc17xx.o(.text.USART0_Initialize) for [Anonymous Symbol]
    uart_lpc17xx.o(.text.USART0_Uninitialize) refers to pin_lpc17xx.o(.text.PIN_Configure) for PIN_Configure
    uart_lpc17xx.o(.text.USART0_Uninitialize) refers to gpdma_lpc17xx.o(.text.GPDMA_Uninitialize) for GPDMA_Uninitialize
    uart_lpc17xx.o(.text.USART0_Uninitialize) refers to uart_lpc17xx.o(.bss.USART0_Info) for USART0_Info
    uart_lpc17xx.o(.ARM.exidx.text.USART0_Uninitialize) refers to uart_lpc17xx.o(.text.USART0_Uninitialize) for [Anonymous Symbol]
    uart_lpc17xx.o(.text.USART0_PowerControl) refers to pin_lpc17xx.o(.text.PIN_Configure) for PIN_Configure
    uart_lpc17xx.o(.text.USART0_PowerControl) refers to uart_lpc17xx.o(.bss.USART0_Info) for USART0_Info
    uart_lpc17xx.o(.text.USART0_PowerControl) refers to gpdma_lpc17xx.o(.text.GPDMA_ChannelDisable) for GPDMA_ChannelDisable
    uart_lpc17xx.o(.ARM.exidx.text.USART0_PowerControl) refers to uart_lpc17xx.o(.text.USART0_PowerControl) for [Anonymous Symbol]
    uart_lpc17xx.o(.text.USART0_Send) refers to uart_lpc17xx.o(.text.USART_Send) for USART_Send
    uart_lpc17xx.o(.ARM.exidx.text.USART0_Send) refers to uart_lpc17xx.o(.text.USART0_Send) for [Anonymous Symbol]
    uart_lpc17xx.o(.text.USART0_Receive) refers to uart_lpc17xx.o(.text.USART_Receive) for USART_Receive
    uart_lpc17xx.o(.ARM.exidx.text.USART0_Receive) refers to uart_lpc17xx.o(.text.USART0_Receive) for [Anonymous Symbol]
    uart_lpc17xx.o(.text.USART0_Transfer) refers to uart_lpc17xx.o(.bss.USART0_Info) for USART0_Info
    uart_lpc17xx.o(.text.USART0_Transfer) refers to uart_lpc17xx.o(.text.USART_Receive) for USART_Receive
    uart_lpc17xx.o(.text.USART0_Transfer) refers to uart_lpc17xx.o(.text.USART_Send) for USART_Send
    uart_lpc17xx.o(.ARM.exidx.text.USART0_Transfer) refers to uart_lpc17xx.o(.text.USART0_Transfer) for [Anonymous Symbol]
    uart_lpc17xx.o(.text.USART0_GetTxCount) refers to gpdma_lpc17xx.o(.text.GPDMA_ChannelGetCount) for GPDMA_ChannelGetCount
    uart_lpc17xx.o(.ARM.exidx.text.USART0_GetTxCount) refers to uart_lpc17xx.o(.text.USART0_GetTxCount) for [Anonymous Symbol]
    uart_lpc17xx.o(.text.USART0_GetRxCount) refers to gpdma_lpc17xx.o(.text.GPDMA_ChannelGetCount) for GPDMA_ChannelGetCount
    uart_lpc17xx.o(.ARM.exidx.text.USART0_GetRxCount) refers to uart_lpc17xx.o(.text.USART0_GetRxCount) for [Anonymous Symbol]
    uart_lpc17xx.o(.text.USART0_Control) refers to uart_lpc17xx.o(.bss.USART0_Info) for USART0_Info
    uart_lpc17xx.o(.text.USART0_Control) refers to uart_lpc17xx.o(.rodata.cst16) for .Lswitch.table.USART0_Control
    uart_lpc17xx.o(.text.USART0_Control) refers to system_lpc17xx.o(.data.SystemCoreClock) for SystemCoreClock
    uart_lpc17xx.o(.text.USART0_Control) refers to pin_lpc17xx.o(.text.PIN_Configure) for PIN_Configure
    uart_lpc17xx.o(.text.USART0_Control) refers to gpdma_lpc17xx.o(.text.GPDMA_ChannelDisable) for GPDMA_ChannelDisable
    uart_lpc17xx.o(.text.USART0_Control) refers to uart_lpc17xx.o(.rodata.USART0_Resources) for USART0_Resources
    uart_lpc17xx.o(.text.USART0_Control) refers to uart_lpc17xx.o(.text.USART_SetBaudrate) for USART_SetBaudrate
    uart_lpc17xx.o(.ARM.exidx.text.USART0_Control) refers to uart_lpc17xx.o(.text.USART0_Control) for [Anonymous Symbol]
    uart_lpc17xx.o(.text.USART0_GetStatus) refers to uart_lpc17xx.o(.bss.USART0_Info) for USART0_Info
    uart_lpc17xx.o(.ARM.exidx.text.USART0_GetStatus) refers to uart_lpc17xx.o(.text.USART0_GetStatus) for [Anonymous Symbol]
    uart_lpc17xx.o(.text.USART0_SetModemControl) refers to uart_lpc17xx.o(.bss.USART0_Info) for USART0_Info
    uart_lpc17xx.o(.ARM.exidx.text.USART0_SetModemControl) refers to uart_lpc17xx.o(.text.USART0_SetModemControl) for [Anonymous Symbol]
    uart_lpc17xx.o(.ARM.exidx.text.USART0_GetModemStatus) refers to uart_lpc17xx.o(.text.USART0_GetModemStatus) for [Anonymous Symbol]
    uart_lpc17xx.o(.text.USART_Send) refers to uart_lpc17xx.o(.bss.USART0_Info) for USART0_Info
    uart_lpc17xx.o(.text.USART_Send) refers to uart_lpc17xx.o(.text.USART_Receive) for USART_Receive
    uart_lpc17xx.o(.text.USART_Send) refers to gpdma_lpc17xx.o(.text.GPDMA_PeripheralSelect) for GPDMA_PeripheralSelect
    uart_lpc17xx.o(.text.USART_Send) refers to uart_lpc17xx.o(.text.USART0_GPDMA_Tx_Event) for USART0_GPDMA_Tx_Event
    uart_lpc17xx.o(.text.USART_Send) refers to gpdma_lpc17xx.o(.text.GPDMA_ChannelConfigure) for GPDMA_ChannelConfigure
    uart_lpc17xx.o(.ARM.exidx.text.USART_Send) refers to uart_lpc17xx.o(.text.USART_Send) for [Anonymous Symbol]
    uart_lpc17xx.o(.text.USART_Receive) refers to uart_lpc17xx.o(.bss.USART0_Info) for USART0_Info
    uart_lpc17xx.o(.text.USART_Receive) refers to gpdma_lpc17xx.o(.text.GPDMA_PeripheralSelect) for GPDMA_PeripheralSelect
    uart_lpc17xx.o(.text.USART_Receive) refers to uart_lpc17xx.o(.text.USART0_GPDMA_Rx_Event) for USART0_GPDMA_Rx_Event
    uart_lpc17xx.o(.text.USART_Receive) refers to gpdma_lpc17xx.o(.text.GPDMA_ChannelConfigure) for GPDMA_ChannelConfigure
    uart_lpc17xx.o(.text.USART_Receive) refers to uart_lpc17xx.o(.text.USART_Send) for USART_Send
    uart_lpc17xx.o(.ARM.exidx.text.USART_Receive) refers to uart_lpc17xx.o(.text.USART_Receive) for [Anonymous Symbol]
    uart_lpc17xx.o(.rodata.Driver_USART0) refers to uart_lpc17xx.o(.text.USARTx_GetVersion) for USARTx_GetVersion
    uart_lpc17xx.o(.rodata.Driver_USART0) refers to uart_lpc17xx.o(.text.USART0_GetCapabilities) for USART0_GetCapabilities
    uart_lpc17xx.o(.rodata.Driver_USART0) refers to uart_lpc17xx.o(.text.USART0_Initialize) for USART0_Initialize
    uart_lpc17xx.o(.rodata.Driver_USART0) refers to uart_lpc17xx.o(.text.USART0_Uninitialize) for USART0_Uninitialize
    uart_lpc17xx.o(.rodata.Driver_USART0) refers to uart_lpc17xx.o(.text.USART0_PowerControl) for USART0_PowerControl
    uart_lpc17xx.o(.rodata.Driver_USART0) refers to uart_lpc17xx.o(.text.USART0_Send) for USART0_Send
    uart_lpc17xx.o(.rodata.Driver_USART0) refers to uart_lpc17xx.o(.text.USART0_Receive) for USART0_Receive
    uart_lpc17xx.o(.rodata.Driver_USART0) refers to uart_lpc17xx.o(.text.USART0_Transfer) for USART0_Transfer
    uart_lpc17xx.o(.rodata.Driver_USART0) refers to uart_lpc17xx.o(.text.USART0_GetTxCount) for USART0_GetTxCount
    uart_lpc17xx.o(.rodata.Driver_USART0) refers to uart_lpc17xx.o(.text.USART0_GetRxCount) for USART0_GetRxCount
    uart_lpc17xx.o(.rodata.Driver_USART0) refers to uart_lpc17xx.o(.text.USART0_Control) for USART0_Control
    uart_lpc17xx.o(.rodata.Driver_USART0) refers to uart_lpc17xx.o(.text.USART0_GetStatus) for USART0_GetStatus
    uart_lpc17xx.o(.rodata.Driver_USART0) refers to uart_lpc17xx.o(.text.USART0_SetModemControl) for USART0_SetModemControl
    uart_lpc17xx.o(.rodata.Driver_USART0) refers to uart_lpc17xx.o(.text.USART0_GetModemStatus) for USART0_GetModemStatus
    uart_lpc17xx.o(.rodata.UART0_DMA_Tx) refers to uart_lpc17xx.o(.text.USART0_GPDMA_Tx_Event) for USART0_GPDMA_Tx_Event
    uart_lpc17xx.o(.rodata.UART0_DMA_Rx) refers to uart_lpc17xx.o(.text.USART0_GPDMA_Rx_Event) for USART0_GPDMA_Rx_Event
    uart_lpc17xx.o(.rodata.USART0_Resources) refers to uart_lpc17xx.o(.rodata.USART0_pin_tx) for [Anonymous Symbol]
    uart_lpc17xx.o(.rodata.USART0_Resources) refers to uart_lpc17xx.o(.rodata.USART0_pin_rx) for [Anonymous Symbol]
    uart_lpc17xx.o(.rodata.USART0_Resources) refers to uart_lpc17xx.o(.rodata.UART0_DMA_Tx) for [Anonymous Symbol]
    uart_lpc17xx.o(.rodata.USART0_Resources) refers to uart_lpc17xx.o(.rodata.UART0_DMA_Rx) for [Anonymous Symbol]
    uart_lpc17xx.o(.rodata.USART0_Resources) refers to uart_lpc17xx.o(.bss.USART0_Info) for [Anonymous Symbol]
    gpdma_lpc17xx.o(.text.GPDMA_Initialize) refers to gpdma_lpc17xx.o(.bss.Init_cnt) for Init_cnt
    gpdma_lpc17xx.o(.text.GPDMA_Initialize) refers to gpdma_lpc17xx.o(.bss.Channel_info) for Channel_info
    gpdma_lpc17xx.o(.ARM.exidx.text.GPDMA_Initialize) refers to gpdma_lpc17xx.o(.text.GPDMA_Initialize) for [Anonymous Symbol]
    gpdma_lpc17xx.o(.text.GPDMA_Uninitialize) refers to gpdma_lpc17xx.o(.bss.Init_cnt) for Init_cnt
    gpdma_lpc17xx.o(.ARM.exidx.text.GPDMA_Uninitialize) refers to gpdma_lpc17xx.o(.text.GPDMA_Uninitialize) for [Anonymous Symbol]
    gpdma_lpc17xx.o(.ARM.exidx.text.GPDMA_PeripheralSelect) refers to gpdma_lpc17xx.o(.text.GPDMA_PeripheralSelect) for [Anonymous Symbol]
    gpdma_lpc17xx.o(.text.GPDMA_ChannelConfigure) refers to gpdma_lpc17xx.o(.bss.Channel_active) for Channel_active
    gpdma_lpc17xx.o(.text.GPDMA_ChannelConfigure) refers to gpdma_lpc17xx.o(.bss.Channel_info) for Channel_info
    gpdma_lpc17xx.o(.ARM.exidx.text.GPDMA_ChannelConfigure) refers to gpdma_lpc17xx.o(.text.GPDMA_ChannelConfigure) for [Anonymous Symbol]
    gpdma_lpc17xx.o(.text.GPDMA_ChannelEnable) refers to gpdma_lpc17xx.o(.bss.Channel_active) for Channel_active
    gpdma_lpc17xx.o(.ARM.exidx.text.GPDMA_ChannelEnable) refers to gpdma_lpc17xx.o(.text.GPDMA_ChannelEnable) for [Anonymous Symbol]
    gpdma_lpc17xx.o(.text.GPDMA_ChannelDisable) refers to gpdma_lpc17xx.o(.bss.Channel_active) for Channel_active
    gpdma_lpc17xx.o(.ARM.exidx.text.GPDMA_ChannelDisable) refers to gpdma_lpc17xx.o(.text.GPDMA_ChannelDisable) for [Anonymous Symbol]
    gpdma_lpc17xx.o(.text.GPDMA_ChannelGetStatus) refers to gpdma_lpc17xx.o(.bss.Channel_active) for Channel_active
    gpdma_lpc17xx.o(.ARM.exidx.text.GPDMA_ChannelGetStatus) refers to gpdma_lpc17xx.o(.text.GPDMA_ChannelGetStatus) for [Anonymous Symbol]
    gpdma_lpc17xx.o(.text.GPDMA_ChannelGetCount) refers to gpdma_lpc17xx.o(.bss.Channel_info) for Channel_info
    gpdma_lpc17xx.o(.ARM.exidx.text.GPDMA_ChannelGetCount) refers to gpdma_lpc17xx.o(.text.GPDMA_ChannelGetCount) for [Anonymous Symbol]
    gpdma_lpc17xx.o(.text.DMA_IRQHandler) refers to gpdma_lpc17xx.o(.bss.Channel_active) for Channel_active
    gpdma_lpc17xx.o(.text.DMA_IRQHandler) refers to gpdma_lpc17xx.o(.bss.Channel_info) for Channel_info
    gpdma_lpc17xx.o(.ARM.exidx.text.DMA_IRQHandler) refers to gpdma_lpc17xx.o(.text.DMA_IRQHandler) for [Anonymous Symbol]
    gpio_lpc17xx.o(.ARM.exidx.text.GPIO_PortClock) refers to gpio_lpc17xx.o(.text.GPIO_PortClock) for [Anonymous Symbol]
    gpio_lpc17xx.o(.ARM.exidx.text.GPIO_SetDir) refers to gpio_lpc17xx.o(.text.GPIO_SetDir) for [Anonymous Symbol]
    gpio_lpc17xx.o(.ARM.exidx.text.GPIO_PinWrite) refers to gpio_lpc17xx.o(.text.GPIO_PinWrite) for [Anonymous Symbol]
    gpio_lpc17xx.o(.ARM.exidx.text.GPIO_PinRead) refers to gpio_lpc17xx.o(.text.GPIO_PinRead) for [Anonymous Symbol]
    gpio_lpc17xx.o(.ARM.exidx.text.GPIO_PortWrite) refers to gpio_lpc17xx.o(.text.GPIO_PortWrite) for [Anonymous Symbol]
    gpio_lpc17xx.o(.ARM.exidx.text.GPIO_PortRead) refers to gpio_lpc17xx.o(.text.GPIO_PortRead) for [Anonymous Symbol]
    pin_lpc17xx.o(.ARM.exidx.text.PIN_Configure) refers to pin_lpc17xx.o(.text.PIN_Configure) for [Anonymous Symbol]
    pin_lpc17xx.o(.ARM.exidx.text.PIN_ConfigureTPIU) refers to pin_lpc17xx.o(.text.PIN_ConfigureTPIU) for [Anonymous Symbol]
    pin_lpc17xx.o(.ARM.exidx.text.PIN_ConfigureI2C0Pins) refers to pin_lpc17xx.o(.text.PIN_ConfigureI2C0Pins) for [Anonymous Symbol]
    startup_lpc17xx.o(STACK) refers (Special) to heapauxi.o(.text) for __use_two_region_memory
    startup_lpc17xx.o(HEAP) refers (Special) to heapauxi.o(.text) for __use_two_region_memory
    startup_lpc17xx.o(RESET) refers (Special) to heapauxi.o(.text) for __use_two_region_memory
    startup_lpc17xx.o(RESET) refers to startup_lpc17xx.o(STACK) for __initial_sp
    startup_lpc17xx.o(RESET) refers to startup_lpc17xx.o(.text) for Reset_Handler
    startup_lpc17xx.o(RESET) refers to main.o(.text.SysTick_Handler) for SysTick_Handler
    startup_lpc17xx.o(RESET) refers to uart_lpc17xx.o(.text.UART0_IRQHandler) for UART0_IRQHandler
    startup_lpc17xx.o(RESET) refers to spi_lpc17xx.o(.text.SPI_IRQHandler) for SPI_IRQHandler
    startup_lpc17xx.o(RESET) refers to main.o(.text.RTC_IRQHandler) for RTC_IRQHandler
    startup_lpc17xx.o(RESET) refers to gpdma_lpc17xx.o(.text.DMA_IRQHandler) for DMA_IRQHandler
    startup_lpc17xx.o(.ARM.__at_0x02FC) refers (Special) to heapauxi.o(.text) for __use_two_region_memory
    startup_lpc17xx.o(.text) refers (Special) to heapauxi.o(.text) for __use_two_region_memory
    startup_lpc17xx.o(.text) refers to system_lpc17xx.o(.text.SystemInit) for SystemInit
    startup_lpc17xx.o(.text) refers to __main.o(!!!main) for __main
    startup_lpc17xx.o(.text) refers to startup_lpc17xx.o(HEAP) for Heap_Mem
    startup_lpc17xx.o(.text) refers to startup_lpc17xx.o(STACK) for Stack_Mem
    system_lpc17xx.o(.text.SystemCoreClockUpdate) refers to lludivv7m.o(.text) for __aeabi_uldivmod
    system_lpc17xx.o(.text.SystemCoreClockUpdate) refers to system_lpc17xx.o(.data.SystemCoreClock) for SystemCoreClock
    system_lpc17xx.o(.ARM.exidx.text.SystemCoreClockUpdate) refers to system_lpc17xx.o(.text.SystemCoreClockUpdate) for [Anonymous Symbol]
    system_lpc17xx.o(.ARM.exidx.text.SystemInit) refers to system_lpc17xx.o(.text.SystemInit) for [Anonymous Symbol]
    __main.o(!!!main) refers to __rtentry.o(.ARM.Collect$$rtentry$$00000000) for __rt_entry
    __rtentry.o(.ARM.Collect$$rtentry$$00000000) refers (Special) to __rtentry2.o(.ARM.Collect$$rtentry$$0000000A) for __rt_entry_li
    __rtentry.o(.ARM.Collect$$rtentry$$00000000) refers (Special) to __rtentry2.o(.ARM.Collect$$rtentry$$0000000D) for __rt_entry_main
    __rtentry.o(.ARM.Collect$$rtentry$$00000000) refers (Special) to __rtentry2.o(.ARM.Collect$$rtentry$$0000000C) for __rt_entry_postli_1
    __rtentry.o(.ARM.Collect$$rtentry$$00000000) refers (Special) to __rtentry2.o(.ARM.Collect$$rtentry$$00000009) for __rt_entry_postsh_1
    __rtentry.o(.ARM.Collect$$rtentry$$00000000) refers (Special) to __rtentry2.o(.ARM.Collect$$rtentry$$00000002) for __rt_entry_presh_1
    __rtentry.o(.ARM.Collect$$rtentry$$00000000) refers (Special) to __rtentry4.o(.ARM.Collect$$rtentry$$00000004) for __rt_entry_sh
    aeabi_ldiv0_sigfpe.o(.text) refers to rt_div0.o(.text) for __rt_div0
    __rtentry2.o(.ARM.Collect$$rtentry$$00000008) refers to boardinit2.o(.text) for _platform_post_stackheap_init
    __rtentry2.o(.ARM.Collect$$rtentry$$0000000A) refers to libinit.o(.ARM.Collect$$libinit$$00000000) for __rt_lib_init
    __rtentry2.o(.ARM.Collect$$rtentry$$0000000B) refers to boardinit3.o(.text) for _platform_post_lib_init
    __rtentry2.o(.ARM.Collect$$rtentry$$0000000D) refers to main.o(.text.main) for main
    __rtentry2.o(.ARM.Collect$$rtentry$$0000000D) refers to exit.o(.text) for exit
    __rtentry2.o(.ARM.exidx) refers to __rtentry2.o(.ARM.Collect$$rtentry$$00000001) for .ARM.Collect$$rtentry$$00000001
    __rtentry2.o(.ARM.exidx) refers to __rtentry2.o(.ARM.Collect$$rtentry$$00000008) for .ARM.Collect$$rtentry$$00000008
    __rtentry2.o(.ARM.exidx) refers to __rtentry2.o(.ARM.Collect$$rtentry$$0000000A) for .ARM.Collect$$rtentry$$0000000A
    __rtentry2.o(.ARM.exidx) refers to __rtentry2.o(.ARM.Collect$$rtentry$$0000000B) for .ARM.Collect$$rtentry$$0000000B
    __rtentry2.o(.ARM.exidx) refers to __rtentry2.o(.ARM.Collect$$rtentry$$0000000D) for .ARM.Collect$$rtentry$$0000000D
    __rtentry4.o(.ARM.Collect$$rtentry$$00000004) refers to sys_stackheap_outer.o(.text) for __user_setup_stackheap
    __rtentry4.o(.ARM.exidx) refers to __rtentry4.o(.ARM.Collect$$rtentry$$00000004) for .ARM.Collect$$rtentry$$00000004
    rt_div0.o(.text) refers to defsig_fpe_outer.o(.text) for __rt_SIGFPE
    sys_stackheap_outer.o(.text) refers to libspace.o(.text) for __user_perproc_libspace
    sys_stackheap_outer.o(.text) refers to startup_lpc17xx.o(.text) for __user_initial_stackheap
    exit.o(.text) refers to rtexit.o(.ARM.Collect$$rtexit$$00000000) for __rt_exit
    defsig_fpe_outer.o(.text) refers to defsig_fpe_inner.o(.text) for __rt_SIGFPE_inner
    defsig_fpe_outer.o(.text) refers to defsig_exit.o(.text) for __sig_exit
    defsig_fpe_formal.o(.text) refers to rt_raise.o(.text) for __rt_raise
    libinit.o(.ARM.Collect$$libinit$$00000000) refers (Special) to libinit2.o(.ARM.Collect$$libinit$$00000030) for __rt_lib_init_alloca_1
    libinit.o(.ARM.Collect$$libinit$$00000000) refers (Special) to libinit2.o(.ARM.Collect$$libinit$$0000002E) for __rt_lib_init_argv_1
    libinit.o(.ARM.Collect$$libinit$$00000000) refers (Special) to libinit2.o(.ARM.Collect$$libinit$$0000001D) for __rt_lib_init_atexit_1
    libinit.o(.ARM.Collect$$libinit$$00000000) refers (Special) to libinit2.o(.ARM.Collect$$libinit$$00000023) for __rt_lib_init_clock_1
    libinit.o(.ARM.Collect$$libinit$$00000000) refers (Special) to libinit2.o(.ARM.Collect$$libinit$$00000034) for __rt_lib_init_cpp_1
    libinit.o(.ARM.Collect$$libinit$$00000000) refers (Special) to libinit2.o(.ARM.Collect$$libinit$$00000032) for __rt_lib_init_exceptions_1
    libinit.o(.ARM.Collect$$libinit$$00000000) refers (Special) to libinit2.o(.ARM.Collect$$libinit$$00000002) for __rt_lib_init_fp_1
    libinit.o(.ARM.Collect$$libinit$$00000000) refers (Special) to libinit2.o(.ARM.Collect$$libinit$$00000021) for __rt_lib_init_fp_trap_1
    libinit.o(.ARM.Collect$$libinit$$00000000) refers (Special) to libinit2.o(.ARM.Collect$$libinit$$00000025) for __rt_lib_init_getenv_1
    libinit.o(.ARM.Collect$$libinit$$00000000) refers (Special) to libinit2.o(.ARM.Collect$$libinit$$0000000C) for __rt_lib_init_heap_1
    libinit.o(.ARM.Collect$$libinit$$00000000) refers (Special) to libinit2.o(.ARM.Collect$$libinit$$00000013) for __rt_lib_init_lc_collate_1
    libinit.o(.ARM.Collect$$libinit$$00000000) refers (Special) to libinit2.o(.ARM.Collect$$libinit$$00000015) for __rt_lib_init_lc_ctype_1
    libinit.o(.ARM.Collect$$libinit$$00000000) refers (Special) to libinit2.o(.ARM.Collect$$libinit$$00000017) for __rt_lib_init_lc_monetary_1
    libinit.o(.ARM.Collect$$libinit$$00000000) refers (Special) to libinit2.o(.ARM.Collect$$libinit$$00000019) for __rt_lib_init_lc_numeric_1
    libinit.o(.ARM.Collect$$libinit$$00000000) refers (Special) to libinit2.o(.ARM.Collect$$libinit$$0000001B) for __rt_lib_init_lc_time_1
    libinit.o(.ARM.Collect$$libinit$$00000000) refers (Special) to libinit2.o(.ARM.Collect$$libinit$$00000006) for __rt_lib_init_preinit_1
    libinit.o(.ARM.Collect$$libinit$$00000000) refers (Special) to libinit2.o(.ARM.Collect$$libinit$$00000010) for __rt_lib_init_rand_1
    libinit.o(.ARM.Collect$$libinit$$00000000) refers (Special) to libinit2.o(.ARM.Collect$$libinit$$00000004) for __rt_lib_init_relocate_pie_1
    libinit.o(.ARM.Collect$$libinit$$00000000) refers (Special) to libinit2.o(.ARM.Collect$$libinit$$00000035) for __rt_lib_init_return
    libinit.o(.ARM.Collect$$libinit$$00000000) refers (Special) to libinit2.o(.ARM.Collect$$libinit$$0000001F) for __rt_lib_init_signal_1
    libinit.o(.ARM.Collect$$libinit$$00000000) refers (Special) to libinit2.o(.ARM.Collect$$libinit$$00000027) for __rt_lib_init_stdio_1
    libinit.o(.ARM.Collect$$libinit$$00000000) refers (Special) to libinit2.o(.ARM.Collect$$libinit$$0000000E) for __rt_lib_init_user_alloc_1
    libspace.o(.text) refers to libspace.o(.bss) for __libspace_start
    rtexit.o(.ARM.Collect$$rtexit$$00000000) refers (Special) to rtexit2.o(.ARM.Collect$$rtexit$$00000004) for __rt_exit_exit
    rtexit.o(.ARM.Collect$$rtexit$$00000000) refers (Special) to rtexit2.o(.ARM.Collect$$rtexit$$00000003) for __rt_exit_ls
    rtexit.o(.ARM.Collect$$rtexit$$00000000) refers (Special) to rtexit2.o(.ARM.Collect$$rtexit$$00000002) for __rt_exit_prels_1
    rtexit.o(.ARM.exidx) refers (Special) to rtexit2.o(.ARM.Collect$$rtexit$$00000004) for __rt_exit_exit
    rtexit.o(.ARM.exidx) refers (Special) to rtexit2.o(.ARM.Collect$$rtexit$$00000003) for __rt_exit_ls
    rtexit.o(.ARM.exidx) refers (Special) to rtexit2.o(.ARM.Collect$$rtexit$$00000002) for __rt_exit_prels_1
    rtexit.o(.ARM.exidx) refers to rtexit.o(.ARM.Collect$$rtexit$$00000000) for .ARM.Collect$$rtexit$$00000000
    rt_raise.o(.text) refers to __raise.o(.text) for __raise
    rt_raise.o(.text) refers to sys_exit.o(.text) for _sys_exit
    defsig_exit.o(.text) refers to sys_exit.o(.text) for _sys_exit
    defsig_fpe_inner.o(.text) refers to defsig_general.o(.text) for __default_signal_display
    libinit2.o(.ARM.Collect$$libinit$$00000012) refers to libinit2.o(.ARM.Collect$$libinit$$00000011) for .ARM.Collect$$libinit$$00000011
    libinit2.o(.ARM.Collect$$libinit$$00000014) refers to libinit2.o(.ARM.Collect$$libinit$$00000011) for .ARM.Collect$$libinit$$00000011
    libinit2.o(.ARM.Collect$$libinit$$00000016) refers to libinit2.o(.ARM.Collect$$libinit$$00000011) for .ARM.Collect$$libinit$$00000011
    libinit2.o(.ARM.Collect$$libinit$$00000018) refers to libinit2.o(.ARM.Collect$$libinit$$00000011) for .ARM.Collect$$libinit$$00000011
    libinit2.o(.ARM.Collect$$libinit$$0000001A) refers to libinit2.o(.ARM.Collect$$libinit$$00000011) for .ARM.Collect$$libinit$$00000011
    libinit2.o(.ARM.Collect$$libinit$$00000028) refers to argv_veneer.o(.emb_text) for __ARM_argv_veneer
    libinit2.o(.ARM.Collect$$libinit$$00000029) refers to argv_veneer.o(.emb_text) for __ARM_argv_veneer
    sys_exit.o(.text) refers (Special) to use_no_semi.o(.text) for __I$use$semihosting
    sys_exit.o(.text) refers (Special) to indicate_semi.o(.text) for __semihosting_library_function
    sys_exit_hlt.o(.text) refers (Special) to use_no_semi.o(.text) for __I$use$semihosting
    sys_exit_hlt.o(.text) refers (Special) to indicate_semi.o(.text) for __semihosting_library_function
    rtexit2.o(.ARM.Collect$$rtexit$$00000003) refers to libshutdown.o(.ARM.Collect$$libshutdown$$00000000) for __rt_lib_shutdown
    rtexit2.o(.ARM.Collect$$rtexit$$00000004) refers to sys_exit.o(.text) for _sys_exit
    rtexit2.o(.ARM.exidx) refers to rtexit2.o(.ARM.Collect$$rtexit$$00000001) for .ARM.Collect$$rtexit$$00000001
    rtexit2.o(.ARM.exidx) refers to rtexit2.o(.ARM.Collect$$rtexit$$00000003) for .ARM.Collect$$rtexit$$00000003
    rtexit2.o(.ARM.exidx) refers to rtexit2.o(.ARM.Collect$$rtexit$$00000004) for .ARM.Collect$$rtexit$$00000004
    __raise.o(.text) refers to defsig.o(CL$$defsig) for __default_signal_handler
    defsig_general.o(.text) refers to sys_wrch.o(.text) for _ttywrch
    argv_veneer.o(.emb_text) refers to no_argv.o(.text) for __ARM_get_argv
    sys_wrch.o(.text) refers (Special) to use_no_semi.o(.text) for __I$use$semihosting
    sys_wrch.o(.text) refers (Special) to indicate_semi.o(.text) for __semihosting_library_function
    sys_wrch_hlt.o(.text) refers (Special) to use_no_semi.o(.text) for __I$use$semihosting
    sys_wrch_hlt.o(.text) refers (Special) to indicate_semi.o(.text) for __semihosting_library_function
    defsig.o(CL$$defsig) refers to defsig_fpe_inner.o(.text) for __rt_SIGFPE_inner
    defsig.o(CL$$defsig) refers to defsig_rtmem_inner.o(.text) for __rt_SIGRTMEM_inner
    _get_argv_nomalloc.o(.text) refers (Special) to hrguard.o(.text) for __heap_region$guard
    _get_argv_nomalloc.o(.text) refers to defsig_rtmem_outer.o(.text) for __rt_SIGRTMEM
    _get_argv_nomalloc.o(.text) refers to sys_command.o(.text) for _sys_command_string
    libshutdown.o(.ARM.Collect$$libshutdown$$00000000) refers (Special) to libshutdown2.o(.ARM.Collect$$libshutdown$$00000002) for __rt_lib_shutdown_cpp_1
    libshutdown.o(.ARM.Collect$$libshutdown$$00000000) refers (Special) to libshutdown2.o(.ARM.Collect$$libshutdown$$00000007) for __rt_lib_shutdown_fp_trap_1
    libshutdown.o(.ARM.Collect$$libshutdown$$00000000) refers (Special) to libshutdown2.o(.ARM.Collect$$libshutdown$$0000000F) for __rt_lib_shutdown_heap_1
    libshutdown.o(.ARM.Collect$$libshutdown$$00000000) refers (Special) to libshutdown2.o(.ARM.Collect$$libshutdown$$00000010) for __rt_lib_shutdown_return
    libshutdown.o(.ARM.Collect$$libshutdown$$00000000) refers (Special) to libshutdown2.o(.ARM.Collect$$libshutdown$$0000000A) for __rt_lib_shutdown_signal_1
    libshutdown.o(.ARM.Collect$$libshutdown$$00000000) refers (Special) to libshutdown2.o(.ARM.Collect$$libshutdown$$00000004) for __rt_lib_shutdown_stdio_1
    libshutdown.o(.ARM.Collect$$libshutdown$$00000000) refers (Special) to libshutdown2.o(.ARM.Collect$$libshutdown$$0000000C) for __rt_lib_shutdown_user_alloc_1
    sys_command.o(.text) refers (Special) to use_no_semi.o(.text) for __I$use$semihosting
    sys_command.o(.text) refers (Special) to indicate_semi.o(.text) for __semihosting_library_function
    sys_command_hlt.o(.text) refers (Special) to use_no_semi.o(.text) for __I$use$semihosting
    sys_command_hlt.o(.text) refers (Special) to indicate_semi.o(.text) for __semihosting_library_function
    defsig_abrt_inner.o(.text) refers to defsig_general.o(.text) for __default_signal_display
    defsig_rtred_inner.o(.text) refers to defsig_general.o(.text) for __default_signal_display
    defsig_rtmem_inner.o(.text) refers to defsig_general.o(.text) for __default_signal_display
    defsig_rtmem_outer.o(.text) refers to defsig_rtmem_inner.o(.text) for __rt_SIGRTMEM_inner
    defsig_rtmem_outer.o(.text) refers to defsig_exit.o(.text) for __sig_exit
    defsig_rtmem_formal.o(.text) refers to rt_raise.o(.text) for __rt_raise
    defsig_stak_inner.o(.text) refers to defsig_general.o(.text) for __default_signal_display
    defsig_pvfn_inner.o(.text) refers to defsig_general.o(.text) for __default_signal_display
    defsig_cppl_inner.o(.text) refers to defsig_general.o(.text) for __default_signal_display
    defsig_segv_inner.o(.text) refers to defsig_general.o(.text) for __default_signal_display
    defsig_other.o(.text) refers to defsig_general.o(.text) for __default_signal_display


==============================================================================

Removing Unused input sections from the image.

    Removing main.o(.text), (0 bytes).
    Removing main.o(.text.SPI_Configuration), (62 bytes).
    Removing main.o(.ARM.exidx.text.SPI_Configuration), (8 bytes).
    Removing main.o(.text.SPI_Send), (64 bytes).
    Removing main.o(.ARM.exidx.text.SPI_Send), (8 bytes).
    Removing main.o(.text.USART_Configuration), (70 bytes).
    Removing main.o(.ARM.exidx.text.USART_Configuration), (8 bytes).
    Removing main.o(.text.tempPrint), (54 bytes).
    Removing main.o(.ARM.exidx.text.tempPrint), (8 bytes).
    Removing main.o(.text.RTC_Configuration), (32 bytes).
    Removing main.o(.ARM.exidx.text.RTC_Configuration), (8 bytes).
    Removing main.o(.ARM.exidx.text.RTC_IRQHandler), (8 bytes).
    Removing main.o(.text.delay), (20 bytes).
    Removing main.o(.ARM.exidx.text.delay), (8 bytes).
    Removing main.o(.ARM.exidx.text.SysTick_Handler), (8 bytes).
    Removing main.o(.text.OLED_reset), (72 bytes).
    Removing main.o(.ARM.exidx.text.OLED_reset), (8 bytes).
    Removing main.o(.ARM.exidx.text.OLED_init), (8 bytes).
    Removing main.o(.text.OLED_writeReg), (80 bytes).
    Removing main.o(.ARM.exidx.text.OLED_writeReg), (8 bytes).
    Removing main.o(.text.OLED_display_pointer), (328 bytes).
    Removing main.o(.ARM.exidx.text.OLED_display_pointer), (8 bytes).
    Removing main.o(.text.OLED_writeData), (80 bytes).
    Removing main.o(.ARM.exidx.text.OLED_writeData), (8 bytes).
    Removing main.o(.ARM.exidx.text.OLED_display), (8 bytes).
    Removing main.o(.ARM.exidx.text.OLED_initRegisters), (8 bytes).
    Removing main.o(.ARM.exidx.text.main), (8 bytes).
    Removing main.o(.ARM.use_no_argv), (4 bytes).
    Removing buttons_open1768.o(.text), (0 bytes).
    Removing buttons_open1768.o(.text.Buttons_Initialize), (78 bytes).
    Removing buttons_open1768.o(.ARM.exidx.text.Buttons_Initialize), (8 bytes).
    Removing buttons_open1768.o(.text.Buttons_Uninitialize), (48 bytes).
    Removing buttons_open1768.o(.ARM.exidx.text.Buttons_Uninitialize), (8 bytes).
    Removing buttons_open1768.o(.text.Buttons_GetState), (58 bytes).
    Removing buttons_open1768.o(.ARM.exidx.text.Buttons_GetState), (8 bytes).
    Removing buttons_open1768.o(.text.Buttons_GetCount), (4 bytes).
    Removing buttons_open1768.o(.ARM.exidx.text.Buttons_GetCount), (8 bytes).
    Removing buttons_open1768.o(.rodata.cst4), (4 bytes).
    Removing spi_lpc17xx.o(.text), (0 bytes).
    Removing spi_lpc17xx.o(.ARM.exidx.text.SPI_IRQHandler), (8 bytes).
    Removing spi_lpc17xx.o(.ARM.exidx.text.SPI_GetVersion), (8 bytes).
    Removing spi_lpc17xx.o(.ARM.exidx.text.SPI_GetCapabilities), (8 bytes).
    Removing spi_lpc17xx.o(.ARM.exidx.text.SPI_Initialize), (8 bytes).
    Removing spi_lpc17xx.o(.ARM.exidx.text.SPI_Uninitialize), (8 bytes).
    Removing spi_lpc17xx.o(.ARM.exidx.text.SPI_PowerControl), (8 bytes).
    Removing spi_lpc17xx.o(.ARM.exidx.text.SPI_Send), (8 bytes).
    Removing spi_lpc17xx.o(.ARM.exidx.text.SPI_Receive), (8 bytes).
    Removing spi_lpc17xx.o(.ARM.exidx.text.SPI_Transfer), (8 bytes).
    Removing spi_lpc17xx.o(.ARM.exidx.text.SPI_GetDataCount), (8 bytes).
    Removing spi_lpc17xx.o(.ARM.exidx.text.SPI_Control), (8 bytes).
    Removing spi_lpc17xx.o(.ARM.exidx.text.SPI_GetStatus), (8 bytes).
    Removing uart_lpc17xx.o(.text), (0 bytes).
    Removing uart_lpc17xx.o(.text.USART_SetBaudrate), (288 bytes).
    Removing uart_lpc17xx.o(.ARM.exidx.text.USART_SetBaudrate), (8 bytes).
    Removing uart_lpc17xx.o(.ARM.exidx.text.UART0_IRQHandler), (8 bytes).
    Removing uart_lpc17xx.o(.text.USART0_GPDMA_Tx_Event), (48 bytes).
    Removing uart_lpc17xx.o(.ARM.exidx.text.USART0_GPDMA_Tx_Event), (8 bytes).
    Removing uart_lpc17xx.o(.text.USART0_GPDMA_Rx_Event), (82 bytes).
    Removing uart_lpc17xx.o(.ARM.exidx.text.USART0_GPDMA_Rx_Event), (8 bytes).
    Removing uart_lpc17xx.o(.text.USARTx_GetVersion), (10 bytes).
    Removing uart_lpc17xx.o(.ARM.exidx.text.USARTx_GetVersion), (8 bytes).
    Removing uart_lpc17xx.o(.text.USART0_GetCapabilities), (4 bytes).
    Removing uart_lpc17xx.o(.ARM.exidx.text.USART0_GetCapabilities), (8 bytes).
    Removing uart_lpc17xx.o(.text.USART0_Initialize), (48 bytes).
    Removing uart_lpc17xx.o(.ARM.exidx.text.USART0_Initialize), (8 bytes).
    Removing uart_lpc17xx.o(.text.USART0_Uninitialize), (56 bytes).
    Removing uart_lpc17xx.o(.ARM.exidx.text.USART0_Uninitialize), (8 bytes).
    Removing uart_lpc17xx.o(.text.USART0_PowerControl), (366 bytes).
    Removing uart_lpc17xx.o(.ARM.exidx.text.USART0_PowerControl), (8 bytes).
    Removing uart_lpc17xx.o(.text.USART0_Send), (4 bytes).
    Removing uart_lpc17xx.o(.ARM.exidx.text.USART0_Send), (8 bytes).
    Removing uart_lpc17xx.o(.text.USART0_Receive), (4 bytes).
    Removing uart_lpc17xx.o(.ARM.exidx.text.USART0_Receive), (8 bytes).
    Removing uart_lpc17xx.o(.text.USART0_Transfer), (90 bytes).
    Removing uart_lpc17xx.o(.ARM.exidx.text.USART0_Transfer), (8 bytes).
    Removing uart_lpc17xx.o(.text.USART0_GetTxCount), (6 bytes).
    Removing uart_lpc17xx.o(.ARM.exidx.text.USART0_GetTxCount), (8 bytes).
    Removing uart_lpc17xx.o(.text.USART0_GetRxCount), (6 bytes).
    Removing uart_lpc17xx.o(.ARM.exidx.text.USART0_GetRxCount), (8 bytes).
    Removing uart_lpc17xx.o(.text.USART0_Control), (1088 bytes).
    Removing uart_lpc17xx.o(.ARM.exidx.text.USART0_Control), (8 bytes).
    Removing uart_lpc17xx.o(.text.USART0_GetStatus), (82 bytes).
    Removing uart_lpc17xx.o(.ARM.exidx.text.USART0_GetStatus), (8 bytes).
    Removing uart_lpc17xx.o(.text.USART0_SetModemControl), (26 bytes).
    Removing uart_lpc17xx.o(.ARM.exidx.text.USART0_SetModemControl), (8 bytes).
    Removing uart_lpc17xx.o(.text.USART0_GetModemStatus), (4 bytes).
    Removing uart_lpc17xx.o(.ARM.exidx.text.USART0_GetModemStatus), (8 bytes).
    Removing uart_lpc17xx.o(.text.USART_Send), (178 bytes).
    Removing uart_lpc17xx.o(.ARM.exidx.text.USART_Send), (8 bytes).
    Removing uart_lpc17xx.o(.text.USART_Receive), (206 bytes).
    Removing uart_lpc17xx.o(.ARM.exidx.text.USART_Receive), (8 bytes).
    Removing uart_lpc17xx.o(.rodata.fract_div_lookup_table), (288 bytes).
    Removing uart_lpc17xx.o(.rodata.Driver_USART0), (56 bytes).
    Removing uart_lpc17xx.o(.rodata.USART0_pin_tx), (2 bytes).
    Removing uart_lpc17xx.o(.rodata.USART0_pin_rx), (2 bytes).
    Removing uart_lpc17xx.o(.rodata.UART0_DMA_Tx), (8 bytes).
    Removing uart_lpc17xx.o(.rodata.UART0_DMA_Rx), (8 bytes).
    Removing uart_lpc17xx.o(.rodata.USART0_Resources), (100 bytes).
    Removing uart_lpc17xx.o(.rodata.cst16), (16 bytes).
    Removing gpdma_lpc17xx.o(.text), (0 bytes).
    Removing gpdma_lpc17xx.o(.text.GPDMA_Initialize), (110 bytes).
    Removing gpdma_lpc17xx.o(.ARM.exidx.text.GPDMA_Initialize), (8 bytes).
    Removing gpdma_lpc17xx.o(.text.GPDMA_Uninitialize), (76 bytes).
    Removing gpdma_lpc17xx.o(.ARM.exidx.text.GPDMA_Uninitialize), (8 bytes).
    Removing gpdma_lpc17xx.o(.text.GPDMA_PeripheralSelect), (58 bytes).
    Removing gpdma_lpc17xx.o(.ARM.exidx.text.GPDMA_PeripheralSelect), (8 bytes).
    Removing gpdma_lpc17xx.o(.text.GPDMA_ChannelConfigure), (248 bytes).
    Removing gpdma_lpc17xx.o(.ARM.exidx.text.GPDMA_ChannelConfigure), (8 bytes).
    Removing gpdma_lpc17xx.o(.text.GPDMA_ChannelEnable), (80 bytes).
    Removing gpdma_lpc17xx.o(.ARM.exidx.text.GPDMA_ChannelEnable), (8 bytes).
    Removing gpdma_lpc17xx.o(.text.GPDMA_ChannelDisable), (66 bytes).
    Removing gpdma_lpc17xx.o(.ARM.exidx.text.GPDMA_ChannelDisable), (8 bytes).
    Removing gpdma_lpc17xx.o(.text.GPDMA_ChannelGetStatus), (28 bytes).
    Removing gpdma_lpc17xx.o(.ARM.exidx.text.GPDMA_ChannelGetStatus), (8 bytes).
    Removing gpdma_lpc17xx.o(.text.GPDMA_ChannelGetCount), (46 bytes).
    Removing gpdma_lpc17xx.o(.ARM.exidx.text.GPDMA_ChannelGetCount), (8 bytes).
    Removing gpdma_lpc17xx.o(.ARM.exidx.text.DMA_IRQHandler), (8 bytes).
    Removing gpdma_lpc17xx.o(.bss.Init_cnt), (4 bytes).
    Removing gpio_lpc17xx.o(.text), (0 bytes).
    Removing gpio_lpc17xx.o(.text.GPIO_PortClock), (26 bytes).
    Removing gpio_lpc17xx.o(.ARM.exidx.text.GPIO_PortClock), (8 bytes).
    Removing gpio_lpc17xx.o(.ARM.exidx.text.GPIO_SetDir), (8 bytes).
    Removing gpio_lpc17xx.o(.ARM.exidx.text.GPIO_PinWrite), (8 bytes).
    Removing gpio_lpc17xx.o(.text.GPIO_PinRead), (20 bytes).
    Removing gpio_lpc17xx.o(.ARM.exidx.text.GPIO_PinRead), (8 bytes).
    Removing gpio_lpc17xx.o(.text.GPIO_PortWrite), (20 bytes).
    Removing gpio_lpc17xx.o(.ARM.exidx.text.GPIO_PortWrite), (8 bytes).
    Removing gpio_lpc17xx.o(.text.GPIO_PortRead), (14 bytes).
    Removing gpio_lpc17xx.o(.ARM.exidx.text.GPIO_PortRead), (8 bytes).
    Removing pin_lpc17xx.o(.text), (0 bytes).
    Removing pin_lpc17xx.o(.ARM.exidx.text.PIN_Configure), (8 bytes).
    Removing pin_lpc17xx.o(.text.PIN_ConfigureTPIU), (24 bytes).
    Removing pin_lpc17xx.o(.ARM.exidx.text.PIN_ConfigureTPIU), (8 bytes).
    Removing pin_lpc17xx.o(.text.PIN_ConfigureI2C0Pins), (30 bytes).
    Removing pin_lpc17xx.o(.ARM.exidx.text.PIN_ConfigureI2C0Pins), (8 bytes).
    Removing system_lpc17xx.o(.text), (0 bytes).
    Removing system_lpc17xx.o(.text.SystemCoreClockUpdate), (248 bytes).
    Removing system_lpc17xx.o(.ARM.exidx.text.SystemCoreClockUpdate), (8 bytes).
    Removing system_lpc17xx.o(.ARM.exidx.text.SystemInit), (8 bytes).

139 unused section(s) (total 5808 bytes) removed from the image.

==============================================================================

Image Symbol Table

    Local Symbols

    Symbol Name                              Value     Ov Type        Size  Object(Section)

    ../clib/angel/boardlib.s                 0x00000000   Number         0  boardinit1.o ABSOLUTE
    ../clib/angel/boardlib.s                 0x00000000   Number         0  boardinit2.o ABSOLUTE
    ../clib/angel/boardlib.s                 0x00000000   Number         0  boardinit3.o ABSOLUTE
    ../clib/angel/boardlib.s                 0x00000000   Number         0  boardshut.o ABSOLUTE
    ../clib/angel/handlers.s                 0x00000000   Number         0  __scatter_copy.o ABSOLUTE
    ../clib/angel/handlers.s                 0x00000000   Number         0  __scatter_zi.o ABSOLUTE
    ../clib/angel/kernel.s                   0x00000000   Number         0  __rtentry.o ABSOLUTE
    ../clib/angel/kernel.s                   0x00000000   Number         0  __rtentry2.o ABSOLUTE
    ../clib/angel/kernel.s                   0x00000000   Number         0  __rtentry4.o ABSOLUTE
    ../clib/angel/kernel.s                   0x00000000   Number         0  rtexit.o ABSOLUTE
    ../clib/angel/kernel.s                   0x00000000   Number         0  rtexit2.o ABSOLUTE
    ../clib/angel/rt.s                       0x00000000   Number         0  aeabi_ldiv0.o ABSOLUTE
    ../clib/angel/rt.s                       0x00000000   Number         0  aeabi_ldiv0_sigfpe.o ABSOLUTE
    ../clib/angel/rt.s                       0x00000000   Number         0  rt_div0.o ABSOLUTE
    ../clib/angel/rt.s                       0x00000000   Number         0  rt_raise.o ABSOLUTE
    ../clib/angel/scatter.s                  0x00000000   Number         0  __scatter.o ABSOLUTE
    ../clib/angel/startup.s                  0x00000000   Number         0  __main.o ABSOLUTE
    ../clib/angel/sys.s                      0x00000000   Number         0  sys_stackheap_outer.o ABSOLUTE
    ../clib/angel/sys.s                      0x00000000   Number         0  libspace.o ABSOLUTE
    ../clib/angel/sys.s                      0x00000000   Number         0  use_no_semi.o ABSOLUTE
    ../clib/angel/sys.s                      0x00000000   Number         0  indicate_semi.o ABSOLUTE
    ../clib/angel/sysapp.c                   0x00000000   Number         0  sys_exit.o ABSOLUTE
    ../clib/angel/sysapp.c                   0x00000000   Number         0  sys_exit_hlt.o ABSOLUTE
    ../clib/angel/sysapp.c                   0x00000000   Number         0  sys_wrch.o ABSOLUTE
    ../clib/angel/sysapp.c                   0x00000000   Number         0  sys_wrch_hlt.o ABSOLUTE
    ../clib/angel/sysapp.c                   0x00000000   Number         0  sys_command.o ABSOLUTE
    ../clib/angel/sysapp.c                   0x00000000   Number         0  sys_command_hlt.o ABSOLUTE
    ../clib/armsys.c                         0x00000000   Number         0  argv_veneer.o ABSOLUTE
    ../clib/armsys.c                         0x00000000   Number         0  argv_veneer.o ABSOLUTE
    ../clib/armsys.c                         0x00000000   Number         0  _get_argv_nomalloc.o ABSOLUTE
    ../clib/armsys.c                         0x00000000   Number         0  no_argv.o ABSOLUTE
    ../clib/heapalloc.c                      0x00000000   Number         0  hrguard.o ABSOLUTE
    ../clib/heapaux.c                        0x00000000   Number         0  heapauxi.o ABSOLUTE
    ../clib/libinit.s                        0x00000000   Number         0  libinit.o ABSOLUTE
    ../clib/libinit.s                        0x00000000   Number         0  libinit2.o ABSOLUTE
    ../clib/libinit.s                        0x00000000   Number         0  libshutdown.o ABSOLUTE
    ../clib/libinit.s                        0x00000000   Number         0  libshutdown2.o ABSOLUTE
    ../clib/longlong.s                       0x00000000   Number         0  lludivv7m.o ABSOLUTE
    ../clib/memcpset.s                       0x00000000   Number         0  rt_memclr_w.o ABSOLUTE
    ../clib/signal.c                         0x00000000   Number         0  defsig_fpe_outer.o ABSOLUTE
    ../clib/signal.c                         0x00000000   Number         0  defsig_fpe_formal.o ABSOLUTE
    ../clib/signal.c                         0x00000000   Number         0  defsig_exit.o ABSOLUTE
    ../clib/signal.c                         0x00000000   Number         0  defsig_fpe_inner.o ABSOLUTE
    ../clib/signal.c                         0x00000000   Number         0  __raise.o ABSOLUTE
    ../clib/signal.c                         0x00000000   Number         0  defsig_general.o ABSOLUTE
    ../clib/signal.c                         0x00000000   Number         0  defsig_abrt_inner.o ABSOLUTE
    ../clib/signal.c                         0x00000000   Number         0  defsig_rtred_inner.o ABSOLUTE
    ../clib/signal.c                         0x00000000   Number         0  defsig_rtmem_inner.o ABSOLUTE
    ../clib/signal.c                         0x00000000   Number         0  defsig_rtmem_outer.o ABSOLUTE
    ../clib/signal.c                         0x00000000   Number         0  defsig_rtmem_formal.o ABSOLUTE
    ../clib/signal.c                         0x00000000   Number         0  defsig_stak_inner.o ABSOLUTE
    ../clib/signal.c                         0x00000000   Number         0  defsig_pvfn_inner.o ABSOLUTE
    ../clib/signal.c                         0x00000000   Number         0  defsig_cppl_inner.o ABSOLUTE
    ../clib/signal.c                         0x00000000   Number         0  defsig_segv_inner.o ABSOLUTE
    ../clib/signal.c                         0x00000000   Number         0  defsig_other.o ABSOLUTE
    ../clib/signal.s                         0x00000000   Number         0  defsig.o ABSOLUTE
    ../clib/stdlib.c                         0x00000000   Number         0  exit.o ABSOLUTE
    ../clib/string.c                         0x00000000   Number         0  strlen.o ABSOLUTE
    ../fplib/fpinit.s                        0x00000000   Number         0  fpinit.o ABSOLUTE
    ../fplib/fpinit_empty.s                  0x00000000   Number         0  fpinit_empty.o ABSOLUTE
    Buttons_Open1768.c                       0x00000000   Number         0  buttons_open1768.o ABSOLUTE
    GPDMA_LPC17xx.c                          0x00000000   Number         0  gpdma_lpc17xx.o ABSOLUTE
    GPIO_LPC17xx.c                           0x00000000   Number         0  gpio_lpc17xx.o ABSOLUTE
    PIN_LPC17xx.c                            0x00000000   Number         0  pin_lpc17xx.o ABSOLUTE
    RTE/Device/LPC1768/startup_LPC17xx.s     0x00000000   Number         0  startup_lpc17xx.o ABSOLUTE
    SPI_LPC17xx.c                            0x00000000   Number         0  spi_lpc17xx.o ABSOLUTE
    UART_LPC17xx.c                           0x00000000   Number         0  uart_lpc17xx.o ABSOLUTE
    dc.s                                     0x00000000   Number         0  dc.o ABSOLUTE
    main.c                                   0x00000000   Number         0  main.o ABSOLUTE
    system_LPC17xx.c                         0x00000000   Number         0  system_lpc17xx.o ABSOLUTE
    RESET                                    0x00000000   Section      204  startup_lpc17xx.o(RESET)
    !!!main                                  0x000000cc   Section        8  __main.o(!!!main)
    !!!scatter                               0x000000d4   Section       52  __scatter.o(!!!scatter)
    !!handler_copy                           0x00000108   Section       26  __scatter_copy.o(!!handler_copy)
    !!handler_zi                             0x00000124   Section       28  __scatter_zi.o(!!handler_zi)
    .ARM.Collect$$libinit$$00000000          0x00000140   Section        2  libinit.o(.ARM.Collect$$libinit$$00000000)
    .ARM.Collect$$libinit$$00000002          0x00000142   Section        0  libinit2.o(.ARM.Collect$$libinit$$00000002)
    .ARM.Collect$$libinit$$00000004          0x00000142   Section        0  libinit2.o(.ARM.Collect$$libinit$$00000004)
    .ARM.Collect$$libinit$$00000006          0x00000142   Section        0  libinit2.o(.ARM.Collect$$libinit$$00000006)
    .ARM.Collect$$libinit$$0000000C          0x00000142   Section        0  libinit2.o(.ARM.Collect$$libinit$$0000000C)
    .ARM.Collect$$libinit$$0000000E          0x00000142   Section        0  libinit2.o(.ARM.Collect$$libinit$$0000000E)
    .ARM.Collect$$libinit$$00000010          0x00000142   Section        0  libinit2.o(.ARM.Collect$$libinit$$00000010)
    .ARM.Collect$$libinit$$00000013          0x00000142   Section        0  libinit2.o(.ARM.Collect$$libinit$$00000013)
    .ARM.Collect$$libinit$$00000015          0x00000142   Section        0  libinit2.o(.ARM.Collect$$libinit$$00000015)
    .ARM.Collect$$libinit$$00000017          0x00000142   Section        0  libinit2.o(.ARM.Collect$$libinit$$00000017)
    .ARM.Collect$$libinit$$00000019          0x00000142   Section        0  libinit2.o(.ARM.Collect$$libinit$$00000019)
    .ARM.Collect$$libinit$$0000001B          0x00000142   Section        0  libinit2.o(.ARM.Collect$$libinit$$0000001B)
    .ARM.Collect$$libinit$$0000001D          0x00000142   Section        0  libinit2.o(.ARM.Collect$$libinit$$0000001D)
    .ARM.Collect$$libinit$$0000001F          0x00000142   Section        0  libinit2.o(.ARM.Collect$$libinit$$0000001F)
    .ARM.Collect$$libinit$$00000021          0x00000142   Section        0  libinit2.o(.ARM.Collect$$libinit$$00000021)
    .ARM.Collect$$libinit$$00000023          0x00000142   Section        0  libinit2.o(.ARM.Collect$$libinit$$00000023)
    .ARM.Collect$$libinit$$00000025          0x00000142   Section        0  libinit2.o(.ARM.Collect$$libinit$$00000025)
    .ARM.Collect$$libinit$$00000027          0x00000142   Section        0  libinit2.o(.ARM.Collect$$libinit$$00000027)
    .ARM.Collect$$libinit$$0000002E          0x00000142   Section        0  libinit2.o(.ARM.Collect$$libinit$$0000002E)
    .ARM.Collect$$libinit$$00000030          0x00000142   Section        0  libinit2.o(.ARM.Collect$$libinit$$00000030)
    .ARM.Collect$$libinit$$00000032          0x00000142   Section        0  libinit2.o(.ARM.Collect$$libinit$$00000032)
    .ARM.Collect$$libinit$$00000034          0x00000142   Section        0  libinit2.o(.ARM.Collect$$libinit$$00000034)
    .ARM.Collect$$libinit$$00000035          0x00000142   Section        2  libinit2.o(.ARM.Collect$$libinit$$00000035)
    .ARM.Collect$$libshutdown$$00000000      0x00000144   Section        2  libshutdown.o(.ARM.Collect$$libshutdown$$00000000)
    .ARM.Collect$$libshutdown$$00000002      0x00000146   Section        0  libshutdown2.o(.ARM.Collect$$libshutdown$$00000002)
    .ARM.Collect$$libshutdown$$00000004      0x00000146   Section        0  libshutdown2.o(.ARM.Collect$$libshutdown$$00000004)
    .ARM.Collect$$libshutdown$$00000007      0x00000146   Section        0  libshutdown2.o(.ARM.Collect$$libshutdown$$00000007)
    .ARM.Collect$$libshutdown$$0000000A      0x00000146   Section        0  libshutdown2.o(.ARM.Collect$$libshutdown$$0000000A)
    .ARM.Collect$$libshutdown$$0000000C      0x00000146   Section        0  libshutdown2.o(.ARM.Collect$$libshutdown$$0000000C)
    .ARM.Collect$$libshutdown$$0000000F      0x00000146   Section        0  libshutdown2.o(.ARM.Collect$$libshutdown$$0000000F)
    .ARM.Collect$$libshutdown$$00000010      0x00000146   Section        2  libshutdown2.o(.ARM.Collect$$libshutdown$$00000010)
    .ARM.Collect$$rtentry$$00000000          0x00000148   Section        0  __rtentry.o(.ARM.Collect$$rtentry$$00000000)
    .ARM.Collect$$rtentry$$00000002          0x00000148   Section        0  __rtentry2.o(.ARM.Collect$$rtentry$$00000002)
    .ARM.Collect$$rtentry$$00000004          0x00000148   Section        6  __rtentry4.o(.ARM.Collect$$rtentry$$00000004)
    .ARM.Collect$$rtentry$$00000009          0x0000014e   Section        0  __rtentry2.o(.ARM.Collect$$rtentry$$00000009)
    .ARM.Collect$$rtentry$$0000000A          0x0000014e   Section        4  __rtentry2.o(.ARM.Collect$$rtentry$$0000000A)
    .ARM.Collect$$rtentry$$0000000C          0x00000152   Section        0  __rtentry2.o(.ARM.Collect$$rtentry$$0000000C)
    .ARM.Collect$$rtentry$$0000000D          0x00000152   Section        8  __rtentry2.o(.ARM.Collect$$rtentry$$0000000D)
    .ARM.Collect$$rtexit$$00000000           0x0000015a   Section        2  rtexit.o(.ARM.Collect$$rtexit$$00000000)
    .ARM.Collect$$rtexit$$00000002           0x0000015c   Section        0  rtexit2.o(.ARM.Collect$$rtexit$$00000002)
    .ARM.Collect$$rtexit$$00000003           0x0000015c   Section        4  rtexit2.o(.ARM.Collect$$rtexit$$00000003)
    .ARM.Collect$$rtexit$$00000004           0x00000160   Section        6  rtexit2.o(.ARM.Collect$$rtexit$$00000004)
    .text                                    0x00000168   Section       60  startup_lpc17xx.o(.text)
    .text                                    0x000001a4   Section       78  rt_memclr_w.o(.text)
    .text                                    0x000001f2   Section        0  heapauxi.o(.text)
    .text                                    0x000001f8   Section       74  sys_stackheap_outer.o(.text)
    .text                                    0x00000242   Section        0  exit.o(.text)
    .text                                    0x00000254   Section        8  libspace.o(.text)
    .text                                    0x0000025c   Section        0  sys_exit.o(.text)
    .text                                    0x00000268   Section        2  use_no_semi.o(.text)
    .text                                    0x0000026a   Section        0  indicate_semi.o(.text)
    [Anonymous Symbol]                       0x0000026c   Section        0  gpio_lpc17xx.o(.text.GPIO_PinWrite)
    [Anonymous Symbol]                       0x00000288   Section        0  gpio_lpc17xx.o(.text.GPIO_SetDir)
    SPI_GetCapabilities                      0x000002ad   Thumb Code     4  spi_lpc17xx.o(.text.SPI_GetCapabilities)
    [Anonymous Symbol]                       0x000002ac   Section        0  spi_lpc17xx.o(.text.SPI_GetCapabilities)
    SPI_GetDataCount                         0x000002b1   Thumb Code    28  spi_lpc17xx.o(.text.SPI_GetDataCount)
    [Anonymous Symbol]                       0x000002b0   Section        0  spi_lpc17xx.o(.text.SPI_GetDataCount)
    SPI_GetStatus                            0x000002cd   Thumb Code    40  spi_lpc17xx.o(.text.SPI_GetStatus)
    [Anonymous Symbol]                       0x000002cc   Section        0  spi_lpc17xx.o(.text.SPI_GetStatus)
    .ARM.__at_0x02FC                         0x000002fc   Section        4  startup_lpc17xx.o(.ARM.__at_0x02FC)
    [Anonymous Symbol]                       0x00000300   Section        0  gpdma_lpc17xx.o(.text.DMA_IRQHandler)
    [Anonymous Symbol]                       0x0000040c   Section        0  main.o(.text.OLED_display)
    [Anonymous Symbol]                       0x00000554   Section        0  main.o(.text.OLED_init)
    [Anonymous Symbol]                       0x000005fc   Section        0  main.o(.text.OLED_initRegisters)
    [Anonymous Symbol]                       0x00000c0c   Section        0  pin_lpc17xx.o(.text.PIN_Configure)
    [Anonymous Symbol]                       0x00000c80   Section        0  main.o(.text.RTC_IRQHandler)
    SPI_Control                              0x00000cdd   Thumb Code   812  spi_lpc17xx.o(.text.SPI_Control)
    [Anonymous Symbol]                       0x00000cdc   Section        0  spi_lpc17xx.o(.text.SPI_Control)
    SPI_GetVersion                           0x00001009   Thumb Code    10  spi_lpc17xx.o(.text.SPI_GetVersion)
    [Anonymous Symbol]                       0x00001008   Section        0  spi_lpc17xx.o(.text.SPI_GetVersion)
    [Anonymous Symbol]                       0x00001014   Section        0  spi_lpc17xx.o(.text.SPI_IRQHandler)
    SPI_Initialize                           0x0000111d   Thumb Code   134  spi_lpc17xx.o(.text.SPI_Initialize)
    [Anonymous Symbol]                       0x0000111c   Section        0  spi_lpc17xx.o(.text.SPI_Initialize)
    SPI_PowerControl                         0x000011a5   Thumb Code   310  spi_lpc17xx.o(.text.SPI_PowerControl)
    [Anonymous Symbol]                       0x000011a4   Section        0  spi_lpc17xx.o(.text.SPI_PowerControl)
    SPI_Receive                              0x000012dd   Thumb Code   130  spi_lpc17xx.o(.text.SPI_Receive)
    [Anonymous Symbol]                       0x000012dc   Section        0  spi_lpc17xx.o(.text.SPI_Receive)
    SPI_Send                                 0x00001361   Thumb Code   182  spi_lpc17xx.o(.text.SPI_Send)
    [Anonymous Symbol]                       0x00001360   Section        0  spi_lpc17xx.o(.text.SPI_Send)
    SPI_Transfer                             0x00001419   Thumb Code   188  spi_lpc17xx.o(.text.SPI_Transfer)
    [Anonymous Symbol]                       0x00001418   Section        0  spi_lpc17xx.o(.text.SPI_Transfer)
    SPI_Uninitialize                         0x000014d5   Thumb Code    78  spi_lpc17xx.o(.text.SPI_Uninitialize)
    [Anonymous Symbol]                       0x000014d4   Section        0  spi_lpc17xx.o(.text.SPI_Uninitialize)
    [Anonymous Symbol]                       0x00001524   Section        0  main.o(.text.SysTick_Handler)
    [Anonymous Symbol]                       0x00001534   Section        0  system_lpc17xx.o(.text.SystemInit)
    [Anonymous Symbol]                       0x00001600   Section        0  uart_lpc17xx.o(.text.UART0_IRQHandler)
    [Anonymous Symbol]                       0x0000181c   Section        0  main.o(.text.main)
    .Lswitch.table.SPI_Control.2             0x00001980   Data          16  spi_lpc17xx.o(.rodata.cst16)
    .bss                                     0x2007c008   Section       96  libspace.o(.bss)
    Channel_active                           0x2007c068   Data           4  gpdma_lpc17xx.o(.bss.Channel_active)
    [Anonymous Symbol]                       0x2007c068   Section        0  gpdma_lpc17xx.o(.bss.Channel_active)
    Channel_info                             0x2007c06c   Data         160  gpdma_lpc17xx.o(.bss.Channel_info)
    [Anonymous Symbol]                       0x2007c06c   Section        0  gpdma_lpc17xx.o(.bss.Channel_info)
    RTC_IRQHandler.flag                      0x2007c10c   Data           1  main.o(.bss.RTC_IRQHandler.flag)
    [Anonymous Symbol]                       0x2007c10c   Section        0  main.o(.bss.RTC_IRQHandler.flag)
    SPI_Info.0                               0x2007c110   Data           4  spi_lpc17xx.o(.bss.SPI_Info.0)
    [Anonymous Symbol]                       0x2007c110   Section        0  spi_lpc17xx.o(.bss.SPI_Info.0)
    SPI_Info.1                               0x2007c114   Data           1  spi_lpc17xx.o(.bss.SPI_Info.1)
    [Anonymous Symbol]                       0x2007c114   Section        0  spi_lpc17xx.o(.bss.SPI_Info.1)
    SPI_Info.2                               0x2007c118   Data           1  spi_lpc17xx.o(.bss.SPI_Info.2)
    [Anonymous Symbol]                       0x2007c118   Section        0  spi_lpc17xx.o(.bss.SPI_Info.2)
    SPI_Info.3                               0x2007c11a   Data           1  spi_lpc17xx.o(.bss.SPI_Info.3)
    [Anonymous Symbol]                       0x2007c11a   Section        0  spi_lpc17xx.o(.bss.SPI_Info.3)
    SPI_Info.4                               0x2007c11c   Data           4  spi_lpc17xx.o(.bss.SPI_Info.4)
    [Anonymous Symbol]                       0x2007c11c   Section        0  spi_lpc17xx.o(.bss.SPI_Info.4)
    SPI_Info.5                               0x2007c120   Data           1  spi_lpc17xx.o(.bss.SPI_Info.5)
    [Anonymous Symbol]                       0x2007c120   Section        0  spi_lpc17xx.o(.bss.SPI_Info.5)
    SPI_Xfer                                 0x2007c124   Data          28  spi_lpc17xx.o(.bss.SPI_Xfer)
    [Anonymous Symbol]                       0x2007c124   Section        0  spi_lpc17xx.o(.bss.SPI_Xfer)
    USART0_Info                              0x2007c140   Data          52  uart_lpc17xx.o(.bss.USART0_Info)
    [Anonymous Symbol]                       0x2007c140   Section        0  uart_lpc17xx.o(.bss.USART0_Info)
    Heap_Mem                                 0x2007c178   Data           0  startup_lpc17xx.o(HEAP)
    Stack_Mem                                0x2007c178   Data         512  startup_lpc17xx.o(STACK)
    HEAP                                     0x2007c178   Section        0  startup_lpc17xx.o(HEAP)
    STACK                                    0x2007c178   Section      512  startup_lpc17xx.o(STACK)
    __initial_sp                             0x2007c378   Data           0  startup_lpc17xx.o(STACK)

    Global Symbols

    Symbol Name                              Value     Ov Type        Size  Object(Section)

    BuildAttributes$$THM_ISAv4$P$D$K$B$S$PE$A:L22UL41UL21$X:L11$S22US41US21$IEEE1$IW$~IW$USESV6$~STKCKD$USESV7$~SHL$OTIME$ROPI$EBA8$UX$STANDARDLIB$REQ8$PRES8$EABIv2 0x00000000   Number         0  anon$$obj.o ABSOLUTE
    __Vectors                                0x00000000   Data           4  startup_lpc17xx.o(RESET)
    __fp_init_empty                          0x00000000   Number         0  fpinit_empty.o ABSOLUTE
    __ARM_exceptions_init                     - Undefined Weak Reference
    __alloca_initialize                       - Undefined Weak Reference
    __arm_preinit_                            - Undefined Weak Reference
    __arm_relocate_pie_                       - Undefined Weak Reference
    __cpp_initialize__aeabi_                  - Undefined Weak Reference
    __cxa_finalize                            - Undefined Weak Reference
    __rt_locale                               - Undefined Weak Reference
    __sigvec_lookup                           - Undefined Weak Reference
    _atexit_init                              - Undefined Weak Reference
    _call_atexit_fns                          - Undefined Weak Reference
    _clock_init                               - Undefined Weak Reference
    _fp_trap_init                             - Undefined Weak Reference
    _fp_trap_shutdown                         - Undefined Weak Reference
    _get_lc_collate                           - Undefined Weak Reference
    _get_lc_ctype                             - Undefined Weak Reference
    _get_lc_monetary                          - Undefined Weak Reference
    _get_lc_numeric                           - Undefined Weak Reference
    _get_lc_time                              - Undefined Weak Reference
    _getenv_init                              - Undefined Weak Reference
    _handle_redirection                       - Undefined Weak Reference
    _init_alloc                               - Undefined Weak Reference
    _init_user_alloc                          - Undefined Weak Reference
    _initio                                   - Undefined Weak Reference
    _rand_init                                - Undefined Weak Reference
    _signal_finish                            - Undefined Weak Reference
    _signal_init                              - Undefined Weak Reference
    _terminate_alloc                          - Undefined Weak Reference
    _terminate_user_alloc                     - Undefined Weak Reference
    _terminateio                              - Undefined Weak Reference
    __main                                   0x000000cd   Thumb Code     8  __main.o(!!!main)
    __scatterload                            0x000000d5   Thumb Code     0  __scatter.o(!!!scatter)
    __scatterload_rt2                        0x000000d5   Thumb Code    44  __scatter.o(!!!scatter)
    __scatterload_rt2_thumb_only             0x000000d5   Thumb Code     0  __scatter.o(!!!scatter)
    __scatterload_null                       0x000000e3   Thumb Code     0  __scatter.o(!!!scatter)
    __scatterload_copy                       0x00000109   Thumb Code    26  __scatter_copy.o(!!handler_copy)
    __scatterload_zeroinit                   0x00000125   Thumb Code    28  __scatter_zi.o(!!handler_zi)
    __rt_lib_init                            0x00000141   Thumb Code     0  libinit.o(.ARM.Collect$$libinit$$00000000)
    __rt_lib_init_alloca_1                   0x00000143   Thumb Code     0  libinit2.o(.ARM.Collect$$libinit$$00000030)
    __rt_lib_init_argv_1                     0x00000143   Thumb Code     0  libinit2.o(.ARM.Collect$$libinit$$0000002E)
    __rt_lib_init_atexit_1                   0x00000143   Thumb Code     0  libinit2.o(.ARM.Collect$$libinit$$0000001D)
    __rt_lib_init_clock_1                    0x00000143   Thumb Code     0  libinit2.o(.ARM.Collect$$libinit$$00000023)
    __rt_lib_init_cpp_1                      0x00000143   Thumb Code     0  libinit2.o(.ARM.Collect$$libinit$$00000034)
    __rt_lib_init_exceptions_1               0x00000143   Thumb Code     0  libinit2.o(.ARM.Collect$$libinit$$00000032)
    __rt_lib_init_fp_1                       0x00000143   Thumb Code     0  libinit2.o(.ARM.Collect$$libinit$$00000002)
    __rt_lib_init_fp_trap_1                  0x00000143   Thumb Code     0  libinit2.o(.ARM.Collect$$libinit$$00000021)
    __rt_lib_init_getenv_1                   0x00000143   Thumb Code     0  libinit2.o(.ARM.Collect$$libinit$$00000025)
    __rt_lib_init_heap_1                     0x00000143   Thumb Code     0  libinit2.o(.ARM.Collect$$libinit$$0000000C)
    __rt_lib_init_lc_collate_1               0x00000143   Thumb Code     0  libinit2.o(.ARM.Collect$$libinit$$00000013)
    __rt_lib_init_lc_ctype_1                 0x00000143   Thumb Code     0  libinit2.o(.ARM.Collect$$libinit$$00000015)
    __rt_lib_init_lc_monetary_1              0x00000143   Thumb Code     0  libinit2.o(.ARM.Collect$$libinit$$00000017)
    __rt_lib_init_lc_numeric_1               0x00000143   Thumb Code     0  libinit2.o(.ARM.Collect$$libinit$$00000019)
    __rt_lib_init_lc_time_1                  0x00000143   Thumb Code     0  libinit2.o(.ARM.Collect$$libinit$$0000001B)
    __rt_lib_init_preinit_1                  0x00000143   Thumb Code     0  libinit2.o(.ARM.Collect$$libinit$$00000006)
    __rt_lib_init_rand_1                     0x00000143   Thumb Code     0  libinit2.o(.ARM.Collect$$libinit$$00000010)
    __rt_lib_init_relocate_pie_1             0x00000143   Thumb Code     0  libinit2.o(.ARM.Collect$$libinit$$00000004)
    __rt_lib_init_return                     0x00000143   Thumb Code     0  libinit2.o(.ARM.Collect$$libinit$$00000035)
    __rt_lib_init_signal_1                   0x00000143   Thumb Code     0  libinit2.o(.ARM.Collect$$libinit$$0000001F)
    __rt_lib_init_stdio_1                    0x00000143   Thumb Code     0  libinit2.o(.ARM.Collect$$libinit$$00000027)
    __rt_lib_init_user_alloc_1               0x00000143   Thumb Code     0  libinit2.o(.ARM.Collect$$libinit$$0000000E)
    __rt_lib_shutdown                        0x00000145   Thumb Code     0  libshutdown.o(.ARM.Collect$$libshutdown$$00000000)
    __rt_lib_shutdown_cpp_1                  0x00000147   Thumb Code     0  libshutdown2.o(.ARM.Collect$$libshutdown$$00000002)
    __rt_lib_shutdown_fp_trap_1              0x00000147   Thumb Code     0  libshutdown2.o(.ARM.Collect$$libshutdown$$00000007)
    __rt_lib_shutdown_heap_1                 0x00000147   Thumb Code     0  libshutdown2.o(.ARM.Collect$$libshutdown$$0000000F)
    __rt_lib_shutdown_return                 0x00000147   Thumb Code     0  libshutdown2.o(.ARM.Collect$$libshutdown$$00000010)
    __rt_lib_shutdown_signal_1               0x00000147   Thumb Code     0  libshutdown2.o(.ARM.Collect$$libshutdown$$0000000A)
    __rt_lib_shutdown_stdio_1                0x00000147   Thumb Code     0  libshutdown2.o(.ARM.Collect$$libshutdown$$00000004)
    __rt_lib_shutdown_user_alloc_1           0x00000147   Thumb Code     0  libshutdown2.o(.ARM.Collect$$libshutdown$$0000000C)
    __rt_entry                               0x00000149   Thumb Code     0  __rtentry.o(.ARM.Collect$$rtentry$$00000000)
    __rt_entry_presh_1                       0x00000149   Thumb Code     0  __rtentry2.o(.ARM.Collect$$rtentry$$00000002)
    __rt_entry_sh                            0x00000149   Thumb Code     0  __rtentry4.o(.ARM.Collect$$rtentry$$00000004)
    __rt_entry_li                            0x0000014f   Thumb Code     0  __rtentry2.o(.ARM.Collect$$rtentry$$0000000A)
    __rt_entry_postsh_1                      0x0000014f   Thumb Code     0  __rtentry2.o(.ARM.Collect$$rtentry$$00000009)
    __rt_entry_main                          0x00000153   Thumb Code     0  __rtentry2.o(.ARM.Collect$$rtentry$$0000000D)
    __rt_entry_postli_1                      0x00000153   Thumb Code     0  __rtentry2.o(.ARM.Collect$$rtentry$$0000000C)
    __rt_exit                                0x0000015b   Thumb Code     0  rtexit.o(.ARM.Collect$$rtexit$$00000000)
    __rt_exit_ls                             0x0000015d   Thumb Code     0  rtexit2.o(.ARM.Collect$$rtexit$$00000003)
    __rt_exit_prels_1                        0x0000015d   Thumb Code     0  rtexit2.o(.ARM.Collect$$rtexit$$00000002)
    __rt_exit_exit                           0x00000161   Thumb Code     0  rtexit2.o(.ARM.Collect$$rtexit$$00000004)
    Reset_Handler                            0x00000169   Thumb Code     8  startup_lpc17xx.o(.text)
    NMI_Handler                              0x00000171   Thumb Code     2  startup_lpc17xx.o(.text)
    HardFault_Handler                        0x00000173   Thumb Code     2  startup_lpc17xx.o(.text)
    MemManage_Handler                        0x00000175   Thumb Code     2  startup_lpc17xx.o(.text)
    BusFault_Handler                         0x00000177   Thumb Code     2  startup_lpc17xx.o(.text)
    UsageFault_Handler                       0x00000179   Thumb Code     2  startup_lpc17xx.o(.text)
    SVC_Handler                              0x0000017b   Thumb Code     2  startup_lpc17xx.o(.text)
    DebugMon_Handler                         0x0000017d   Thumb Code     2  startup_lpc17xx.o(.text)
    PendSV_Handler                           0x0000017f   Thumb Code     2  startup_lpc17xx.o(.text)
    ADC_IRQHandler                           0x00000183   Thumb Code     0  startup_lpc17xx.o(.text)
    BOD_IRQHandler                           0x00000183   Thumb Code     0  startup_lpc17xx.o(.text)
    CANActivity_IRQHandler                   0x00000183   Thumb Code     0  startup_lpc17xx.o(.text)
    CAN_IRQHandler                           0x00000183   Thumb Code     0  startup_lpc17xx.o(.text)
    EINT0_IRQHandler                         0x00000183   Thumb Code     0  startup_lpc17xx.o(.text)
    EINT1_IRQHandler                         0x00000183   Thumb Code     0  startup_lpc17xx.o(.text)
    EINT2_IRQHandler                         0x00000183   Thumb Code     0  startup_lpc17xx.o(.text)
    EINT3_IRQHandler                         0x00000183   Thumb Code     0  startup_lpc17xx.o(.text)
    ENET_IRQHandler                          0x00000183   Thumb Code     0  startup_lpc17xx.o(.text)
    I2C0_IRQHandler                          0x00000183   Thumb Code     0  startup_lpc17xx.o(.text)
    I2C1_IRQHandler                          0x00000183   Thumb Code     0  startup_lpc17xx.o(.text)
    I2C2_IRQHandler                          0x00000183   Thumb Code     0  startup_lpc17xx.o(.text)
    I2S_IRQHandler                           0x00000183   Thumb Code     0  startup_lpc17xx.o(.text)
    MCPWM_IRQHandler                         0x00000183   Thumb Code     0  startup_lpc17xx.o(.text)
    PLL0_IRQHandler                          0x00000183   Thumb Code     0  startup_lpc17xx.o(.text)
    PLL1_IRQHandler                          0x00000183   Thumb Code     0  startup_lpc17xx.o(.text)
    PWM1_IRQHandler                          0x00000183   Thumb Code     0  startup_lpc17xx.o(.text)
    QEI_IRQHandler                           0x00000183   Thumb Code     0  startup_lpc17xx.o(.text)
    RIT_IRQHandler                           0x00000183   Thumb Code     0  startup_lpc17xx.o(.text)
    SSP0_IRQHandler                          0x00000183   Thumb Code     0  startup_lpc17xx.o(.text)
    SSP1_IRQHandler                          0x00000183   Thumb Code     0  startup_lpc17xx.o(.text)
    TIMER0_IRQHandler                        0x00000183   Thumb Code     0  startup_lpc17xx.o(.text)
    TIMER1_IRQHandler                        0x00000183   Thumb Code     0  startup_lpc17xx.o(.text)
    TIMER2_IRQHandler                        0x00000183   Thumb Code     0  startup_lpc17xx.o(.text)
    TIMER3_IRQHandler                        0x00000183   Thumb Code     0  startup_lpc17xx.o(.text)
    UART1_IRQHandler                         0x00000183   Thumb Code     0  startup_lpc17xx.o(.text)
    UART2_IRQHandler                         0x00000183   Thumb Code     0  startup_lpc17xx.o(.text)
    UART3_IRQHandler                         0x00000183   Thumb Code     0  startup_lpc17xx.o(.text)
    USBActivity_IRQHandler                   0x00000183   Thumb Code     0  startup_lpc17xx.o(.text)
    USB_IRQHandler                           0x00000183   Thumb Code     0  startup_lpc17xx.o(.text)
    WDT_IRQHandler                           0x00000183   Thumb Code     0  startup_lpc17xx.o(.text)
    __user_initial_stackheap                 0x00000185   Thumb Code     0  startup_lpc17xx.o(.text)
    __aeabi_memclr4                          0x000001a5   Thumb Code     0  rt_memclr_w.o(.text)
    __aeabi_memclr8                          0x000001a5   Thumb Code     0  rt_memclr_w.o(.text)
    __rt_memclr_w                            0x000001a5   Thumb Code     0  rt_memclr_w.o(.text)
    _memset_w                                0x000001a9   Thumb Code    74  rt_memclr_w.o(.text)
    __use_two_region_memory                  0x000001f3   Thumb Code     2  heapauxi.o(.text)
    __rt_heap_escrow$2region                 0x000001f5   Thumb Code     2  heapauxi.o(.text)
    __rt_heap_expand$2region                 0x000001f7   Thumb Code     2  heapauxi.o(.text)
    __user_setup_stackheap                   0x000001f9   Thumb Code    74  sys_stackheap_outer.o(.text)
    exit                                     0x00000243   Thumb Code    18  exit.o(.text)
    __user_libspace                          0x00000255   Thumb Code     8  libspace.o(.text)
    __user_perproc_libspace                  0x00000255   Thumb Code     0  libspace.o(.text)
    __user_perthread_libspace                0x00000255   Thumb Code     0  libspace.o(.text)
    _sys_exit                                0x0000025d   Thumb Code     8  sys_exit.o(.text)
    __I$use$semihosting                      0x00000269   Thumb Code     0  use_no_semi.o(.text)
    __use_no_semihosting_swi                 0x00000269   Thumb Code     2  use_no_semi.o(.text)
    __semihosting_library_function           0x0000026b   Thumb Code     0  indicate_semi.o(.text)
    GPIO_PinWrite                            0x0000026d   Thumb Code    28  gpio_lpc17xx.o(.text.GPIO_PinWrite)
    GPIO_SetDir                              0x00000289   Thumb Code    34  gpio_lpc17xx.o(.text.GPIO_SetDir)
    DMA_IRQHandler                           0x00000301   Thumb Code   266  gpdma_lpc17xx.o(.text.DMA_IRQHandler)
    OLED_display                             0x0000040d   Thumb Code   328  main.o(.text.OLED_display)
    OLED_init                                0x00000555   Thumb Code   168  main.o(.text.OLED_init)
    OLED_initRegisters                       0x000005fd   Thumb Code  1552  main.o(.text.OLED_initRegisters)
    PIN_Configure                            0x00000c0d   Thumb Code   116  pin_lpc17xx.o(.text.PIN_Configure)
    RTC_IRQHandler                           0x00000c81   Thumb Code    76  main.o(.text.RTC_IRQHandler)
    SPI_IRQHandler                           0x00001015   Thumb Code   262  spi_lpc17xx.o(.text.SPI_IRQHandler)
    SysTick_Handler                          0x00001525   Thumb Code    16  main.o(.text.SysTick_Handler)
    SystemInit                               0x00001535   Thumb Code   204  system_lpc17xx.o(.text.SystemInit)
    UART0_IRQHandler                         0x00001601   Thumb Code   538  uart_lpc17xx.o(.text.UART0_IRQHandler)
    main                                     0x0000181d   Thumb Code   310  main.o(.text.main)
    Driver_SPI2                              0x00001954   Data          44  spi_lpc17xx.o(.rodata.Driver_SPI2)
    Region$$Table$$Base                      0x00001990   Number         0  anon$$obj.o(Region$$Table)
    Region$$Table$$Limit                     0x000019c0   Number         0  anon$$obj.o(Region$$Table)
    obrazek                                  0x10000000   Data        1030  main.o(.bss.obrazek)
    SPIdrv                                   0x2007c000   Data           4  main.o(.data.SPIdrv)
    SystemCoreClock                          0x2007c004   Data           4  system_lpc17xx.o(.data.SystemCoreClock)
    __libspace_start                         0x2007c008   Data          96  libspace.o(.bss)
    __temporary_stack_top$libspace           0x2007c068   Data           0  libspace.o(.bss)
    msTicks                                  0x2007c174   Data           4  main.o(.bss.msTicks)



==============================================================================

Memory Map of the image

  Image Entry point : 0x000000cd

  Load Region LR_IROM1 (Base: 0x00000000, Size: 0x000019c8, Max: 0x00080000, ABSOLUTE)

    Execution Region ER_IROM1 (Exec base: 0x00000000, Load base: 0x00000000, Size: 0x000019c0, Max: 0x00080000, ABSOLUTE)

    Exec Addr    Load Addr    Size         Type   Attr      Idx    E Section Name        Object

    0x00000000   0x00000000   0x000000cc   Data   RO          226    RESET               startup_lpc17xx.o
    0x000000cc   0x000000cc   0x00000008   Code   RO          258  * !!!main             c_w.l(__main.o)
    0x000000d4   0x000000d4   0x00000034   Code   RO          433    !!!scatter          c_w.l(__scatter.o)
    0x00000108   0x00000108   0x0000001a   Code   RO          435    !!handler_copy      c_w.l(__scatter_copy.o)
    0x00000122   0x00000122   0x00000002   PAD
    0x00000124   0x00000124   0x0000001c   Code   RO          437    !!handler_zi        c_w.l(__scatter_zi.o)
    0x00000140   0x00000140   0x00000002   Code   RO          295    .ARM.Collect$$libinit$$00000000  c_w.l(libinit.o)
    0x00000142   0x00000142   0x00000000   Code   RO          308    .ARM.Collect$$libinit$$00000002  c_w.l(libinit2.o)
    0x00000142   0x00000142   0x00000000   Code   RO          310    .ARM.Collect$$libinit$$00000004  c_w.l(libinit2.o)
    0x00000142   0x00000142   0x00000000   Code   RO          312    .ARM.Collect$$libinit$$00000006  c_w.l(libinit2.o)
    0x00000142   0x00000142   0x00000000   Code   RO          315    .ARM.Collect$$libinit$$0000000C  c_w.l(libinit2.o)
    0x00000142   0x00000142   0x00000000   Code   RO          317    .ARM.Collect$$libinit$$0000000E  c_w.l(libinit2.o)
    0x00000142   0x00000142   0x00000000   Code   RO          319    .ARM.Collect$$libinit$$00000010  c_w.l(libinit2.o)
    0x00000142   0x00000142   0x00000000   Code   RO          322    .ARM.Collect$$libinit$$00000013  c_w.l(libinit2.o)
    0x00000142   0x00000142   0x00000000   Code   RO          324    .ARM.Collect$$libinit$$00000015  c_w.l(libinit2.o)
    0x00000142   0x00000142   0x00000000   Code   RO          326    .ARM.Collect$$libinit$$00000017  c_w.l(libinit2.o)
    0x00000142   0x00000142   0x00000000   Code   RO          328    .ARM.Collect$$libinit$$00000019  c_w.l(libinit2.o)
    0x00000142   0x00000142   0x00000000   Code   RO          330    .ARM.Collect$$libinit$$0000001B  c_w.l(libinit2.o)
    0x00000142   0x00000142   0x00000000   Code   RO          332    .ARM.Collect$$libinit$$0000001D  c_w.l(libinit2.o)
    0x00000142   0x00000142   0x00000000   Code   RO          334    .ARM.Collect$$libinit$$0000001F  c_w.l(libinit2.o)
    0x00000142   0x00000142   0x00000000   Code   RO          336    .ARM.Collect$$libinit$$00000021  c_w.l(libinit2.o)
    0x00000142   0x00000142   0x00000000   Code   RO          338    .ARM.Collect$$libinit$$00000023  c_w.l(libinit2.o)
    0x00000142   0x00000142   0x00000000   Code   RO          340    .ARM.Collect$$libinit$$00000025  c_w.l(libinit2.o)
    0x00000142   0x00000142   0x00000000   Code   RO          342    .ARM.Collect$$libinit$$00000027  c_w.l(libinit2.o)
    0x00000142   0x00000142   0x00000000   Code   RO          346    .ARM.Collect$$libinit$$0000002E  c_w.l(libinit2.o)
    0x00000142   0x00000142   0x00000000   Code   RO          348    .ARM.Collect$$libinit$$00000030  c_w.l(libinit2.o)
    0x00000142   0x00000142   0x00000000   Code   RO          350    .ARM.Collect$$libinit$$00000032  c_w.l(libinit2.o)
    0x00000142   0x00000142   0x00000000   Code   RO          352    .ARM.Collect$$libinit$$00000034  c_w.l(libinit2.o)
    0x00000142   0x00000142   0x00000002   Code   RO          353    .ARM.Collect$$libinit$$00000035  c_w.l(libinit2.o)
    0x00000144   0x00000144   0x00000002   Code   RO          388    .ARM.Collect$$libshutdown$$00000000  c_w.l(libshutdown.o)
    0x00000146   0x00000146   0x00000000   Code   RO          416    .ARM.Collect$$libshutdown$$00000002  c_w.l(libshutdown2.o)
    0x00000146   0x00000146   0x00000000   Code   RO          418    .ARM.Collect$$libshutdown$$00000004  c_w.l(libshutdown2.o)
    0x00000146   0x00000146   0x00000000   Code   RO          421    .ARM.Collect$$libshutdown$$00000007  c_w.l(libshutdown2.o)
    0x00000146   0x00000146   0x00000000   Code   RO          424    .ARM.Collect$$libshutdown$$0000000A  c_w.l(libshutdown2.o)
    0x00000146   0x00000146   0x00000000   Code   RO          426    .ARM.Collect$$libshutdown$$0000000C  c_w.l(libshutdown2.o)
    0x00000146   0x00000146   0x00000000   Code   RO          429    .ARM.Collect$$libshutdown$$0000000F  c_w.l(libshutdown2.o)
    0x00000146   0x00000146   0x00000002   Code   RO          430    .ARM.Collect$$libshutdown$$00000010  c_w.l(libshutdown2.o)
    0x00000148   0x00000148   0x00000000   Code   RO          260    .ARM.Collect$$rtentry$$00000000  c_w.l(__rtentry.o)
    0x00000148   0x00000148   0x00000000   Code   RO          266    .ARM.Collect$$rtentry$$00000002  c_w.l(__rtentry2.o)
    0x00000148   0x00000148   0x00000006   Code   RO          278    .ARM.Collect$$rtentry$$00000004  c_w.l(__rtentry4.o)
    0x0000014e   0x0000014e   0x00000000   Code   RO          268    .ARM.Collect$$rtentry$$00000009  c_w.l(__rtentry2.o)
    0x0000014e   0x0000014e   0x00000004   Code   RO          269    .ARM.Collect$$rtentry$$0000000A  c_w.l(__rtentry2.o)
    0x00000152   0x00000152   0x00000000   Code   RO          271    .ARM.Collect$$rtentry$$0000000C  c_w.l(__rtentry2.o)
    0x00000152   0x00000152   0x00000008   Code   RO          272    .ARM.Collect$$rtentry$$0000000D  c_w.l(__rtentry2.o)
    0x0000015a   0x0000015a   0x00000002   Code   RO          299    .ARM.Collect$$rtexit$$00000000  c_w.l(rtexit.o)
    0x0000015c   0x0000015c   0x00000000   Code   RO          359    .ARM.Collect$$rtexit$$00000002  c_w.l(rtexit2.o)
    0x0000015c   0x0000015c   0x00000004   Code   RO          360    .ARM.Collect$$rtexit$$00000003  c_w.l(rtexit2.o)
    0x00000160   0x00000160   0x00000006   Code   RO          361    .ARM.Collect$$rtexit$$00000004  c_w.l(rtexit2.o)
    0x00000166   0x00000166   0x00000002   PAD
    0x00000168   0x00000168   0x0000003c   Code   RO          228    .text               startup_lpc17xx.o
    0x000001a4   0x000001a4   0x0000004e   Code   RO          254    .text               c_w.l(rt_memclr_w.o)
    0x000001f2   0x000001f2   0x00000006   Code   RO          256    .text               c_w.l(heapauxi.o)
    0x000001f8   0x000001f8   0x0000004a   Code   RO          282    .text               c_w.l(sys_stackheap_outer.o)
    0x00000242   0x00000242   0x00000012   Code   RO          284    .text               c_w.l(exit.o)
    0x00000254   0x00000254   0x00000008   Code   RO          296    .text               c_w.l(libspace.o)
    0x0000025c   0x0000025c   0x0000000c   Code   RO          354    .text               c_w.l(sys_exit.o)
    0x00000268   0x00000268   0x00000002   Code   RO          377    .text               c_w.l(use_no_semi.o)
    0x0000026a   0x0000026a   0x00000000   Code   RO          379    .text               c_w.l(indicate_semi.o)
    0x0000026a   0x0000026a   0x00000002   PAD
    0x0000026c   0x0000026c   0x0000001c   Code   RO          195    .text.GPIO_PinWrite  gpio_lpc17xx.o
    0x00000288   0x00000288   0x00000022   Code   RO          193    .text.GPIO_SetDir   gpio_lpc17xx.o
    0x000002aa   0x000002aa   0x00000002   PAD
    0x000002ac   0x000002ac   0x00000004   Code   RO           68    .text.SPI_GetCapabilities  spi_lpc17xx.o
    0x000002b0   0x000002b0   0x0000001c   Code   RO           82    .text.SPI_GetDataCount  spi_lpc17xx.o
    0x000002cc   0x000002cc   0x00000028   Code   RO           86    .text.SPI_GetStatus  spi_lpc17xx.o
    0x000002f4   0x000002f4   0x00000008   PAD
    0x000002fc   0x000002fc   0x00000004   Code   RO          227    .ARM.__at_0x02FC    startup_lpc17xx.o
    0x00000300   0x00000300   0x0000010a   Code   RO          178    .text.DMA_IRQHandler  gpdma_lpc17xx.o
    0x0000040a   0x0000040a   0x00000002   PAD
    0x0000040c   0x0000040c   0x00000148   Code   RO           28    .text.OLED_display  main.o
    0x00000554   0x00000554   0x000000a8   Code   RO           20    .text.OLED_init     main.o
    0x000005fc   0x000005fc   0x00000610   Code   RO           30    .text.OLED_initRegisters  main.o
    0x00000c0c   0x00000c0c   0x00000074   Code   RO          211    .text.PIN_Configure  pin_lpc17xx.o
    0x00000c80   0x00000c80   0x0000005c   Code   RO           12    .text.RTC_IRQHandler  main.o
    0x00000cdc   0x00000cdc   0x0000032c   Code   RO           84    .text.SPI_Control   spi_lpc17xx.o
    0x00001008   0x00001008   0x0000000a   Code   RO           66    .text.SPI_GetVersion  spi_lpc17xx.o
    0x00001012   0x00001012   0x00000002   PAD
    0x00001014   0x00001014   0x00000106   Code   RO           64    .text.SPI_IRQHandler  spi_lpc17xx.o
    0x0000111a   0x0000111a   0x00000002   PAD
    0x0000111c   0x0000111c   0x00000086   Code   RO           70    .text.SPI_Initialize  spi_lpc17xx.o
    0x000011a2   0x000011a2   0x00000002   PAD
    0x000011a4   0x000011a4   0x00000136   Code   RO           74    .text.SPI_PowerControl  spi_lpc17xx.o
    0x000012da   0x000012da   0x00000002   PAD
    0x000012dc   0x000012dc   0x00000082   Code   RO           78    .text.SPI_Receive   spi_lpc17xx.o
    0x0000135e   0x0000135e   0x00000002   PAD
    0x00001360   0x00001360   0x000000b6   Code   RO           76    .text.SPI_Send      spi_lpc17xx.o
    0x00001416   0x00001416   0x00000002   PAD
    0x00001418   0x00001418   0x000000bc   Code   RO           80    .text.SPI_Transfer  spi_lpc17xx.o
    0x000014d4   0x000014d4   0x0000004e   Code   RO           72    .text.SPI_Uninitialize  spi_lpc17xx.o
    0x00001522   0x00001522   0x00000002   PAD
    0x00001524   0x00001524   0x00000010   Code   RO           16    .text.SysTick_Handler  main.o
    0x00001534   0x00001534   0x000000cc   Code   RO          239    .text.SystemInit    system_lpc17xx.o
    0x00001600   0x00001600   0x0000021a   Code   RO          107    .text.UART0_IRQHandler  uart_lpc17xx.o
    0x0000181a   0x0000181a   0x00000002   PAD
    0x0000181c   0x0000181c   0x00000136   Code   RO           32    .text.main          main.o
    0x00001952   0x00001952   0x00000002   PAD
    0x00001954   0x00001954   0x0000002c   Data   RO           88    .rodata.Driver_SPI2  spi_lpc17xx.o
    0x00001980   0x00001980   0x00000010   Data   RO           96    .rodata.cst16       spi_lpc17xx.o
    0x00001990   0x00001990   0x00000030   Data   RO          432    Region$$Table       anon$$obj.o


    Execution Region RW_IRAM1 (Exec base: 0x10000000, Load base: 0x000019c0, Size: 0x00000408, Max: 0x00008000, ABSOLUTE)

    Exec Addr    Load Addr    Size         Type   Attr      Idx    E Section Name        Object

    0x10000000        -       0x00000406   Zero   RW           37    .bss.obrazek        main.o


    Execution Region RW_IRAM2 (Exec base: 0x2007c000, Load base: 0x000019c0, Size: 0x00000378, Max: 0x00008000, ABSOLUTE)

    Exec Addr    Load Addr    Size         Type   Attr      Idx    E Section Name        Object

    0x2007c000   0x000019c0   0x00000004   Data   RW           34    .data.SPIdrv        main.o
    0x2007c004   0x000019c4   0x00000004   Data   RW          241    .data.SystemCoreClock  system_lpc17xx.o
    0x2007c008        -       0x00000060   Zero   RW          297    .bss                c_w.l(libspace.o)
    0x2007c068        -       0x00000004   Zero   RW          182    .bss.Channel_active  gpdma_lpc17xx.o
    0x2007c06c        -       0x000000a0   Zero   RW          181    .bss.Channel_info   gpdma_lpc17xx.o
    0x2007c10c        -       0x00000001   Zero   RW           35    .bss.RTC_IRQHandler.flag  main.o
    0x2007c10d   0x000019c8   0x00000003   PAD
    0x2007c110        -       0x00000004   Zero   RW           89    .bss.SPI_Info.0     spi_lpc17xx.o
    0x2007c114        -       0x00000001   Zero   RW           90    .bss.SPI_Info.1     spi_lpc17xx.o
    0x2007c115   0x000019c8   0x00000003   PAD
    0x2007c118        -       0x00000001   Zero   RW           91    .bss.SPI_Info.2     spi_lpc17xx.o
    0x2007c119   0x000019c8   0x00000001   PAD
    0x2007c11a        -       0x00000001   Zero   RW           92    .bss.SPI_Info.3     spi_lpc17xx.o
    0x2007c11b   0x000019c8   0x00000001   PAD
    0x2007c11c        -       0x00000004   Zero   RW           93    .bss.SPI_Info.4     spi_lpc17xx.o
    0x2007c120        -       0x00000001   Zero   RW           94    .bss.SPI_Info.5     spi_lpc17xx.o
    0x2007c121   0x000019c8   0x00000003   PAD
    0x2007c124        -       0x0000001c   Zero   RW           95    .bss.SPI_Xfer       spi_lpc17xx.o
    0x2007c140        -       0x00000034   Zero   RW          151    .bss.USART0_Info    uart_lpc17xx.o
    0x2007c174        -       0x00000004   Zero   RW           36    .bss.msTicks        main.o
    0x2007c178        -       0x00000000   Zero   RW          225    HEAP                startup_lpc17xx.o
    0x2007c178        -       0x00000200   Zero   RW          224    STACK               startup_lpc17xx.o


==============================================================================

Image component sizes


      Code (inc. data)   RO Data    RW Data    ZI Data      Debug   Object Name

       266          0          0          0        164       7461   gpdma_lpc17xx.o
        62          0          0          0          0       4022   gpio_lpc17xx.o
      2466         16          0          4       1035      17142   main.o
       116          0          0          0          0       2521   pin_lpc17xx.o
      2178         28         60          0         40      10513   spi_lpc17xx.o
        64         26        204          0        512       1036   startup_lpc17xx.o
       204          0          0          4          0       2133   system_lpc17xx.o
       538          0          0          0         52      18681   uart_lpc17xx.o

    ----------------------------------------------------------------------
      5924         70        312          8       1816      63509   Object Totals
         0          0         48          0          0          0   (incl. Generated)
        30          0          0          0         13          0   (incl. Padding)

    ----------------------------------------------------------------------

      Code (inc. data)   RO Data    RW Data    ZI Data      Debug   Library Member Name

         8          0          0          0          0         68   __main.o
         0          0          0          0          0          0   __rtentry.o
        12          0          0          0          0          0   __rtentry2.o
         6          0          0          0          0          0   __rtentry4.o
        52          8          0          0          0          0   __scatter.o
        26          0          0          0          0          0   __scatter_copy.o
        28          0          0          0          0          0   __scatter_zi.o
        18          0          0          0          0         80   exit.o
         6          0          0          0          0        152   heapauxi.o
         0          0          0          0          0          0   indicate_semi.o
         2          0          0          0          0          0   libinit.o
         2          0          0          0          0          0   libinit2.o
         2          0          0          0          0          0   libshutdown.o
         2          0          0          0          0          0   libshutdown2.o
         8          4          0          0         96         68   libspace.o
        78          0          0          0          0         80   rt_memclr_w.o
         2          0          0          0          0          0   rtexit.o
        10          0          0          0          0          0   rtexit2.o
        12          4          0          0          0         68   sys_exit.o
        74          0          0          0          0         80   sys_stackheap_outer.o
         2          0          0          0          0         68   use_no_semi.o

    ----------------------------------------------------------------------
       356         16          0          0         96        664   Library Totals
         6          0          0          0          0          0   (incl. Padding)

    ----------------------------------------------------------------------

      Code (inc. data)   RO Data    RW Data    ZI Data      Debug   Library Name

       350         16          0          0         96        664   c_w.l

    ----------------------------------------------------------------------
       356         16          0          0         96        664   Library Totals

    ----------------------------------------------------------------------

==============================================================================


      Code (inc. data)   RO Data    RW Data    ZI Data      Debug   

      6280         86        312          8       1912      63893   Grand Totals
      6280         86        312          8       1912      63893   ELF Image Totals
      6280         86        312          8          0          0   ROM Totals

==============================================================================

    Total RO  Size (Code + RO Data)                 6592 (   6.44kB)
    Total RW  Size (RW Data + ZI Data)              1920 (   1.88kB)
    Total ROM Size (Code + RO Data + RW Data)       6600 (   6.45kB)

==============================================================================

