Component: Arm Compiler for Embedded 6.19 Tool: armlink [5e73cb00]

==============================================================================

Section Cross References

    mian.o(.text.delay) refers to mian.o(.bss.msTicks) for msTicks
    mian.o(.ARM.exidx.text.delay) refers to mian.o(.text.delay) for [Anonymous Symbol]
    mian.o(.text.main) refers to system_lpc17xx.o(.data.SystemCoreClock) for SystemCoreClock
    mian.o(.text.main) refers to mian.o(.text.SysTick_Config) for SysTick_Config
    mian.o(.text.main) refers to pin_lpc17xx.o(.text.PIN_Configure) for PIN_Configure
    mian.o(.text.main) refers to mian.o(.text.delay) for delay
    mian.o(.ARM.exidx.text.main) refers to mian.o(.text.main) for [Anonymous Symbol]
    mian.o(.text.SysTick_Config) refers to mian.o(.text.__NVIC_SetPriority) for __NVIC_SetPriority
    mian.o(.ARM.exidx.text.SysTick_Config) refers to mian.o(.text.SysTick_Config) for [Anonymous Symbol]
    mian.o(.ARM.exidx.text.__NVIC_SetPriority) refers to mian.o(.text.__NVIC_SetPriority) for [Anonymous Symbol]
    led_open1768.o(.text.LED_Initialize) refers to gpio_lpc17xx.o(.text.GPIO_PortClock) for GPIO_PortClock
    led_open1768.o(.text.LED_Initialize) refers to led_open1768.o(.rodata.LED_PIN) for LED_PIN
    led_open1768.o(.text.LED_Initialize) refers to pin_lpc17xx.o(.text.PIN_Configure) for PIN_Configure
    led_open1768.o(.text.LED_Initialize) refers to gpio_lpc17xx.o(.text.GPIO_SetDir) for GPIO_SetDir
    led_open1768.o(.text.LED_Initialize) refers to gpio_lpc17xx.o(.text.GPIO_PinWrite) for GPIO_PinWrite
    led_open1768.o(.ARM.exidx.text.LED_Initialize) refers to led_open1768.o(.text.LED_Initialize) for [Anonymous Symbol]
    led_open1768.o(.text.LED_Uninitialize) refers to led_open1768.o(.rodata.LED_PIN) for LED_PIN
    led_open1768.o(.text.LED_Uninitialize) refers to pin_lpc17xx.o(.text.PIN_Configure) for PIN_Configure
    led_open1768.o(.ARM.exidx.text.LED_Uninitialize) refers to led_open1768.o(.text.LED_Uninitialize) for [Anonymous Symbol]
    led_open1768.o(.text.LED_On) refers to led_open1768.o(.rodata.LED_PIN) for LED_PIN
    led_open1768.o(.text.LED_On) refers to gpio_lpc17xx.o(.text.GPIO_PinWrite) for GPIO_PinWrite
    led_open1768.o(.ARM.exidx.text.LED_On) refers to led_open1768.o(.text.LED_On) for [Anonymous Symbol]
    led_open1768.o(.text.LED_Off) refers to led_open1768.o(.rodata.LED_PIN) for LED_PIN
    led_open1768.o(.text.LED_Off) refers to gpio_lpc17xx.o(.text.GPIO_PinWrite) for GPIO_PinWrite
    led_open1768.o(.ARM.exidx.text.LED_Off) refers to led_open1768.o(.text.LED_Off) for [Anonymous Symbol]
    led_open1768.o(.text.LED_SetOut) refers to led_open1768.o(.text.LED_On) for LED_On
    led_open1768.o(.text.LED_SetOut) refers to led_open1768.o(.text.LED_Off) for LED_Off
    led_open1768.o(.ARM.exidx.text.LED_SetOut) refers to led_open1768.o(.text.LED_SetOut) for [Anonymous Symbol]
    led_open1768.o(.ARM.exidx.text.LED_GetCount) refers to led_open1768.o(.text.LED_GetCount) for [Anonymous Symbol]
    uart_lpc17xx.o(.text.USART_SetBaudrate) refers to uart_lpc17xx.o(.text.GetUsartClockFreq) for GetUsartClockFreq
    uart_lpc17xx.o(.text.USART_SetBaudrate) refers to lludivv7m.o(.text) for __aeabi_uldivmod
    uart_lpc17xx.o(.text.USART_SetBaudrate) refers to uart_lpc17xx.o(.rodata.fract_div_lookup_table) for fract_div_lookup_table
    uart_lpc17xx.o(.ARM.exidx.text.USART_SetBaudrate) refers to uart_lpc17xx.o(.text.USART_SetBaudrate) for [Anonymous Symbol]
    uart_lpc17xx.o(.text.GetUsartClockFreq) refers to system_lpc17xx.o(.data.SystemCoreClock) for SystemCoreClock
    uart_lpc17xx.o(.ARM.exidx.text.GetUsartClockFreq) refers to uart_lpc17xx.o(.text.GetUsartClockFreq) for [Anonymous Symbol]
    uart_lpc17xx.o(.text.UART0_IRQHandler) refers to uart_lpc17xx.o(.rodata.USART0_Resources) for USART0_Resources
    uart_lpc17xx.o(.text.UART0_IRQHandler) refers to uart_lpc17xx.o(.text.USART_IRQHandler) for USART_IRQHandler
    uart_lpc17xx.o(.ARM.exidx.text.UART0_IRQHandler) refers to uart_lpc17xx.o(.text.UART0_IRQHandler) for [Anonymous Symbol]
    uart_lpc17xx.o(.text.USART_IRQHandler) refers to uart_lpc17xx.o(.text.USART_RxLineIntHandler) for USART_RxLineIntHandler
    uart_lpc17xx.o(.ARM.exidx.text.USART_IRQHandler) refers to uart_lpc17xx.o(.text.USART_IRQHandler) for [Anonymous Symbol]
    uart_lpc17xx.o(.text.USART0_GPDMA_Tx_Event) refers to uart_lpc17xx.o(.rodata.USART0_Resources) for USART0_Resources
    uart_lpc17xx.o(.text.USART0_GPDMA_Tx_Event) refers to uart_lpc17xx.o(.text.USART_GPDMA_Tx_Event) for USART_GPDMA_Tx_Event
    uart_lpc17xx.o(.ARM.exidx.text.USART0_GPDMA_Tx_Event) refers to uart_lpc17xx.o(.text.USART0_GPDMA_Tx_Event) for [Anonymous Symbol]
    uart_lpc17xx.o(.ARM.exidx.text.USART_GPDMA_Tx_Event) refers to uart_lpc17xx.o(.text.USART_GPDMA_Tx_Event) for [Anonymous Symbol]
    uart_lpc17xx.o(.text.USART0_GPDMA_Rx_Event) refers to uart_lpc17xx.o(.rodata.USART0_Resources) for USART0_Resources
    uart_lpc17xx.o(.text.USART0_GPDMA_Rx_Event) refers to uart_lpc17xx.o(.text.USART_GPDMA_Rx_Event) for USART_GPDMA_Rx_Event
    uart_lpc17xx.o(.ARM.exidx.text.USART0_GPDMA_Rx_Event) refers to uart_lpc17xx.o(.text.USART0_GPDMA_Rx_Event) for [Anonymous Symbol]
    uart_lpc17xx.o(.ARM.exidx.text.USART_GPDMA_Rx_Event) refers to uart_lpc17xx.o(.text.USART_GPDMA_Rx_Event) for [Anonymous Symbol]
    uart_lpc17xx.o(.ARM.exidx.text.USARTx_GetVersion) refers to uart_lpc17xx.o(.text.USARTx_GetVersion) for [Anonymous Symbol]
    uart_lpc17xx.o(.text.USART0_GetCapabilities) refers to uart_lpc17xx.o(.rodata.USART0_Resources) for USART0_Resources
    uart_lpc17xx.o(.text.USART0_GetCapabilities) refers to uart_lpc17xx.o(.text.USART_GetCapabilities) for USART_GetCapabilities
    uart_lpc17xx.o(.ARM.exidx.text.USART0_GetCapabilities) refers to uart_lpc17xx.o(.text.USART0_GetCapabilities) for [Anonymous Symbol]
    uart_lpc17xx.o(.text.USART0_Initialize) refers to uart_lpc17xx.o(.rodata.USART0_Resources) for USART0_Resources
    uart_lpc17xx.o(.text.USART0_Initialize) refers to uart_lpc17xx.o(.text.USART_Initialize) for USART_Initialize
    uart_lpc17xx.o(.ARM.exidx.text.USART0_Initialize) refers to uart_lpc17xx.o(.text.USART0_Initialize) for [Anonymous Symbol]
    uart_lpc17xx.o(.text.USART0_Uninitialize) refers to uart_lpc17xx.o(.rodata.USART0_Resources) for USART0_Resources
    uart_lpc17xx.o(.text.USART0_Uninitialize) refers to uart_lpc17xx.o(.text.USART_Uninitialize) for USART_Uninitialize
    uart_lpc17xx.o(.ARM.exidx.text.USART0_Uninitialize) refers to uart_lpc17xx.o(.text.USART0_Uninitialize) for [Anonymous Symbol]
    uart_lpc17xx.o(.text.USART0_PowerControl) refers to uart_lpc17xx.o(.rodata.USART0_Resources) for USART0_Resources
    uart_lpc17xx.o(.text.USART0_PowerControl) refers to uart_lpc17xx.o(.text.USART_PowerControl) for USART_PowerControl
    uart_lpc17xx.o(.ARM.exidx.text.USART0_PowerControl) refers to uart_lpc17xx.o(.text.USART0_PowerControl) for [Anonymous Symbol]
    uart_lpc17xx.o(.text.USART0_Send) refers to uart_lpc17xx.o(.rodata.USART0_Resources) for USART0_Resources
    uart_lpc17xx.o(.text.USART0_Send) refers to uart_lpc17xx.o(.text.USART_Send) for USART_Send
    uart_lpc17xx.o(.ARM.exidx.text.USART0_Send) refers to uart_lpc17xx.o(.text.USART0_Send) for [Anonymous Symbol]
    uart_lpc17xx.o(.text.USART0_Receive) refers to uart_lpc17xx.o(.rodata.USART0_Resources) for USART0_Resources
    uart_lpc17xx.o(.text.USART0_Receive) refers to uart_lpc17xx.o(.text.USART_Receive) for USART_Receive
    uart_lpc17xx.o(.ARM.exidx.text.USART0_Receive) refers to uart_lpc17xx.o(.text.USART0_Receive) for [Anonymous Symbol]
    uart_lpc17xx.o(.text.USART0_Transfer) refers to uart_lpc17xx.o(.rodata.USART0_Resources) for USART0_Resources
    uart_lpc17xx.o(.text.USART0_Transfer) refers to uart_lpc17xx.o(.text.USART_Transfer) for USART_Transfer
    uart_lpc17xx.o(.ARM.exidx.text.USART0_Transfer) refers to uart_lpc17xx.o(.text.USART0_Transfer) for [Anonymous Symbol]
    uart_lpc17xx.o(.text.USART0_GetTxCount) refers to uart_lpc17xx.o(.rodata.USART0_Resources) for USART0_Resources
    uart_lpc17xx.o(.text.USART0_GetTxCount) refers to uart_lpc17xx.o(.text.USART_GetTxCount) for USART_GetTxCount
    uart_lpc17xx.o(.ARM.exidx.text.USART0_GetTxCount) refers to uart_lpc17xx.o(.text.USART0_GetTxCount) for [Anonymous Symbol]
    uart_lpc17xx.o(.text.USART0_GetRxCount) refers to uart_lpc17xx.o(.rodata.USART0_Resources) for USART0_Resources
    uart_lpc17xx.o(.text.USART0_GetRxCount) refers to uart_lpc17xx.o(.text.USART_GetRxCount) for USART_GetRxCount
    uart_lpc17xx.o(.ARM.exidx.text.USART0_GetRxCount) refers to uart_lpc17xx.o(.text.USART0_GetRxCount) for [Anonymous Symbol]
    uart_lpc17xx.o(.text.USART0_Control) refers to uart_lpc17xx.o(.rodata.USART0_Resources) for USART0_Resources
    uart_lpc17xx.o(.text.USART0_Control) refers to uart_lpc17xx.o(.text.USART_Control) for USART_Control
    uart_lpc17xx.o(.ARM.exidx.text.USART0_Control) refers to uart_lpc17xx.o(.text.USART0_Control) for [Anonymous Symbol]
    uart_lpc17xx.o(.text.USART0_GetStatus) refers to uart_lpc17xx.o(.rodata.USART0_Resources) for USART0_Resources
    uart_lpc17xx.o(.text.USART0_GetStatus) refers to uart_lpc17xx.o(.text.USART_GetStatus) for USART_GetStatus
    uart_lpc17xx.o(.ARM.exidx.text.USART0_GetStatus) refers to uart_lpc17xx.o(.text.USART0_GetStatus) for [Anonymous Symbol]
    uart_lpc17xx.o(.text.USART0_SetModemControl) refers to uart_lpc17xx.o(.rodata.USART0_Resources) for USART0_Resources
    uart_lpc17xx.o(.text.USART0_SetModemControl) refers to uart_lpc17xx.o(.text.USART_SetModemControl) for USART_SetModemControl
    uart_lpc17xx.o(.ARM.exidx.text.USART0_SetModemControl) refers to uart_lpc17xx.o(.text.USART0_SetModemControl) for [Anonymous Symbol]
    uart_lpc17xx.o(.text.USART0_GetModemStatus) refers to uart_lpc17xx.o(.rodata.USART0_Resources) for USART0_Resources
    uart_lpc17xx.o(.text.USART0_GetModemStatus) refers to uart_lpc17xx.o(.text.USART_GetModemStatus) for USART_GetModemStatus
    uart_lpc17xx.o(.ARM.exidx.text.USART0_GetModemStatus) refers to uart_lpc17xx.o(.text.USART0_GetModemStatus) for [Anonymous Symbol]
    uart_lpc17xx.o(.ARM.exidx.text.USART_RxLineIntHandler) refers to uart_lpc17xx.o(.text.USART_RxLineIntHandler) for [Anonymous Symbol]
    uart_lpc17xx.o(.ARM.exidx.text.USART_GetCapabilities) refers to uart_lpc17xx.o(.text.USART_GetCapabilities) for [Anonymous Symbol]
    uart_lpc17xx.o(.text.USART_Initialize) refers to pin_lpc17xx.o(.text.PIN_Configure) for PIN_Configure
    uart_lpc17xx.o(.text.USART_Initialize) refers to gpdma_lpc17xx.o(.text.GPDMA_Initialize) for GPDMA_Initialize
    uart_lpc17xx.o(.ARM.exidx.text.USART_Initialize) refers to uart_lpc17xx.o(.text.USART_Initialize) for [Anonymous Symbol]
    uart_lpc17xx.o(.text.USART_Uninitialize) refers to pin_lpc17xx.o(.text.PIN_Configure) for PIN_Configure
    uart_lpc17xx.o(.text.USART_Uninitialize) refers to gpdma_lpc17xx.o(.text.GPDMA_Uninitialize) for GPDMA_Uninitialize
    uart_lpc17xx.o(.ARM.exidx.text.USART_Uninitialize) refers to uart_lpc17xx.o(.text.USART_Uninitialize) for [Anonymous Symbol]
    uart_lpc17xx.o(.text.USART_PowerControl) refers to uart_lpc17xx.o(.text.__NVIC_DisableIRQ) for __NVIC_DisableIRQ
    uart_lpc17xx.o(.text.USART_PowerControl) refers to pin_lpc17xx.o(.text.PIN_Configure) for PIN_Configure
    uart_lpc17xx.o(.text.USART_PowerControl) refers to gpdma_lpc17xx.o(.text.GPDMA_ChannelDisable) for GPDMA_ChannelDisable
    uart_lpc17xx.o(.text.USART_PowerControl) refers to uart_lpc17xx.o(.text.__NVIC_ClearPendingIRQ) for __NVIC_ClearPendingIRQ
    uart_lpc17xx.o(.text.USART_PowerControl) refers to uart_lpc17xx.o(.text.__NVIC_EnableIRQ) for __NVIC_EnableIRQ
    uart_lpc17xx.o(.ARM.exidx.text.USART_PowerControl) refers to uart_lpc17xx.o(.text.USART_PowerControl) for [Anonymous Symbol]
    uart_lpc17xx.o(.ARM.exidx.text.__NVIC_DisableIRQ) refers to uart_lpc17xx.o(.text.__NVIC_DisableIRQ) for [Anonymous Symbol]
    uart_lpc17xx.o(.ARM.exidx.text.__NVIC_ClearPendingIRQ) refers to uart_lpc17xx.o(.text.__NVIC_ClearPendingIRQ) for [Anonymous Symbol]
    uart_lpc17xx.o(.ARM.exidx.text.__NVIC_EnableIRQ) refers to uart_lpc17xx.o(.text.__NVIC_EnableIRQ) for [Anonymous Symbol]
    uart_lpc17xx.o(.text.USART_Send) refers to uart_lpc17xx.o(.text.USART_Receive) for USART_Receive
    uart_lpc17xx.o(.text.USART_Send) refers to gpdma_lpc17xx.o(.text.GPDMA_PeripheralSelect) for GPDMA_PeripheralSelect
    uart_lpc17xx.o(.text.USART_Send) refers to gpdma_lpc17xx.o(.text.GPDMA_ChannelConfigure) for GPDMA_ChannelConfigure
    uart_lpc17xx.o(.ARM.exidx.text.USART_Send) refers to uart_lpc17xx.o(.text.USART_Send) for [Anonymous Symbol]
    uart_lpc17xx.o(.text.USART_Receive) refers to gpdma_lpc17xx.o(.text.GPDMA_PeripheralSelect) for GPDMA_PeripheralSelect
    uart_lpc17xx.o(.text.USART_Receive) refers to gpdma_lpc17xx.o(.text.GPDMA_ChannelConfigure) for GPDMA_ChannelConfigure
    uart_lpc17xx.o(.text.USART_Receive) refers to uart_lpc17xx.o(.text.USART_Send) for USART_Send
    uart_lpc17xx.o(.ARM.exidx.text.USART_Receive) refers to uart_lpc17xx.o(.text.USART_Receive) for [Anonymous Symbol]
    uart_lpc17xx.o(.text.USART_Transfer) refers to uart_lpc17xx.o(.text.USART_Receive) for USART_Receive
    uart_lpc17xx.o(.text.USART_Transfer) refers to uart_lpc17xx.o(.text.USART_Send) for USART_Send
    uart_lpc17xx.o(.ARM.exidx.text.USART_Transfer) refers to uart_lpc17xx.o(.text.USART_Transfer) for [Anonymous Symbol]
    uart_lpc17xx.o(.text.USART_GetTxCount) refers to gpdma_lpc17xx.o(.text.GPDMA_ChannelGetCount) for GPDMA_ChannelGetCount
    uart_lpc17xx.o(.ARM.exidx.text.USART_GetTxCount) refers to uart_lpc17xx.o(.text.USART_GetTxCount) for [Anonymous Symbol]
    uart_lpc17xx.o(.text.USART_GetRxCount) refers to gpdma_lpc17xx.o(.text.GPDMA_ChannelGetCount) for GPDMA_ChannelGetCount
    uart_lpc17xx.o(.ARM.exidx.text.USART_GetRxCount) refers to uart_lpc17xx.o(.text.USART_GetRxCount) for [Anonymous Symbol]
    uart_lpc17xx.o(.text.USART_Control) refers to pin_lpc17xx.o(.text.PIN_Configure) for PIN_Configure
    uart_lpc17xx.o(.text.USART_Control) refers to gpdma_lpc17xx.o(.text.GPDMA_ChannelDisable) for GPDMA_ChannelDisable
    uart_lpc17xx.o(.text.USART_Control) refers to uart_lpc17xx.o(.text.GetUsartClockFreq) for GetUsartClockFreq
    uart_lpc17xx.o(.text.USART_Control) refers to uart_lpc17xx.o(.text.USART_SetBaudrate) for USART_SetBaudrate
    uart_lpc17xx.o(.ARM.exidx.text.USART_Control) refers to uart_lpc17xx.o(.text.USART_Control) for [Anonymous Symbol]
    uart_lpc17xx.o(.ARM.exidx.text.USART_GetStatus) refers to uart_lpc17xx.o(.text.USART_GetStatus) for [Anonymous Symbol]
    uart_lpc17xx.o(.ARM.exidx.text.USART_SetModemControl) refers to uart_lpc17xx.o(.text.USART_SetModemControl) for [Anonymous Symbol]
    uart_lpc17xx.o(.ARM.exidx.text.USART_GetModemStatus) refers to uart_lpc17xx.o(.text.USART_GetModemStatus) for [Anonymous Symbol]
    uart_lpc17xx.o(.rodata.Driver_USART0) refers to uart_lpc17xx.o(.text.USARTx_GetVersion) for USARTx_GetVersion
    uart_lpc17xx.o(.rodata.Driver_USART0) refers to uart_lpc17xx.o(.text.USART0_GetCapabilities) for USART0_GetCapabilities
    uart_lpc17xx.o(.rodata.Driver_USART0) refers to uart_lpc17xx.o(.text.USART0_Initialize) for USART0_Initialize
    uart_lpc17xx.o(.rodata.Driver_USART0) refers to uart_lpc17xx.o(.text.USART0_Uninitialize) for USART0_Uninitialize
    uart_lpc17xx.o(.rodata.Driver_USART0) refers to uart_lpc17xx.o(.text.USART0_PowerControl) for USART0_PowerControl
    uart_lpc17xx.o(.rodata.Driver_USART0) refers to uart_lpc17xx.o(.text.USART0_Send) for USART0_Send
    uart_lpc17xx.o(.rodata.Driver_USART0) refers to uart_lpc17xx.o(.text.USART0_Receive) for USART0_Receive
    uart_lpc17xx.o(.rodata.Driver_USART0) refers to uart_lpc17xx.o(.text.USART0_Transfer) for USART0_Transfer
    uart_lpc17xx.o(.rodata.Driver_USART0) refers to uart_lpc17xx.o(.text.USART0_GetTxCount) for USART0_GetTxCount
    uart_lpc17xx.o(.rodata.Driver_USART0) refers to uart_lpc17xx.o(.text.USART0_GetRxCount) for USART0_GetRxCount
    uart_lpc17xx.o(.rodata.Driver_USART0) refers to uart_lpc17xx.o(.text.USART0_Control) for USART0_Control
    uart_lpc17xx.o(.rodata.Driver_USART0) refers to uart_lpc17xx.o(.text.USART0_GetStatus) for USART0_GetStatus
    uart_lpc17xx.o(.rodata.Driver_USART0) refers to uart_lpc17xx.o(.text.USART0_SetModemControl) for USART0_SetModemControl
    uart_lpc17xx.o(.rodata.Driver_USART0) refers to uart_lpc17xx.o(.text.USART0_GetModemStatus) for USART0_GetModemStatus
    uart_lpc17xx.o(.rodata.UART0_DMA_Tx) refers to uart_lpc17xx.o(.text.USART0_GPDMA_Tx_Event) for USART0_GPDMA_Tx_Event
    uart_lpc17xx.o(.rodata.UART0_DMA_Rx) refers to uart_lpc17xx.o(.text.USART0_GPDMA_Rx_Event) for USART0_GPDMA_Rx_Event
    uart_lpc17xx.o(.rodata.USART0_Resources) refers to uart_lpc17xx.o(.rodata.USART0_pin_tx) for [Anonymous Symbol]
    uart_lpc17xx.o(.rodata.USART0_Resources) refers to uart_lpc17xx.o(.rodata.USART0_pin_rx) for [Anonymous Symbol]
    uart_lpc17xx.o(.rodata.USART0_Resources) refers to uart_lpc17xx.o(.rodata.UART0_DMA_Tx) for [Anonymous Symbol]
    uart_lpc17xx.o(.rodata.USART0_Resources) refers to uart_lpc17xx.o(.rodata.UART0_DMA_Rx) for [Anonymous Symbol]
    uart_lpc17xx.o(.rodata.USART0_Resources) refers to uart_lpc17xx.o(.bss.USART0_Info) for [Anonymous Symbol]
    gpdma_lpc17xx.o(.text.GPDMA_Initialize) refers to gpdma_lpc17xx.o(.bss.Init_cnt) for Init_cnt
    gpdma_lpc17xx.o(.text.GPDMA_Initialize) refers to gpdma_lpc17xx.o(.bss.Channel_info) for Channel_info
    gpdma_lpc17xx.o(.text.GPDMA_Initialize) refers to gpdma_lpc17xx.o(.text.__NVIC_ClearPendingIRQ) for __NVIC_ClearPendingIRQ
    gpdma_lpc17xx.o(.text.GPDMA_Initialize) refers to gpdma_lpc17xx.o(.text.__NVIC_EnableIRQ) for __NVIC_EnableIRQ
    gpdma_lpc17xx.o(.ARM.exidx.text.GPDMA_Initialize) refers to gpdma_lpc17xx.o(.text.GPDMA_Initialize) for [Anonymous Symbol]
    gpdma_lpc17xx.o(.ARM.exidx.text.__NVIC_ClearPendingIRQ) refers to gpdma_lpc17xx.o(.text.__NVIC_ClearPendingIRQ) for [Anonymous Symbol]
    gpdma_lpc17xx.o(.ARM.exidx.text.__NVIC_EnableIRQ) refers to gpdma_lpc17xx.o(.text.__NVIC_EnableIRQ) for [Anonymous Symbol]
    gpdma_lpc17xx.o(.text.GPDMA_Uninitialize) refers to gpdma_lpc17xx.o(.bss.Init_cnt) for Init_cnt
    gpdma_lpc17xx.o(.text.GPDMA_Uninitialize) refers to gpdma_lpc17xx.o(.text.__NVIC_DisableIRQ) for __NVIC_DisableIRQ
    gpdma_lpc17xx.o(.text.GPDMA_Uninitialize) refers to gpdma_lpc17xx.o(.text.__NVIC_ClearPendingIRQ) for __NVIC_ClearPendingIRQ
    gpdma_lpc17xx.o(.ARM.exidx.text.GPDMA_Uninitialize) refers to gpdma_lpc17xx.o(.text.GPDMA_Uninitialize) for [Anonymous Symbol]
    gpdma_lpc17xx.o(.ARM.exidx.text.__NVIC_DisableIRQ) refers to gpdma_lpc17xx.o(.text.__NVIC_DisableIRQ) for [Anonymous Symbol]
    gpdma_lpc17xx.o(.ARM.exidx.text.GPDMA_PeripheralSelect) refers to gpdma_lpc17xx.o(.text.GPDMA_PeripheralSelect) for [Anonymous Symbol]
    gpdma_lpc17xx.o(.text.GPDMA_ChannelConfigure) refers to gpdma_lpc17xx.o(.text.Set_Channel_active_flag) for Set_Channel_active_flag
    gpdma_lpc17xx.o(.text.GPDMA_ChannelConfigure) refers to gpdma_lpc17xx.o(.bss.Channel_info) for Channel_info
    gpdma_lpc17xx.o(.text.GPDMA_ChannelConfigure) refers to gpdma_lpc17xx.o(.text.Clear_Channel_active_flag) for Clear_Channel_active_flag
    gpdma_lpc17xx.o(.ARM.exidx.text.GPDMA_ChannelConfigure) refers to gpdma_lpc17xx.o(.text.GPDMA_ChannelConfigure) for [Anonymous Symbol]
    gpdma_lpc17xx.o(.text.Set_Channel_active_flag) refers to gpdma_lpc17xx.o(.bss.Channel_active) for Channel_active
    gpdma_lpc17xx.o(.ARM.exidx.text.Set_Channel_active_flag) refers to gpdma_lpc17xx.o(.text.Set_Channel_active_flag) for [Anonymous Symbol]
    gpdma_lpc17xx.o(.text.Clear_Channel_active_flag) refers to gpdma_lpc17xx.o(.bss.Channel_active) for Channel_active
    gpdma_lpc17xx.o(.ARM.exidx.text.Clear_Channel_active_flag) refers to gpdma_lpc17xx.o(.text.Clear_Channel_active_flag) for [Anonymous Symbol]
    gpdma_lpc17xx.o(.text.GPDMA_ChannelEnable) refers to gpdma_lpc17xx.o(.text.Set_Channel_active_flag) for Set_Channel_active_flag
    gpdma_lpc17xx.o(.ARM.exidx.text.GPDMA_ChannelEnable) refers to gpdma_lpc17xx.o(.text.GPDMA_ChannelEnable) for [Anonymous Symbol]
    gpdma_lpc17xx.o(.text.GPDMA_ChannelDisable) refers to gpdma_lpc17xx.o(.text.Clear_Channel_active_flag) for Clear_Channel_active_flag
    gpdma_lpc17xx.o(.ARM.exidx.text.GPDMA_ChannelDisable) refers to gpdma_lpc17xx.o(.text.GPDMA_ChannelDisable) for [Anonymous Symbol]
    gpdma_lpc17xx.o(.text.GPDMA_ChannelGetStatus) refers to gpdma_lpc17xx.o(.bss.Channel_active) for Channel_active
    gpdma_lpc17xx.o(.ARM.exidx.text.GPDMA_ChannelGetStatus) refers to gpdma_lpc17xx.o(.text.GPDMA_ChannelGetStatus) for [Anonymous Symbol]
    gpdma_lpc17xx.o(.text.GPDMA_ChannelGetCount) refers to gpdma_lpc17xx.o(.bss.Channel_info) for Channel_info
    gpdma_lpc17xx.o(.ARM.exidx.text.GPDMA_ChannelGetCount) refers to gpdma_lpc17xx.o(.text.GPDMA_ChannelGetCount) for [Anonymous Symbol]
    gpdma_lpc17xx.o(.text.DMA_IRQHandler) refers to gpdma_lpc17xx.o(.bss.Channel_info) for Channel_info
    gpdma_lpc17xx.o(.text.DMA_IRQHandler) refers to gpdma_lpc17xx.o(.text.Clear_Channel_active_flag) for Clear_Channel_active_flag
    gpdma_lpc17xx.o(.ARM.exidx.text.DMA_IRQHandler) refers to gpdma_lpc17xx.o(.text.DMA_IRQHandler) for [Anonymous Symbol]
    gpio_lpc17xx.o(.ARM.exidx.text.GPIO_PortClock) refers to gpio_lpc17xx.o(.text.GPIO_PortClock) for [Anonymous Symbol]
    gpio_lpc17xx.o(.ARM.exidx.text.GPIO_SetDir) refers to gpio_lpc17xx.o(.text.GPIO_SetDir) for [Anonymous Symbol]
    gpio_lpc17xx.o(.ARM.exidx.text.GPIO_PinWrite) refers to gpio_lpc17xx.o(.text.GPIO_PinWrite) for [Anonymous Symbol]
    gpio_lpc17xx.o(.ARM.exidx.text.GPIO_PinRead) refers to gpio_lpc17xx.o(.text.GPIO_PinRead) for [Anonymous Symbol]
    gpio_lpc17xx.o(.ARM.exidx.text.GPIO_PortWrite) refers to gpio_lpc17xx.o(.text.GPIO_PortWrite) for [Anonymous Symbol]
    gpio_lpc17xx.o(.ARM.exidx.text.GPIO_PortRead) refers to gpio_lpc17xx.o(.text.GPIO_PortRead) for [Anonymous Symbol]
    pin_lpc17xx.o(.ARM.exidx.text.PIN_Configure) refers to pin_lpc17xx.o(.text.PIN_Configure) for [Anonymous Symbol]
    pin_lpc17xx.o(.ARM.exidx.text.PIN_ConfigureTPIU) refers to pin_lpc17xx.o(.text.PIN_ConfigureTPIU) for [Anonymous Symbol]
    pin_lpc17xx.o(.ARM.exidx.text.PIN_ConfigureI2C0Pins) refers to pin_lpc17xx.o(.text.PIN_ConfigureI2C0Pins) for [Anonymous Symbol]
    startup_lpc17xx.o(STACK) refers (Special) to heapauxi.o(.text) for __use_two_region_memory
    startup_lpc17xx.o(HEAP) refers (Special) to heapauxi.o(.text) for __use_two_region_memory
    startup_lpc17xx.o(RESET) refers (Special) to heapauxi.o(.text) for __use_two_region_memory
    startup_lpc17xx.o(RESET) refers to startup_lpc17xx.o(STACK) for __initial_sp
    startup_lpc17xx.o(RESET) refers to startup_lpc17xx.o(.text) for Reset_Handler
    startup_lpc17xx.o(RESET) refers to uart_lpc17xx.o(.text.UART0_IRQHandler) for UART0_IRQHandler
    startup_lpc17xx.o(RESET) refers to gpdma_lpc17xx.o(.text.DMA_IRQHandler) for DMA_IRQHandler
    startup_lpc17xx.o(.ARM.__at_0x02FC) refers (Special) to heapauxi.o(.text) for __use_two_region_memory
    startup_lpc17xx.o(.text) refers (Special) to heapauxi.o(.text) for __use_two_region_memory
    startup_lpc17xx.o(.text) refers to system_lpc17xx.o(.text.SystemInit) for SystemInit
    startup_lpc17xx.o(.text) refers to __main.o(!!!main) for __main
    startup_lpc17xx.o(.text) refers to startup_lpc17xx.o(HEAP) for Heap_Mem
    startup_lpc17xx.o(.text) refers to startup_lpc17xx.o(STACK) for Stack_Mem
    system_lpc17xx.o(.text.SystemCoreClockUpdate) refers to lludivv7m.o(.text) for __aeabi_uldivmod
    system_lpc17xx.o(.text.SystemCoreClockUpdate) refers to system_lpc17xx.o(.data.SystemCoreClock) for SystemCoreClock
    system_lpc17xx.o(.ARM.exidx.text.SystemCoreClockUpdate) refers to system_lpc17xx.o(.text.SystemCoreClockUpdate) for [Anonymous Symbol]
    system_lpc17xx.o(.ARM.exidx.text.SystemInit) refers to system_lpc17xx.o(.text.SystemInit) for [Anonymous Symbol]
    __main.o(!!!main) refers to __rtentry.o(.ARM.Collect$$rtentry$$00000000) for __rt_entry
    __rtentry.o(.ARM.Collect$$rtentry$$00000000) refers (Special) to __rtentry2.o(.ARM.Collect$$rtentry$$0000000A) for __rt_entry_li
    __rtentry.o(.ARM.Collect$$rtentry$$00000000) refers (Special) to __rtentry2.o(.ARM.Collect$$rtentry$$0000000D) for __rt_entry_main
    __rtentry.o(.ARM.Collect$$rtentry$$00000000) refers (Special) to __rtentry2.o(.ARM.Collect$$rtentry$$0000000C) for __rt_entry_postli_1
    __rtentry.o(.ARM.Collect$$rtentry$$00000000) refers (Special) to __rtentry2.o(.ARM.Collect$$rtentry$$00000009) for __rt_entry_postsh_1
    __rtentry.o(.ARM.Collect$$rtentry$$00000000) refers (Special) to __rtentry2.o(.ARM.Collect$$rtentry$$00000002) for __rt_entry_presh_1
    __rtentry.o(.ARM.Collect$$rtentry$$00000000) refers (Special) to __rtentry4.o(.ARM.Collect$$rtentry$$00000004) for __rt_entry_sh
    aeabi_ldiv0_sigfpe.o(.text) refers to rt_div0.o(.text) for __rt_div0
    __rtentry2.o(.ARM.Collect$$rtentry$$00000008) refers to boardinit2.o(.text) for _platform_post_stackheap_init
    __rtentry2.o(.ARM.Collect$$rtentry$$0000000A) refers to libinit.o(.ARM.Collect$$libinit$$00000000) for __rt_lib_init
    __rtentry2.o(.ARM.Collect$$rtentry$$0000000B) refers to boardinit3.o(.text) for _platform_post_lib_init
    __rtentry2.o(.ARM.Collect$$rtentry$$0000000D) refers to mian.o(.text.main) for main
    __rtentry2.o(.ARM.Collect$$rtentry$$0000000D) refers to exit.o(.text) for exit
    __rtentry2.o(.ARM.exidx) refers to __rtentry2.o(.ARM.Collect$$rtentry$$00000001) for .ARM.Collect$$rtentry$$00000001
    __rtentry2.o(.ARM.exidx) refers to __rtentry2.o(.ARM.Collect$$rtentry$$00000008) for .ARM.Collect$$rtentry$$00000008
    __rtentry2.o(.ARM.exidx) refers to __rtentry2.o(.ARM.Collect$$rtentry$$0000000A) for .ARM.Collect$$rtentry$$0000000A
    __rtentry2.o(.ARM.exidx) refers to __rtentry2.o(.ARM.Collect$$rtentry$$0000000B) for .ARM.Collect$$rtentry$$0000000B
    __rtentry2.o(.ARM.exidx) refers to __rtentry2.o(.ARM.Collect$$rtentry$$0000000D) for .ARM.Collect$$rtentry$$0000000D
    __rtentry4.o(.ARM.Collect$$rtentry$$00000004) refers to sys_stackheap_outer.o(.text) for __user_setup_stackheap
    __rtentry4.o(.ARM.exidx) refers to __rtentry4.o(.ARM.Collect$$rtentry$$00000004) for .ARM.Collect$$rtentry$$00000004
    rt_div0.o(.text) refers to defsig_fpe_outer.o(.text) for __rt_SIGFPE
    sys_stackheap_outer.o(.text) refers to libspace.o(.text) for __user_perproc_libspace
    sys_stackheap_outer.o(.text) refers to startup_lpc17xx.o(.text) for __user_initial_stackheap
    exit.o(.text) refers to rtexit.o(.ARM.Collect$$rtexit$$00000000) for __rt_exit
    defsig_fpe_outer.o(.text) refers to defsig_fpe_inner.o(.text) for __rt_SIGFPE_inner
    defsig_fpe_outer.o(.text) refers to defsig_exit.o(.text) for __sig_exit
    defsig_fpe_formal.o(.text) refers to rt_raise.o(.text) for __rt_raise
    libinit.o(.ARM.Collect$$libinit$$00000000) refers (Special) to libinit2.o(.ARM.Collect$$libinit$$00000030) for __rt_lib_init_alloca_1
    libinit.o(.ARM.Collect$$libinit$$00000000) refers (Special) to libinit2.o(.ARM.Collect$$libinit$$0000002E) for __rt_lib_init_argv_1
    libinit.o(.ARM.Collect$$libinit$$00000000) refers (Special) to libinit2.o(.ARM.Collect$$libinit$$0000001D) for __rt_lib_init_atexit_1
    libinit.o(.ARM.Collect$$libinit$$00000000) refers (Special) to libinit2.o(.ARM.Collect$$libinit$$00000023) for __rt_lib_init_clock_1
    libinit.o(.ARM.Collect$$libinit$$00000000) refers (Special) to libinit2.o(.ARM.Collect$$libinit$$00000034) for __rt_lib_init_cpp_1
    libinit.o(.ARM.Collect$$libinit$$00000000) refers (Special) to libinit2.o(.ARM.Collect$$libinit$$00000032) for __rt_lib_init_exceptions_1
    libinit.o(.ARM.Collect$$libinit$$00000000) refers (Special) to libinit2.o(.ARM.Collect$$libinit$$00000002) for __rt_lib_init_fp_1
    libinit.o(.ARM.Collect$$libinit$$00000000) refers (Special) to libinit2.o(.ARM.Collect$$libinit$$00000021) for __rt_lib_init_fp_trap_1
    libinit.o(.ARM.Collect$$libinit$$00000000) refers (Special) to libinit2.o(.ARM.Collect$$libinit$$00000025) for __rt_lib_init_getenv_1
    libinit.o(.ARM.Collect$$libinit$$00000000) refers (Special) to libinit2.o(.ARM.Collect$$libinit$$0000000C) for __rt_lib_init_heap_1
    libinit.o(.ARM.Collect$$libinit$$00000000) refers (Special) to libinit2.o(.ARM.Collect$$libinit$$00000013) for __rt_lib_init_lc_collate_1
    libinit.o(.ARM.Collect$$libinit$$00000000) refers (Special) to libinit2.o(.ARM.Collect$$libinit$$00000015) for __rt_lib_init_lc_ctype_1
    libinit.o(.ARM.Collect$$libinit$$00000000) refers (Special) to libinit2.o(.ARM.Collect$$libinit$$00000017) for __rt_lib_init_lc_monetary_1
    libinit.o(.ARM.Collect$$libinit$$00000000) refers (Special) to libinit2.o(.ARM.Collect$$libinit$$00000019) for __rt_lib_init_lc_numeric_1
    libinit.o(.ARM.Collect$$libinit$$00000000) refers (Special) to libinit2.o(.ARM.Collect$$libinit$$0000001B) for __rt_lib_init_lc_time_1
    libinit.o(.ARM.Collect$$libinit$$00000000) refers (Special) to libinit2.o(.ARM.Collect$$libinit$$00000006) for __rt_lib_init_preinit_1
    libinit.o(.ARM.Collect$$libinit$$00000000) refers (Special) to libinit2.o(.ARM.Collect$$libinit$$00000010) for __rt_lib_init_rand_1
    libinit.o(.ARM.Collect$$libinit$$00000000) refers (Special) to libinit2.o(.ARM.Collect$$libinit$$00000004) for __rt_lib_init_relocate_pie_1
    libinit.o(.ARM.Collect$$libinit$$00000000) refers (Special) to libinit2.o(.ARM.Collect$$libinit$$00000035) for __rt_lib_init_return
    libinit.o(.ARM.Collect$$libinit$$00000000) refers (Special) to libinit2.o(.ARM.Collect$$libinit$$0000001F) for __rt_lib_init_signal_1
    libinit.o(.ARM.Collect$$libinit$$00000000) refers (Special) to libinit2.o(.ARM.Collect$$libinit$$00000027) for __rt_lib_init_stdio_1
    libinit.o(.ARM.Collect$$libinit$$00000000) refers (Special) to libinit2.o(.ARM.Collect$$libinit$$0000000E) for __rt_lib_init_user_alloc_1
    libspace.o(.text) refers to libspace.o(.bss) for __libspace_start
    rtexit.o(.ARM.Collect$$rtexit$$00000000) refers (Special) to rtexit2.o(.ARM.Collect$$rtexit$$00000004) for __rt_exit_exit
    rtexit.o(.ARM.Collect$$rtexit$$00000000) refers (Special) to rtexit2.o(.ARM.Collect$$rtexit$$00000003) for __rt_exit_ls
    rtexit.o(.ARM.Collect$$rtexit$$00000000) refers (Special) to rtexit2.o(.ARM.Collect$$rtexit$$00000002) for __rt_exit_prels_1
    rtexit.o(.ARM.exidx) refers (Special) to rtexit2.o(.ARM.Collect$$rtexit$$00000004) for __rt_exit_exit
    rtexit.o(.ARM.exidx) refers (Special) to rtexit2.o(.ARM.Collect$$rtexit$$00000003) for __rt_exit_ls
    rtexit.o(.ARM.exidx) refers (Special) to rtexit2.o(.ARM.Collect$$rtexit$$00000002) for __rt_exit_prels_1
    rtexit.o(.ARM.exidx) refers to rtexit.o(.ARM.Collect$$rtexit$$00000000) for .ARM.Collect$$rtexit$$00000000
    rt_raise.o(.text) refers to __raise.o(.text) for __raise
    rt_raise.o(.text) refers to sys_exit.o(.text) for _sys_exit
    defsig_exit.o(.text) refers to sys_exit.o(.text) for _sys_exit
    defsig_fpe_inner.o(.text) refers to defsig_general.o(.text) for __default_signal_display
    libinit2.o(.ARM.Collect$$libinit$$00000012) refers to libinit2.o(.ARM.Collect$$libinit$$00000011) for .ARM.Collect$$libinit$$00000011
    libinit2.o(.ARM.Collect$$libinit$$00000014) refers to libinit2.o(.ARM.Collect$$libinit$$00000011) for .ARM.Collect$$libinit$$00000011
    libinit2.o(.ARM.Collect$$libinit$$00000016) refers to libinit2.o(.ARM.Collect$$libinit$$00000011) for .ARM.Collect$$libinit$$00000011
    libinit2.o(.ARM.Collect$$libinit$$00000018) refers to libinit2.o(.ARM.Collect$$libinit$$00000011) for .ARM.Collect$$libinit$$00000011
    libinit2.o(.ARM.Collect$$libinit$$0000001A) refers to libinit2.o(.ARM.Collect$$libinit$$00000011) for .ARM.Collect$$libinit$$00000011
    libinit2.o(.ARM.Collect$$libinit$$00000028) refers to argv_veneer.o(.emb_text) for __ARM_argv_veneer
    libinit2.o(.ARM.Collect$$libinit$$00000029) refers to argv_veneer.o(.emb_text) for __ARM_argv_veneer
    sys_exit.o(.text) refers (Special) to use_no_semi.o(.text) for __I$use$semihosting
    sys_exit.o(.text) refers (Special) to indicate_semi.o(.text) for __semihosting_library_function
    sys_exit_hlt.o(.text) refers (Special) to use_no_semi.o(.text) for __I$use$semihosting
    sys_exit_hlt.o(.text) refers (Special) to indicate_semi.o(.text) for __semihosting_library_function
    rtexit2.o(.ARM.Collect$$rtexit$$00000003) refers to libshutdown.o(.ARM.Collect$$libshutdown$$00000000) for __rt_lib_shutdown
    rtexit2.o(.ARM.Collect$$rtexit$$00000004) refers to sys_exit.o(.text) for _sys_exit
    rtexit2.o(.ARM.exidx) refers to rtexit2.o(.ARM.Collect$$rtexit$$00000001) for .ARM.Collect$$rtexit$$00000001
    rtexit2.o(.ARM.exidx) refers to rtexit2.o(.ARM.Collect$$rtexit$$00000003) for .ARM.Collect$$rtexit$$00000003
    rtexit2.o(.ARM.exidx) refers to rtexit2.o(.ARM.Collect$$rtexit$$00000004) for .ARM.Collect$$rtexit$$00000004
    __raise.o(.text) refers to defsig.o(CL$$defsig) for __default_signal_handler
    defsig_general.o(.text) refers to sys_wrch.o(.text) for _ttywrch
    argv_veneer.o(.emb_text) refers to no_argv.o(.text) for __ARM_get_argv
    sys_wrch.o(.text) refers (Special) to use_no_semi.o(.text) for __I$use$semihosting
    sys_wrch.o(.text) refers (Special) to indicate_semi.o(.text) for __semihosting_library_function
    sys_wrch_hlt.o(.text) refers (Special) to use_no_semi.o(.text) for __I$use$semihosting
    sys_wrch_hlt.o(.text) refers (Special) to indicate_semi.o(.text) for __semihosting_library_function
    defsig.o(CL$$defsig) refers to defsig_fpe_inner.o(.text) for __rt_SIGFPE_inner
    defsig.o(CL$$defsig) refers to defsig_rtmem_inner.o(.text) for __rt_SIGRTMEM_inner
    _get_argv_nomalloc.o(.text) refers (Special) to hrguard.o(.text) for __heap_region$guard
    _get_argv_nomalloc.o(.text) refers to defsig_rtmem_outer.o(.text) for __rt_SIGRTMEM
    _get_argv_nomalloc.o(.text) refers to sys_command.o(.text) for _sys_command_string
    libshutdown.o(.ARM.Collect$$libshutdown$$00000000) refers (Special) to libshutdown2.o(.ARM.Collect$$libshutdown$$00000002) for __rt_lib_shutdown_cpp_1
    libshutdown.o(.ARM.Collect$$libshutdown$$00000000) refers (Special) to libshutdown2.o(.ARM.Collect$$libshutdown$$00000007) for __rt_lib_shutdown_fp_trap_1
    libshutdown.o(.ARM.Collect$$libshutdown$$00000000) refers (Special) to libshutdown2.o(.ARM.Collect$$libshutdown$$0000000F) for __rt_lib_shutdown_heap_1
    libshutdown.o(.ARM.Collect$$libshutdown$$00000000) refers (Special) to libshutdown2.o(.ARM.Collect$$libshutdown$$00000010) for __rt_lib_shutdown_return
    libshutdown.o(.ARM.Collect$$libshutdown$$00000000) refers (Special) to libshutdown2.o(.ARM.Collect$$libshutdown$$0000000A) for __rt_lib_shutdown_signal_1
    libshutdown.o(.ARM.Collect$$libshutdown$$00000000) refers (Special) to libshutdown2.o(.ARM.Collect$$libshutdown$$00000004) for __rt_lib_shutdown_stdio_1
    libshutdown.o(.ARM.Collect$$libshutdown$$00000000) refers (Special) to libshutdown2.o(.ARM.Collect$$libshutdown$$0000000C) for __rt_lib_shutdown_user_alloc_1
    sys_command.o(.text) refers (Special) to use_no_semi.o(.text) for __I$use$semihosting
    sys_command.o(.text) refers (Special) to indicate_semi.o(.text) for __semihosting_library_function
    sys_command_hlt.o(.text) refers (Special) to use_no_semi.o(.text) for __I$use$semihosting
    sys_command_hlt.o(.text) refers (Special) to indicate_semi.o(.text) for __semihosting_library_function
    defsig_abrt_inner.o(.text) refers to defsig_general.o(.text) for __default_signal_display
    defsig_rtred_inner.o(.text) refers to defsig_general.o(.text) for __default_signal_display
    defsig_rtmem_inner.o(.text) refers to defsig_general.o(.text) for __default_signal_display
    defsig_rtmem_outer.o(.text) refers to defsig_rtmem_inner.o(.text) for __rt_SIGRTMEM_inner
    defsig_rtmem_outer.o(.text) refers to defsig_exit.o(.text) for __sig_exit
    defsig_rtmem_formal.o(.text) refers to rt_raise.o(.text) for __rt_raise
    defsig_stak_inner.o(.text) refers to defsig_general.o(.text) for __default_signal_display
    defsig_pvfn_inner.o(.text) refers to defsig_general.o(.text) for __default_signal_display
    defsig_cppl_inner.o(.text) refers to defsig_general.o(.text) for __default_signal_display
    defsig_segv_inner.o(.text) refers to defsig_general.o(.text) for __default_signal_display
    defsig_other.o(.text) refers to defsig_general.o(.text) for __default_signal_display


==============================================================================

Removing Unused input sections from the image.

    Removing mian.o(.text), (0 bytes).
    Removing mian.o(.ARM.exidx.text.delay), (8 bytes).
    Removing mian.o(.ARM.exidx.text.main), (8 bytes).
    Removing mian.o(.ARM.exidx.text.SysTick_Config), (8 bytes).
    Removing mian.o(.ARM.exidx.text.__NVIC_SetPriority), (8 bytes).
    Removing mian.o(.rodata.str1.1), (10 bytes).
    Removing mian.o(.ARM.use_no_argv), (4 bytes).
    Removing led_open1768.o(.text), (0 bytes).
    Removing led_open1768.o(.text.LED_Initialize), (116 bytes).
    Removing led_open1768.o(.ARM.exidx.text.LED_Initialize), (8 bytes).
    Removing led_open1768.o(.text.LED_Uninitialize), (66 bytes).
    Removing led_open1768.o(.ARM.exidx.text.LED_Uninitialize), (8 bytes).
    Removing led_open1768.o(.text.LED_On), (60 bytes).
    Removing led_open1768.o(.ARM.exidx.text.LED_On), (8 bytes).
    Removing led_open1768.o(.text.LED_Off), (60 bytes).
    Removing led_open1768.o(.ARM.exidx.text.LED_Off), (8 bytes).
    Removing led_open1768.o(.text.LED_SetOut), (64 bytes).
    Removing led_open1768.o(.ARM.exidx.text.LED_SetOut), (8 bytes).
    Removing led_open1768.o(.text.LED_GetCount), (4 bytes).
    Removing led_open1768.o(.ARM.exidx.text.LED_GetCount), (8 bytes).
    Removing led_open1768.o(.rodata.LED_PIN), (8 bytes).
    Removing uart_lpc17xx.o(.text), (0 bytes).
    Removing uart_lpc17xx.o(.text.USART_SetBaudrate), (408 bytes).
    Removing uart_lpc17xx.o(.ARM.exidx.text.USART_SetBaudrate), (8 bytes).
    Removing uart_lpc17xx.o(.text.GetUsartClockFreq), (88 bytes).
    Removing uart_lpc17xx.o(.ARM.exidx.text.GetUsartClockFreq), (8 bytes).
    Removing uart_lpc17xx.o(.ARM.exidx.text.UART0_IRQHandler), (8 bytes).
    Removing uart_lpc17xx.o(.ARM.exidx.text.USART_IRQHandler), (8 bytes).
    Removing uart_lpc17xx.o(.ARM.exidx.text.USART0_GPDMA_Tx_Event), (8 bytes).
    Removing uart_lpc17xx.o(.ARM.exidx.text.USART_GPDMA_Tx_Event), (8 bytes).
    Removing uart_lpc17xx.o(.ARM.exidx.text.USART0_GPDMA_Rx_Event), (8 bytes).
    Removing uart_lpc17xx.o(.ARM.exidx.text.USART_GPDMA_Rx_Event), (8 bytes).
    Removing uart_lpc17xx.o(.text.USARTx_GetVersion), (18 bytes).
    Removing uart_lpc17xx.o(.ARM.exidx.text.USARTx_GetVersion), (8 bytes).
    Removing uart_lpc17xx.o(.text.USART0_GetCapabilities), (24 bytes).
    Removing uart_lpc17xx.o(.ARM.exidx.text.USART0_GetCapabilities), (8 bytes).
    Removing uart_lpc17xx.o(.text.USART0_Initialize), (24 bytes).
    Removing uart_lpc17xx.o(.ARM.exidx.text.USART0_Initialize), (8 bytes).
    Removing uart_lpc17xx.o(.text.USART0_Uninitialize), (16 bytes).
    Removing uart_lpc17xx.o(.ARM.exidx.text.USART0_Uninitialize), (8 bytes).
    Removing uart_lpc17xx.o(.text.USART0_PowerControl), (28 bytes).
    Removing uart_lpc17xx.o(.ARM.exidx.text.USART0_PowerControl), (8 bytes).
    Removing uart_lpc17xx.o(.text.USART0_Send), (28 bytes).
    Removing uart_lpc17xx.o(.ARM.exidx.text.USART0_Send), (8 bytes).
    Removing uart_lpc17xx.o(.text.USART0_Receive), (28 bytes).
    Removing uart_lpc17xx.o(.ARM.exidx.text.USART0_Receive), (8 bytes).
    Removing uart_lpc17xx.o(.text.USART0_Transfer), (32 bytes).
    Removing uart_lpc17xx.o(.ARM.exidx.text.USART0_Transfer), (8 bytes).
    Removing uart_lpc17xx.o(.text.USART0_GetTxCount), (16 bytes).
    Removing uart_lpc17xx.o(.ARM.exidx.text.USART0_GetTxCount), (8 bytes).
    Removing uart_lpc17xx.o(.text.USART0_GetRxCount), (16 bytes).
    Removing uart_lpc17xx.o(.ARM.exidx.text.USART0_GetRxCount), (8 bytes).
    Removing uart_lpc17xx.o(.text.USART0_Control), (28 bytes).
    Removing uart_lpc17xx.o(.ARM.exidx.text.USART0_Control), (8 bytes).
    Removing uart_lpc17xx.o(.text.USART0_GetStatus), (24 bytes).
    Removing uart_lpc17xx.o(.ARM.exidx.text.USART0_GetStatus), (8 bytes).
    Removing uart_lpc17xx.o(.text.USART0_SetModemControl), (28 bytes).
    Removing uart_lpc17xx.o(.ARM.exidx.text.USART0_SetModemControl), (8 bytes).
    Removing uart_lpc17xx.o(.text.USART0_GetModemStatus), (24 bytes).
    Removing uart_lpc17xx.o(.ARM.exidx.text.USART0_GetModemStatus), (8 bytes).
    Removing uart_lpc17xx.o(.ARM.exidx.text.USART_RxLineIntHandler), (8 bytes).
    Removing uart_lpc17xx.o(.text.USART_GetCapabilities), (16 bytes).
    Removing uart_lpc17xx.o(.ARM.exidx.text.USART_GetCapabilities), (8 bytes).
    Removing uart_lpc17xx.o(.text.USART_Initialize), (356 bytes).
    Removing uart_lpc17xx.o(.ARM.exidx.text.USART_Initialize), (8 bytes).
    Removing uart_lpc17xx.o(.text.USART_Uninitialize), (306 bytes).
    Removing uart_lpc17xx.o(.ARM.exidx.text.USART_Uninitialize), (8 bytes).
    Removing uart_lpc17xx.o(.text.USART_PowerControl), (666 bytes).
    Removing uart_lpc17xx.o(.ARM.exidx.text.USART_PowerControl), (8 bytes).
    Removing uart_lpc17xx.o(.text.__NVIC_DisableIRQ), (56 bytes).
    Removing uart_lpc17xx.o(.ARM.exidx.text.__NVIC_DisableIRQ), (8 bytes).
    Removing uart_lpc17xx.o(.text.__NVIC_ClearPendingIRQ), (48 bytes).
    Removing uart_lpc17xx.o(.ARM.exidx.text.__NVIC_ClearPendingIRQ), (8 bytes).
    Removing uart_lpc17xx.o(.text.__NVIC_EnableIRQ), (48 bytes).
    Removing uart_lpc17xx.o(.ARM.exidx.text.__NVIC_EnableIRQ), (8 bytes).
    Removing uart_lpc17xx.o(.text.USART_Send), (578 bytes).
    Removing uart_lpc17xx.o(.ARM.exidx.text.USART_Send), (8 bytes).
    Removing uart_lpc17xx.o(.text.USART_Receive), (390 bytes).
    Removing uart_lpc17xx.o(.ARM.exidx.text.USART_Receive), (8 bytes).
    Removing uart_lpc17xx.o(.text.USART_Transfer), (170 bytes).
    Removing uart_lpc17xx.o(.ARM.exidx.text.USART_Transfer), (8 bytes).
    Removing uart_lpc17xx.o(.text.USART_GetTxCount), (44 bytes).
    Removing uart_lpc17xx.o(.ARM.exidx.text.USART_GetTxCount), (8 bytes).
    Removing uart_lpc17xx.o(.text.USART_GetRxCount), (44 bytes).
    Removing uart_lpc17xx.o(.ARM.exidx.text.USART_GetRxCount), (8 bytes).
    Removing uart_lpc17xx.o(.text.USART_Control), (2340 bytes).
    Removing uart_lpc17xx.o(.ARM.exidx.text.USART_Control), (8 bytes).
    Removing uart_lpc17xx.o(.text.USART_GetStatus), (152 bytes).
    Removing uart_lpc17xx.o(.ARM.exidx.text.USART_GetStatus), (8 bytes).
    Removing uart_lpc17xx.o(.text.USART_SetModemControl), (242 bytes).
    Removing uart_lpc17xx.o(.ARM.exidx.text.USART_SetModemControl), (8 bytes).
    Removing uart_lpc17xx.o(.text.USART_GetModemStatus), (240 bytes).
    Removing uart_lpc17xx.o(.ARM.exidx.text.USART_GetModemStatus), (8 bytes).
    Removing uart_lpc17xx.o(.rodata.fract_div_lookup_table), (288 bytes).
    Removing uart_lpc17xx.o(.rodata.Driver_USART0), (56 bytes).
    Removing uart_lpc17xx.o(.rodata.usart_driver_version), (4 bytes).
    Removing gpdma_lpc17xx.o(.text), (0 bytes).
    Removing gpdma_lpc17xx.o(.text.GPDMA_Initialize), (190 bytes).
    Removing gpdma_lpc17xx.o(.ARM.exidx.text.GPDMA_Initialize), (8 bytes).
    Removing gpdma_lpc17xx.o(.text.__NVIC_ClearPendingIRQ), (48 bytes).
    Removing gpdma_lpc17xx.o(.ARM.exidx.text.__NVIC_ClearPendingIRQ), (8 bytes).
    Removing gpdma_lpc17xx.o(.text.__NVIC_EnableIRQ), (48 bytes).
    Removing gpdma_lpc17xx.o(.ARM.exidx.text.__NVIC_EnableIRQ), (8 bytes).
    Removing gpdma_lpc17xx.o(.text.GPDMA_Uninitialize), (94 bytes).
    Removing gpdma_lpc17xx.o(.ARM.exidx.text.GPDMA_Uninitialize), (8 bytes).
    Removing gpdma_lpc17xx.o(.text.__NVIC_DisableIRQ), (56 bytes).
    Removing gpdma_lpc17xx.o(.ARM.exidx.text.__NVIC_DisableIRQ), (8 bytes).
    Removing gpdma_lpc17xx.o(.text.GPDMA_PeripheralSelect), (136 bytes).
    Removing gpdma_lpc17xx.o(.ARM.exidx.text.GPDMA_PeripheralSelect), (8 bytes).
    Removing gpdma_lpc17xx.o(.text.GPDMA_ChannelConfigure), (416 bytes).
    Removing gpdma_lpc17xx.o(.ARM.exidx.text.GPDMA_ChannelConfigure), (8 bytes).
    Removing gpdma_lpc17xx.o(.text.Set_Channel_active_flag), (92 bytes).
    Removing gpdma_lpc17xx.o(.ARM.exidx.text.Set_Channel_active_flag), (8 bytes).
    Removing gpdma_lpc17xx.o(.ARM.exidx.text.Clear_Channel_active_flag), (8 bytes).
    Removing gpdma_lpc17xx.o(.text.GPDMA_ChannelEnable), (82 bytes).
    Removing gpdma_lpc17xx.o(.ARM.exidx.text.GPDMA_ChannelEnable), (8 bytes).
    Removing gpdma_lpc17xx.o(.text.GPDMA_ChannelDisable), (68 bytes).
    Removing gpdma_lpc17xx.o(.ARM.exidx.text.GPDMA_ChannelDisable), (8 bytes).
    Removing gpdma_lpc17xx.o(.text.GPDMA_ChannelGetStatus), (62 bytes).
    Removing gpdma_lpc17xx.o(.ARM.exidx.text.GPDMA_ChannelGetStatus), (8 bytes).
    Removing gpdma_lpc17xx.o(.text.GPDMA_ChannelGetCount), (72 bytes).
    Removing gpdma_lpc17xx.o(.ARM.exidx.text.GPDMA_ChannelGetCount), (8 bytes).
    Removing gpdma_lpc17xx.o(.ARM.exidx.text.DMA_IRQHandler), (8 bytes).
    Removing gpdma_lpc17xx.o(.bss.Init_cnt), (4 bytes).
    Removing gpio_lpc17xx.o(.text), (0 bytes).
    Removing gpio_lpc17xx.o(.text.GPIO_PortClock), (50 bytes).
    Removing gpio_lpc17xx.o(.ARM.exidx.text.GPIO_PortClock), (8 bytes).
    Removing gpio_lpc17xx.o(.text.GPIO_SetDir), (74 bytes).
    Removing gpio_lpc17xx.o(.ARM.exidx.text.GPIO_SetDir), (8 bytes).
    Removing gpio_lpc17xx.o(.text.GPIO_PinWrite), (62 bytes).
    Removing gpio_lpc17xx.o(.ARM.exidx.text.GPIO_PinWrite), (8 bytes).
    Removing gpio_lpc17xx.o(.text.GPIO_PinRead), (32 bytes).
    Removing gpio_lpc17xx.o(.ARM.exidx.text.GPIO_PinRead), (8 bytes).
    Removing gpio_lpc17xx.o(.text.GPIO_PortWrite), (46 bytes).
    Removing gpio_lpc17xx.o(.ARM.exidx.text.GPIO_PortWrite), (8 bytes).
    Removing gpio_lpc17xx.o(.text.GPIO_PortRead), (22 bytes).
    Removing gpio_lpc17xx.o(.ARM.exidx.text.GPIO_PortRead), (8 bytes).
    Removing pin_lpc17xx.o(.text), (0 bytes).
    Removing pin_lpc17xx.o(.ARM.exidx.text.PIN_Configure), (8 bytes).
    Removing pin_lpc17xx.o(.text.PIN_ConfigureTPIU), (58 bytes).
    Removing pin_lpc17xx.o(.ARM.exidx.text.PIN_ConfigureTPIU), (8 bytes).
    Removing pin_lpc17xx.o(.text.PIN_ConfigureI2C0Pins), (72 bytes).
    Removing pin_lpc17xx.o(.ARM.exidx.text.PIN_ConfigureI2C0Pins), (8 bytes).
    Removing system_lpc17xx.o(.text), (0 bytes).
    Removing system_lpc17xx.o(.text.SystemCoreClockUpdate), (428 bytes).
    Removing system_lpc17xx.o(.ARM.exidx.text.SystemCoreClockUpdate), (8 bytes).
    Removing system_lpc17xx.o(.ARM.exidx.text.SystemInit), (8 bytes).

147 unused section(s) (total 10070 bytes) removed from the image.

==============================================================================

Image Symbol Table

    Local Symbols

    Symbol Name                              Value     Ov Type        Size  Object(Section)

    ../clib/angel/boardlib.s                 0x00000000   Number         0  boardinit1.o ABSOLUTE
    ../clib/angel/boardlib.s                 0x00000000   Number         0  boardinit2.o ABSOLUTE
    ../clib/angel/boardlib.s                 0x00000000   Number         0  boardinit3.o ABSOLUTE
    ../clib/angel/boardlib.s                 0x00000000   Number         0  boardshut.o ABSOLUTE
    ../clib/angel/handlers.s                 0x00000000   Number         0  __scatter_copy.o ABSOLUTE
    ../clib/angel/handlers.s                 0x00000000   Number         0  __scatter_zi.o ABSOLUTE
    ../clib/angel/kernel.s                   0x00000000   Number         0  __rtentry.o ABSOLUTE
    ../clib/angel/kernel.s                   0x00000000   Number         0  __rtentry2.o ABSOLUTE
    ../clib/angel/kernel.s                   0x00000000   Number         0  __rtentry4.o ABSOLUTE
    ../clib/angel/kernel.s                   0x00000000   Number         0  rtexit.o ABSOLUTE
    ../clib/angel/kernel.s                   0x00000000   Number         0  rtexit2.o ABSOLUTE
    ../clib/angel/rt.s                       0x00000000   Number         0  aeabi_ldiv0.o ABSOLUTE
    ../clib/angel/rt.s                       0x00000000   Number         0  aeabi_ldiv0_sigfpe.o ABSOLUTE
    ../clib/angel/rt.s                       0x00000000   Number         0  rt_div0.o ABSOLUTE
    ../clib/angel/rt.s                       0x00000000   Number         0  rt_raise.o ABSOLUTE
    ../clib/angel/scatter.s                  0x00000000   Number         0  __scatter.o ABSOLUTE
    ../clib/angel/startup.s                  0x00000000   Number         0  __main.o ABSOLUTE
    ../clib/angel/sys.s                      0x00000000   Number         0  sys_stackheap_outer.o ABSOLUTE
    ../clib/angel/sys.s                      0x00000000   Number         0  libspace.o ABSOLUTE
    ../clib/angel/sys.s                      0x00000000   Number         0  use_no_semi.o ABSOLUTE
    ../clib/angel/sys.s                      0x00000000   Number         0  indicate_semi.o ABSOLUTE
    ../clib/angel/sysapp.c                   0x00000000   Number         0  sys_exit.o ABSOLUTE
    ../clib/angel/sysapp.c                   0x00000000   Number         0  sys_exit_hlt.o ABSOLUTE
    ../clib/angel/sysapp.c                   0x00000000   Number         0  sys_wrch.o ABSOLUTE
    ../clib/angel/sysapp.c                   0x00000000   Number         0  sys_wrch_hlt.o ABSOLUTE
    ../clib/angel/sysapp.c                   0x00000000   Number         0  sys_command.o ABSOLUTE
    ../clib/angel/sysapp.c                   0x00000000   Number         0  sys_command_hlt.o ABSOLUTE
    ../clib/armsys.c                         0x00000000   Number         0  argv_veneer.o ABSOLUTE
    ../clib/armsys.c                         0x00000000   Number         0  argv_veneer.o ABSOLUTE
    ../clib/armsys.c                         0x00000000   Number         0  _get_argv_nomalloc.o ABSOLUTE
    ../clib/armsys.c                         0x00000000   Number         0  no_argv.o ABSOLUTE
    ../clib/heapalloc.c                      0x00000000   Number         0  hrguard.o ABSOLUTE
    ../clib/heapaux.c                        0x00000000   Number         0  heapauxi.o ABSOLUTE
    ../clib/libinit.s                        0x00000000   Number         0  libinit.o ABSOLUTE
    ../clib/libinit.s                        0x00000000   Number         0  libinit2.o ABSOLUTE
    ../clib/libinit.s                        0x00000000   Number         0  libshutdown.o ABSOLUTE
    ../clib/libinit.s                        0x00000000   Number         0  libshutdown2.o ABSOLUTE
    ../clib/longlong.s                       0x00000000   Number         0  lludivv7m.o ABSOLUTE
    ../clib/signal.c                         0x00000000   Number         0  defsig_fpe_outer.o ABSOLUTE
    ../clib/signal.c                         0x00000000   Number         0  defsig_fpe_formal.o ABSOLUTE
    ../clib/signal.c                         0x00000000   Number         0  defsig_exit.o ABSOLUTE
    ../clib/signal.c                         0x00000000   Number         0  defsig_fpe_inner.o ABSOLUTE
    ../clib/signal.c                         0x00000000   Number         0  __raise.o ABSOLUTE
    ../clib/signal.c                         0x00000000   Number         0  defsig_general.o ABSOLUTE
    ../clib/signal.c                         0x00000000   Number         0  defsig_abrt_inner.o ABSOLUTE
    ../clib/signal.c                         0x00000000   Number         0  defsig_rtred_inner.o ABSOLUTE
    ../clib/signal.c                         0x00000000   Number         0  defsig_rtmem_inner.o ABSOLUTE
    ../clib/signal.c                         0x00000000   Number         0  defsig_rtmem_outer.o ABSOLUTE
    ../clib/signal.c                         0x00000000   Number         0  defsig_rtmem_formal.o ABSOLUTE
    ../clib/signal.c                         0x00000000   Number         0  defsig_stak_inner.o ABSOLUTE
    ../clib/signal.c                         0x00000000   Number         0  defsig_pvfn_inner.o ABSOLUTE
    ../clib/signal.c                         0x00000000   Number         0  defsig_cppl_inner.o ABSOLUTE
    ../clib/signal.c                         0x00000000   Number         0  defsig_segv_inner.o ABSOLUTE
    ../clib/signal.c                         0x00000000   Number         0  defsig_other.o ABSOLUTE
    ../clib/signal.s                         0x00000000   Number         0  defsig.o ABSOLUTE
    ../clib/stdlib.c                         0x00000000   Number         0  exit.o ABSOLUTE
    ../fplib/fpinit.s                        0x00000000   Number         0  fpinit.o ABSOLUTE
    ../fplib/fpinit_empty.s                  0x00000000   Number         0  fpinit_empty.o ABSOLUTE
    GPDMA_LPC17xx.c                          0x00000000   Number         0  gpdma_lpc17xx.o ABSOLUTE
    GPIO_LPC17xx.c                           0x00000000   Number         0  gpio_lpc17xx.o ABSOLUTE
    LED_Open1768.c                           0x00000000   Number         0  led_open1768.o ABSOLUTE
    PIN_LPC17xx.c                            0x00000000   Number         0  pin_lpc17xx.o ABSOLUTE
    RTE/Device/LPC1768/startup_LPC17xx.s     0x00000000   Number         0  startup_lpc17xx.o ABSOLUTE
    UART_LPC17xx.c                           0x00000000   Number         0  uart_lpc17xx.o ABSOLUTE
    dc.s                                     0x00000000   Number         0  dc.o ABSOLUTE
    mian.c                                   0x00000000   Number         0  mian.o ABSOLUTE
    system_LPC17xx.c                         0x00000000   Number         0  system_lpc17xx.o ABSOLUTE
    RESET                                    0x00000000   Section      204  startup_lpc17xx.o(RESET)
    !!!main                                  0x000000cc   Section        8  __main.o(!!!main)
    !!!scatter                               0x000000d4   Section       52  __scatter.o(!!!scatter)
    !!handler_copy                           0x00000108   Section       26  __scatter_copy.o(!!handler_copy)
    !!handler_zi                             0x00000124   Section       28  __scatter_zi.o(!!handler_zi)
    .ARM.Collect$$libinit$$00000000          0x00000140   Section        2  libinit.o(.ARM.Collect$$libinit$$00000000)
    .ARM.Collect$$libinit$$00000002          0x00000142   Section        0  libinit2.o(.ARM.Collect$$libinit$$00000002)
    .ARM.Collect$$libinit$$00000004          0x00000142   Section        0  libinit2.o(.ARM.Collect$$libinit$$00000004)
    .ARM.Collect$$libinit$$00000006          0x00000142   Section        0  libinit2.o(.ARM.Collect$$libinit$$00000006)
    .ARM.Collect$$libinit$$0000000C          0x00000142   Section        0  libinit2.o(.ARM.Collect$$libinit$$0000000C)
    .ARM.Collect$$libinit$$0000000E          0x00000142   Section        0  libinit2.o(.ARM.Collect$$libinit$$0000000E)
    .ARM.Collect$$libinit$$00000010          0x00000142   Section        0  libinit2.o(.ARM.Collect$$libinit$$00000010)
    .ARM.Collect$$libinit$$00000013          0x00000142   Section        0  libinit2.o(.ARM.Collect$$libinit$$00000013)
    .ARM.Collect$$libinit$$00000015          0x00000142   Section        0  libinit2.o(.ARM.Collect$$libinit$$00000015)
    .ARM.Collect$$libinit$$00000017          0x00000142   Section        0  libinit2.o(.ARM.Collect$$libinit$$00000017)
    .ARM.Collect$$libinit$$00000019          0x00000142   Section        0  libinit2.o(.ARM.Collect$$libinit$$00000019)
    .ARM.Collect$$libinit$$0000001B          0x00000142   Section        0  libinit2.o(.ARM.Collect$$libinit$$0000001B)
    .ARM.Collect$$libinit$$0000001D          0x00000142   Section        0  libinit2.o(.ARM.Collect$$libinit$$0000001D)
    .ARM.Collect$$libinit$$0000001F          0x00000142   Section        0  libinit2.o(.ARM.Collect$$libinit$$0000001F)
    .ARM.Collect$$libinit$$00000021          0x00000142   Section        0  libinit2.o(.ARM.Collect$$libinit$$00000021)
    .ARM.Collect$$libinit$$00000023          0x00000142   Section        0  libinit2.o(.ARM.Collect$$libinit$$00000023)
    .ARM.Collect$$libinit$$00000025          0x00000142   Section        0  libinit2.o(.ARM.Collect$$libinit$$00000025)
    .ARM.Collect$$libinit$$00000027          0x00000142   Section        0  libinit2.o(.ARM.Collect$$libinit$$00000027)
    .ARM.Collect$$libinit$$0000002E          0x00000142   Section        0  libinit2.o(.ARM.Collect$$libinit$$0000002E)
    .ARM.Collect$$libinit$$00000030          0x00000142   Section        0  libinit2.o(.ARM.Collect$$libinit$$00000030)
    .ARM.Collect$$libinit$$00000032          0x00000142   Section        0  libinit2.o(.ARM.Collect$$libinit$$00000032)
    .ARM.Collect$$libinit$$00000034          0x00000142   Section        0  libinit2.o(.ARM.Collect$$libinit$$00000034)
    .ARM.Collect$$libinit$$00000035          0x00000142   Section        2  libinit2.o(.ARM.Collect$$libinit$$00000035)
    .ARM.Collect$$libshutdown$$00000000      0x00000144   Section        2  libshutdown.o(.ARM.Collect$$libshutdown$$00000000)
    .ARM.Collect$$libshutdown$$00000002      0x00000146   Section        0  libshutdown2.o(.ARM.Collect$$libshutdown$$00000002)
    .ARM.Collect$$libshutdown$$00000004      0x00000146   Section        0  libshutdown2.o(.ARM.Collect$$libshutdown$$00000004)
    .ARM.Collect$$libshutdown$$00000007      0x00000146   Section        0  libshutdown2.o(.ARM.Collect$$libshutdown$$00000007)
    .ARM.Collect$$libshutdown$$0000000A      0x00000146   Section        0  libshutdown2.o(.ARM.Collect$$libshutdown$$0000000A)
    .ARM.Collect$$libshutdown$$0000000C      0x00000146   Section        0  libshutdown2.o(.ARM.Collect$$libshutdown$$0000000C)
    .ARM.Collect$$libshutdown$$0000000F      0x00000146   Section        0  libshutdown2.o(.ARM.Collect$$libshutdown$$0000000F)
    .ARM.Collect$$libshutdown$$00000010      0x00000146   Section        2  libshutdown2.o(.ARM.Collect$$libshutdown$$00000010)
    .ARM.Collect$$rtentry$$00000000          0x00000148   Section        0  __rtentry.o(.ARM.Collect$$rtentry$$00000000)
    .ARM.Collect$$rtentry$$00000002          0x00000148   Section        0  __rtentry2.o(.ARM.Collect$$rtentry$$00000002)
    .ARM.Collect$$rtentry$$00000004          0x00000148   Section        6  __rtentry4.o(.ARM.Collect$$rtentry$$00000004)
    .ARM.Collect$$rtentry$$00000009          0x0000014e   Section        0  __rtentry2.o(.ARM.Collect$$rtentry$$00000009)
    .ARM.Collect$$rtentry$$0000000A          0x0000014e   Section        4  __rtentry2.o(.ARM.Collect$$rtentry$$0000000A)
    .ARM.Collect$$rtentry$$0000000C          0x00000152   Section        0  __rtentry2.o(.ARM.Collect$$rtentry$$0000000C)
    .ARM.Collect$$rtentry$$0000000D          0x00000152   Section        8  __rtentry2.o(.ARM.Collect$$rtentry$$0000000D)
    .ARM.Collect$$rtexit$$00000000           0x0000015a   Section        2  rtexit.o(.ARM.Collect$$rtexit$$00000000)
    .ARM.Collect$$rtexit$$00000002           0x0000015c   Section        0  rtexit2.o(.ARM.Collect$$rtexit$$00000002)
    .ARM.Collect$$rtexit$$00000003           0x0000015c   Section        4  rtexit2.o(.ARM.Collect$$rtexit$$00000003)
    .ARM.Collect$$rtexit$$00000004           0x00000160   Section        6  rtexit2.o(.ARM.Collect$$rtexit$$00000004)
    .text                                    0x00000168   Section       60  startup_lpc17xx.o(.text)
    .text                                    0x000001a4   Section        0  heapauxi.o(.text)
    .text                                    0x000001aa   Section       74  sys_stackheap_outer.o(.text)
    .text                                    0x000001f4   Section        0  exit.o(.text)
    .text                                    0x00000208   Section        8  libspace.o(.text)
    .text                                    0x00000210   Section        0  sys_exit.o(.text)
    .text                                    0x0000021c   Section        2  use_no_semi.o(.text)
    .text                                    0x0000021e   Section        0  indicate_semi.o(.text)
    Clear_Channel_active_flag                0x00000221   Thumb Code    46  gpdma_lpc17xx.o(.text.Clear_Channel_active_flag)
    [Anonymous Symbol]                       0x00000220   Section        0  gpdma_lpc17xx.o(.text.Clear_Channel_active_flag)
    SysTick_Config                           0x00000251   Thumb Code    82  mian.o(.text.SysTick_Config)
    [Anonymous Symbol]                       0x00000250   Section        0  mian.o(.text.SysTick_Config)
    [Anonymous Symbol]                       0x000002a4   Section        0  uart_lpc17xx.o(.text.UART0_IRQHandler)
    [Anonymous Symbol]                       0x000002b4   Section        0  uart_lpc17xx.o(.text.USART0_GPDMA_Rx_Event)
    [Anonymous Symbol]                       0x000002cc   Section        0  uart_lpc17xx.o(.text.USART0_GPDMA_Tx_Event)
    UART0_DMA_Rx                             0x000002e4   Data           8  uart_lpc17xx.o(.rodata.UART0_DMA_Rx)
    [Anonymous Symbol]                       0x000002e4   Section        0  uart_lpc17xx.o(.rodata.UART0_DMA_Rx)
    UART0_DMA_Tx                             0x000002ec   Data           8  uart_lpc17xx.o(.rodata.UART0_DMA_Tx)
    [Anonymous Symbol]                       0x000002ec   Section        0  uart_lpc17xx.o(.rodata.UART0_DMA_Tx)
    USART0_pin_rx                            0x000002f4   Data           2  uart_lpc17xx.o(.rodata.USART0_pin_rx)
    [Anonymous Symbol]                       0x000002f4   Section        0  uart_lpc17xx.o(.rodata.USART0_pin_rx)
    USART0_pin_tx                            0x000002f6   Data           2  uart_lpc17xx.o(.rodata.USART0_pin_tx)
    [Anonymous Symbol]                       0x000002f6   Section        0  uart_lpc17xx.o(.rodata.USART0_pin_tx)
    .ARM.__at_0x02FC                         0x000002fc   Section        4  startup_lpc17xx.o(.ARM.__at_0x02FC)
    [Anonymous Symbol]                       0x00000300   Section        0  gpdma_lpc17xx.o(.text.DMA_IRQHandler)
    [Anonymous Symbol]                       0x00000520   Section        0  pin_lpc17xx.o(.text.PIN_Configure)
    [Anonymous Symbol]                       0x00000644   Section        0  system_lpc17xx.o(.text.SystemInit)
    USART_GPDMA_Rx_Event                     0x000007c9   Thumb Code   202  uart_lpc17xx.o(.text.USART_GPDMA_Rx_Event)
    [Anonymous Symbol]                       0x000007c8   Section        0  uart_lpc17xx.o(.text.USART_GPDMA_Rx_Event)
    USART_GPDMA_Tx_Event                     0x00000895   Thumb Code   106  uart_lpc17xx.o(.text.USART_GPDMA_Tx_Event)
    [Anonymous Symbol]                       0x00000894   Section        0  uart_lpc17xx.o(.text.USART_GPDMA_Tx_Event)
    USART_IRQHandler                         0x00000901   Thumb Code   804  uart_lpc17xx.o(.text.USART_IRQHandler)
    [Anonymous Symbol]                       0x00000900   Section        0  uart_lpc17xx.o(.text.USART_IRQHandler)
    USART_RxLineIntHandler                   0x00000c25   Thumb Code   186  uart_lpc17xx.o(.text.USART_RxLineIntHandler)
    [Anonymous Symbol]                       0x00000c24   Section        0  uart_lpc17xx.o(.text.USART_RxLineIntHandler)
    __NVIC_SetPriority                       0x00000ce1   Thumb Code    66  mian.o(.text.__NVIC_SetPriority)
    [Anonymous Symbol]                       0x00000ce0   Section        0  mian.o(.text.__NVIC_SetPriority)
    [Anonymous Symbol]                       0x00000d24   Section        0  mian.o(.text.delay)
    [Anonymous Symbol]                       0x00000d50   Section        0  mian.o(.text.main)
    USART0_Resources                         0x00000e30   Data         100  uart_lpc17xx.o(.rodata.USART0_Resources)
    [Anonymous Symbol]                       0x00000e30   Section        0  uart_lpc17xx.o(.rodata.USART0_Resources)
    .bss                                     0x10000008   Section       96  libspace.o(.bss)
    Channel_active                           0x10000068   Data           4  gpdma_lpc17xx.o(.bss.Channel_active)
    [Anonymous Symbol]                       0x10000068   Section        0  gpdma_lpc17xx.o(.bss.Channel_active)
    Channel_info                             0x1000006c   Data         160  gpdma_lpc17xx.o(.bss.Channel_info)
    [Anonymous Symbol]                       0x1000006c   Section        0  gpdma_lpc17xx.o(.bss.Channel_info)
    USART0_Info                              0x1000010c   Data          52  uart_lpc17xx.o(.bss.USART0_Info)
    [Anonymous Symbol]                       0x1000010c   Section        0  uart_lpc17xx.o(.bss.USART0_Info)
    Heap_Mem                                 0x10000148   Data           0  startup_lpc17xx.o(HEAP)
    Stack_Mem                                0x10000148   Data         512  startup_lpc17xx.o(STACK)
    HEAP                                     0x10000148   Section        0  startup_lpc17xx.o(HEAP)
    STACK                                    0x10000148   Section      512  startup_lpc17xx.o(STACK)
    __initial_sp                             0x10000348   Data           0  startup_lpc17xx.o(STACK)

    Global Symbols

    Symbol Name                              Value     Ov Type        Size  Object(Section)

    BuildAttributes$$THM_ISAv4$P$D$K$B$S$PE$A:L22UL41UL21$X:L11$S22US41US21$IEEE1$IW$~IW$USESV6$~STKCKD$USESV7$~SHL$OSPACE$ROPI$EBA8$UX$STANDARDLIB$REQ8$PRES8$EABIv2 0x00000000   Number         0  anon$$obj.o ABSOLUTE
    __Vectors                                0x00000000   Data           4  startup_lpc17xx.o(RESET)
    __fp_init_empty                          0x00000000   Number         0  fpinit_empty.o ABSOLUTE
    __ARM_exceptions_init                     - Undefined Weak Reference
    __alloca_initialize                       - Undefined Weak Reference
    __arm_preinit_                            - Undefined Weak Reference
    __arm_relocate_pie_                       - Undefined Weak Reference
    __cpp_initialize__aeabi_                  - Undefined Weak Reference
    __cxa_finalize                            - Undefined Weak Reference
    __rt_locale                               - Undefined Weak Reference
    __sigvec_lookup                           - Undefined Weak Reference
    _atexit_init                              - Undefined Weak Reference
    _call_atexit_fns                          - Undefined Weak Reference
    _clock_init                               - Undefined Weak Reference
    _fp_trap_init                             - Undefined Weak Reference
    _fp_trap_shutdown                         - Undefined Weak Reference
    _get_lc_collate                           - Undefined Weak Reference
    _get_lc_ctype                             - Undefined Weak Reference
    _get_lc_monetary                          - Undefined Weak Reference
    _get_lc_numeric                           - Undefined Weak Reference
    _get_lc_time                              - Undefined Weak Reference
    _getenv_init                              - Undefined Weak Reference
    _handle_redirection                       - Undefined Weak Reference
    _init_alloc                               - Undefined Weak Reference
    _init_user_alloc                          - Undefined Weak Reference
    _initio                                   - Undefined Weak Reference
    _rand_init                                - Undefined Weak Reference
    _signal_finish                            - Undefined Weak Reference
    _signal_init                              - Undefined Weak Reference
    _terminate_alloc                          - Undefined Weak Reference
    _terminate_user_alloc                     - Undefined Weak Reference
    _terminateio                              - Undefined Weak Reference
    __main                                   0x000000cd   Thumb Code     8  __main.o(!!!main)
    __scatterload                            0x000000d5   Thumb Code     0  __scatter.o(!!!scatter)
    __scatterload_rt2                        0x000000d5   Thumb Code    44  __scatter.o(!!!scatter)
    __scatterload_rt2_thumb_only             0x000000d5   Thumb Code     0  __scatter.o(!!!scatter)
    __scatterload_null                       0x000000e3   Thumb Code     0  __scatter.o(!!!scatter)
    __scatterload_copy                       0x00000109   Thumb Code    26  __scatter_copy.o(!!handler_copy)
    __scatterload_zeroinit                   0x00000125   Thumb Code    28  __scatter_zi.o(!!handler_zi)
    __rt_lib_init                            0x00000141   Thumb Code     0  libinit.o(.ARM.Collect$$libinit$$00000000)
    __rt_lib_init_alloca_1                   0x00000143   Thumb Code     0  libinit2.o(.ARM.Collect$$libinit$$00000030)
    __rt_lib_init_argv_1                     0x00000143   Thumb Code     0  libinit2.o(.ARM.Collect$$libinit$$0000002E)
    __rt_lib_init_atexit_1                   0x00000143   Thumb Code     0  libinit2.o(.ARM.Collect$$libinit$$0000001D)
    __rt_lib_init_clock_1                    0x00000143   Thumb Code     0  libinit2.o(.ARM.Collect$$libinit$$00000023)
    __rt_lib_init_cpp_1                      0x00000143   Thumb Code     0  libinit2.o(.ARM.Collect$$libinit$$00000034)
    __rt_lib_init_exceptions_1               0x00000143   Thumb Code     0  libinit2.o(.ARM.Collect$$libinit$$00000032)
    __rt_lib_init_fp_1                       0x00000143   Thumb Code     0  libinit2.o(.ARM.Collect$$libinit$$00000002)
    __rt_lib_init_fp_trap_1                  0x00000143   Thumb Code     0  libinit2.o(.ARM.Collect$$libinit$$00000021)
    __rt_lib_init_getenv_1                   0x00000143   Thumb Code     0  libinit2.o(.ARM.Collect$$libinit$$00000025)
    __rt_lib_init_heap_1                     0x00000143   Thumb Code     0  libinit2.o(.ARM.Collect$$libinit$$0000000C)
    __rt_lib_init_lc_collate_1               0x00000143   Thumb Code     0  libinit2.o(.ARM.Collect$$libinit$$00000013)
    __rt_lib_init_lc_ctype_1                 0x00000143   Thumb Code     0  libinit2.o(.ARM.Collect$$libinit$$00000015)
    __rt_lib_init_lc_monetary_1              0x00000143   Thumb Code     0  libinit2.o(.ARM.Collect$$libinit$$00000017)
    __rt_lib_init_lc_numeric_1               0x00000143   Thumb Code     0  libinit2.o(.ARM.Collect$$libinit$$00000019)
    __rt_lib_init_lc_time_1                  0x00000143   Thumb Code     0  libinit2.o(.ARM.Collect$$libinit$$0000001B)
    __rt_lib_init_preinit_1                  0x00000143   Thumb Code     0  libinit2.o(.ARM.Collect$$libinit$$00000006)
    __rt_lib_init_rand_1                     0x00000143   Thumb Code     0  libinit2.o(.ARM.Collect$$libinit$$00000010)
    __rt_lib_init_relocate_pie_1             0x00000143   Thumb Code     0  libinit2.o(.ARM.Collect$$libinit$$00000004)
    __rt_lib_init_return                     0x00000143   Thumb Code     0  libinit2.o(.ARM.Collect$$libinit$$00000035)
    __rt_lib_init_signal_1                   0x00000143   Thumb Code     0  libinit2.o(.ARM.Collect$$libinit$$0000001F)
    __rt_lib_init_stdio_1                    0x00000143   Thumb Code     0  libinit2.o(.ARM.Collect$$libinit$$00000027)
    __rt_lib_init_user_alloc_1               0x00000143   Thumb Code     0  libinit2.o(.ARM.Collect$$libinit$$0000000E)
    __rt_lib_shutdown                        0x00000145   Thumb Code     0  libshutdown.o(.ARM.Collect$$libshutdown$$00000000)
    __rt_lib_shutdown_cpp_1                  0x00000147   Thumb Code     0  libshutdown2.o(.ARM.Collect$$libshutdown$$00000002)
    __rt_lib_shutdown_fp_trap_1              0x00000147   Thumb Code     0  libshutdown2.o(.ARM.Collect$$libshutdown$$00000007)
    __rt_lib_shutdown_heap_1                 0x00000147   Thumb Code     0  libshutdown2.o(.ARM.Collect$$libshutdown$$0000000F)
    __rt_lib_shutdown_return                 0x00000147   Thumb Code     0  libshutdown2.o(.ARM.Collect$$libshutdown$$00000010)
    __rt_lib_shutdown_signal_1               0x00000147   Thumb Code     0  libshutdown2.o(.ARM.Collect$$libshutdown$$0000000A)
    __rt_lib_shutdown_stdio_1                0x00000147   Thumb Code     0  libshutdown2.o(.ARM.Collect$$libshutdown$$00000004)
    __rt_lib_shutdown_user_alloc_1           0x00000147   Thumb Code     0  libshutdown2.o(.ARM.Collect$$libshutdown$$0000000C)
    __rt_entry                               0x00000149   Thumb Code     0  __rtentry.o(.ARM.Collect$$rtentry$$00000000)
    __rt_entry_presh_1                       0x00000149   Thumb Code     0  __rtentry2.o(.ARM.Collect$$rtentry$$00000002)
    __rt_entry_sh                            0x00000149   Thumb Code     0  __rtentry4.o(.ARM.Collect$$rtentry$$00000004)
    __rt_entry_li                            0x0000014f   Thumb Code     0  __rtentry2.o(.ARM.Collect$$rtentry$$0000000A)
    __rt_entry_postsh_1                      0x0000014f   Thumb Code     0  __rtentry2.o(.ARM.Collect$$rtentry$$00000009)
    __rt_entry_main                          0x00000153   Thumb Code     0  __rtentry2.o(.ARM.Collect$$rtentry$$0000000D)
    __rt_entry_postli_1                      0x00000153   Thumb Code     0  __rtentry2.o(.ARM.Collect$$rtentry$$0000000C)
    __rt_exit                                0x0000015b   Thumb Code     0  rtexit.o(.ARM.Collect$$rtexit$$00000000)
    __rt_exit_ls                             0x0000015d   Thumb Code     0  rtexit2.o(.ARM.Collect$$rtexit$$00000003)
    __rt_exit_prels_1                        0x0000015d   Thumb Code     0  rtexit2.o(.ARM.Collect$$rtexit$$00000002)
    __rt_exit_exit                           0x00000161   Thumb Code     0  rtexit2.o(.ARM.Collect$$rtexit$$00000004)
    Reset_Handler                            0x00000169   Thumb Code     8  startup_lpc17xx.o(.text)
    NMI_Handler                              0x00000171   Thumb Code     2  startup_lpc17xx.o(.text)
    HardFault_Handler                        0x00000173   Thumb Code     2  startup_lpc17xx.o(.text)
    MemManage_Handler                        0x00000175   Thumb Code     2  startup_lpc17xx.o(.text)
    BusFault_Handler                         0x00000177   Thumb Code     2  startup_lpc17xx.o(.text)
    UsageFault_Handler                       0x00000179   Thumb Code     2  startup_lpc17xx.o(.text)
    SVC_Handler                              0x0000017b   Thumb Code     2  startup_lpc17xx.o(.text)
    DebugMon_Handler                         0x0000017d   Thumb Code     2  startup_lpc17xx.o(.text)
    PendSV_Handler                           0x0000017f   Thumb Code     2  startup_lpc17xx.o(.text)
    SysTick_Handler                          0x00000181   Thumb Code     2  startup_lpc17xx.o(.text)
    ADC_IRQHandler                           0x00000183   Thumb Code     0  startup_lpc17xx.o(.text)
    BOD_IRQHandler                           0x00000183   Thumb Code     0  startup_lpc17xx.o(.text)
    CANActivity_IRQHandler                   0x00000183   Thumb Code     0  startup_lpc17xx.o(.text)
    CAN_IRQHandler                           0x00000183   Thumb Code     0  startup_lpc17xx.o(.text)
    EINT0_IRQHandler                         0x00000183   Thumb Code     0  startup_lpc17xx.o(.text)
    EINT1_IRQHandler                         0x00000183   Thumb Code     0  startup_lpc17xx.o(.text)
    EINT2_IRQHandler                         0x00000183   Thumb Code     0  startup_lpc17xx.o(.text)
    EINT3_IRQHandler                         0x00000183   Thumb Code     0  startup_lpc17xx.o(.text)
    ENET_IRQHandler                          0x00000183   Thumb Code     0  startup_lpc17xx.o(.text)
    I2C0_IRQHandler                          0x00000183   Thumb Code     0  startup_lpc17xx.o(.text)
    I2C1_IRQHandler                          0x00000183   Thumb Code     0  startup_lpc17xx.o(.text)
    I2C2_IRQHandler                          0x00000183   Thumb Code     0  startup_lpc17xx.o(.text)
    I2S_IRQHandler                           0x00000183   Thumb Code     0  startup_lpc17xx.o(.text)
    MCPWM_IRQHandler                         0x00000183   Thumb Code     0  startup_lpc17xx.o(.text)
    PLL0_IRQHandler                          0x00000183   Thumb Code     0  startup_lpc17xx.o(.text)
    PLL1_IRQHandler                          0x00000183   Thumb Code     0  startup_lpc17xx.o(.text)
    PWM1_IRQHandler                          0x00000183   Thumb Code     0  startup_lpc17xx.o(.text)
    QEI_IRQHandler                           0x00000183   Thumb Code     0  startup_lpc17xx.o(.text)
    RIT_IRQHandler                           0x00000183   Thumb Code     0  startup_lpc17xx.o(.text)
    RTC_IRQHandler                           0x00000183   Thumb Code     0  startup_lpc17xx.o(.text)
    SPI_IRQHandler                           0x00000183   Thumb Code     0  startup_lpc17xx.o(.text)
    SSP0_IRQHandler                          0x00000183   Thumb Code     0  startup_lpc17xx.o(.text)
    SSP1_IRQHandler                          0x00000183   Thumb Code     0  startup_lpc17xx.o(.text)
    TIMER0_IRQHandler                        0x00000183   Thumb Code     0  startup_lpc17xx.o(.text)
    TIMER1_IRQHandler                        0x00000183   Thumb Code     0  startup_lpc17xx.o(.text)
    TIMER2_IRQHandler                        0x00000183   Thumb Code     0  startup_lpc17xx.o(.text)
    TIMER3_IRQHandler                        0x00000183   Thumb Code     0  startup_lpc17xx.o(.text)
    UART1_IRQHandler                         0x00000183   Thumb Code     0  startup_lpc17xx.o(.text)
    UART2_IRQHandler                         0x00000183   Thumb Code     0  startup_lpc17xx.o(.text)
    UART3_IRQHandler                         0x00000183   Thumb Code     0  startup_lpc17xx.o(.text)
    USBActivity_IRQHandler                   0x00000183   Thumb Code     0  startup_lpc17xx.o(.text)
    USB_IRQHandler                           0x00000183   Thumb Code     0  startup_lpc17xx.o(.text)
    WDT_IRQHandler                           0x00000183   Thumb Code     0  startup_lpc17xx.o(.text)
    __user_initial_stackheap                 0x00000185   Thumb Code     0  startup_lpc17xx.o(.text)
    __use_two_region_memory                  0x000001a5   Thumb Code     2  heapauxi.o(.text)
    __rt_heap_escrow$2region                 0x000001a7   Thumb Code     2  heapauxi.o(.text)
    __rt_heap_expand$2region                 0x000001a9   Thumb Code     2  heapauxi.o(.text)
    __user_setup_stackheap                   0x000001ab   Thumb Code    74  sys_stackheap_outer.o(.text)
    exit                                     0x000001f5   Thumb Code    18  exit.o(.text)
    __user_libspace                          0x00000209   Thumb Code     8  libspace.o(.text)
    __user_perproc_libspace                  0x00000209   Thumb Code     0  libspace.o(.text)
    __user_perthread_libspace                0x00000209   Thumb Code     0  libspace.o(.text)
    _sys_exit                                0x00000211   Thumb Code     8  sys_exit.o(.text)
    __I$use$semihosting                      0x0000021d   Thumb Code     0  use_no_semi.o(.text)
    __use_no_semihosting_swi                 0x0000021d   Thumb Code     2  use_no_semi.o(.text)
    __semihosting_library_function           0x0000021f   Thumb Code     0  indicate_semi.o(.text)
    UART0_IRQHandler                         0x000002a5   Thumb Code    16  uart_lpc17xx.o(.text.UART0_IRQHandler)
    USART0_GPDMA_Rx_Event                    0x000002b5   Thumb Code    24  uart_lpc17xx.o(.text.USART0_GPDMA_Rx_Event)
    USART0_GPDMA_Tx_Event                    0x000002cd   Thumb Code    24  uart_lpc17xx.o(.text.USART0_GPDMA_Tx_Event)
    DMA_IRQHandler                           0x00000301   Thumb Code   544  gpdma_lpc17xx.o(.text.DMA_IRQHandler)
    PIN_Configure                            0x00000521   Thumb Code   292  pin_lpc17xx.o(.text.PIN_Configure)
    SystemInit                               0x00000645   Thumb Code   388  system_lpc17xx.o(.text.SystemInit)
    delay                                    0x00000d25   Thumb Code    42  mian.o(.text.delay)
    main                                     0x00000d51   Thumb Code   224  mian.o(.text.main)
    Region$$Table$$Base                      0x00000e94   Number         0  anon$$obj.o(Region$$Table)
    Region$$Table$$Limit                     0x00000eb4   Number         0  anon$$obj.o(Region$$Table)
    SystemCoreClock                          0x10000000   Data           4  system_lpc17xx.o(.data.SystemCoreClock)
    __libspace_start                         0x10000008   Data          96  libspace.o(.bss)
    __temporary_stack_top$libspace           0x10000068   Data           0  libspace.o(.bss)
    msTicks                                  0x10000140   Data           4  mian.o(.bss.msTicks)



==============================================================================

Memory Map of the image

  Image Entry point : 0x00000169

  Load Region LR_1 (Base: 0x00000000, Size: 0x00000eb8, Max: 0xffffffff, ABSOLUTE)

    Execution Region ER_RO (Exec base: 0x00000000, Load base: 0x00000000, Size: 0x00000eb4, Max: 0xffffffff, ABSOLUTE)

    Exec Addr    Load Addr    Size         Type   Attr      Idx    E Section Name        Object

    0x00000000   0x00000000   0x000000cc   Data   RO          205    RESET               startup_lpc17xx.o
    0x000000cc   0x000000cc   0x00000008   Code   RO          233  * !!!main             c_w.l(__main.o)
    0x000000d4   0x000000d4   0x00000034   Code   RO          408    !!!scatter          c_w.l(__scatter.o)
    0x00000108   0x00000108   0x0000001a   Code   RO          410    !!handler_copy      c_w.l(__scatter_copy.o)
    0x00000122   0x00000122   0x00000002   PAD
    0x00000124   0x00000124   0x0000001c   Code   RO          412    !!handler_zi        c_w.l(__scatter_zi.o)
    0x00000140   0x00000140   0x00000002   Code   RO          270    .ARM.Collect$$libinit$$00000000  c_w.l(libinit.o)
    0x00000142   0x00000142   0x00000000   Code   RO          283    .ARM.Collect$$libinit$$00000002  c_w.l(libinit2.o)
    0x00000142   0x00000142   0x00000000   Code   RO          285    .ARM.Collect$$libinit$$00000004  c_w.l(libinit2.o)
    0x00000142   0x00000142   0x00000000   Code   RO          287    .ARM.Collect$$libinit$$00000006  c_w.l(libinit2.o)
    0x00000142   0x00000142   0x00000000   Code   RO          290    .ARM.Collect$$libinit$$0000000C  c_w.l(libinit2.o)
    0x00000142   0x00000142   0x00000000   Code   RO          292    .ARM.Collect$$libinit$$0000000E  c_w.l(libinit2.o)
    0x00000142   0x00000142   0x00000000   Code   RO          294    .ARM.Collect$$libinit$$00000010  c_w.l(libinit2.o)
    0x00000142   0x00000142   0x00000000   Code   RO          297    .ARM.Collect$$libinit$$00000013  c_w.l(libinit2.o)
    0x00000142   0x00000142   0x00000000   Code   RO          299    .ARM.Collect$$libinit$$00000015  c_w.l(libinit2.o)
    0x00000142   0x00000142   0x00000000   Code   RO          301    .ARM.Collect$$libinit$$00000017  c_w.l(libinit2.o)
    0x00000142   0x00000142   0x00000000   Code   RO          303    .ARM.Collect$$libinit$$00000019  c_w.l(libinit2.o)
    0x00000142   0x00000142   0x00000000   Code   RO          305    .ARM.Collect$$libinit$$0000001B  c_w.l(libinit2.o)
    0x00000142   0x00000142   0x00000000   Code   RO          307    .ARM.Collect$$libinit$$0000001D  c_w.l(libinit2.o)
    0x00000142   0x00000142   0x00000000   Code   RO          309    .ARM.Collect$$libinit$$0000001F  c_w.l(libinit2.o)
    0x00000142   0x00000142   0x00000000   Code   RO          311    .ARM.Collect$$libinit$$00000021  c_w.l(libinit2.o)
    0x00000142   0x00000142   0x00000000   Code   RO          313    .ARM.Collect$$libinit$$00000023  c_w.l(libinit2.o)
    0x00000142   0x00000142   0x00000000   Code   RO          315    .ARM.Collect$$libinit$$00000025  c_w.l(libinit2.o)
    0x00000142   0x00000142   0x00000000   Code   RO          317    .ARM.Collect$$libinit$$00000027  c_w.l(libinit2.o)
    0x00000142   0x00000142   0x00000000   Code   RO          321    .ARM.Collect$$libinit$$0000002E  c_w.l(libinit2.o)
    0x00000142   0x00000142   0x00000000   Code   RO          323    .ARM.Collect$$libinit$$00000030  c_w.l(libinit2.o)
    0x00000142   0x00000142   0x00000000   Code   RO          325    .ARM.Collect$$libinit$$00000032  c_w.l(libinit2.o)
    0x00000142   0x00000142   0x00000000   Code   RO          327    .ARM.Collect$$libinit$$00000034  c_w.l(libinit2.o)
    0x00000142   0x00000142   0x00000002   Code   RO          328    .ARM.Collect$$libinit$$00000035  c_w.l(libinit2.o)
    0x00000144   0x00000144   0x00000002   Code   RO          363    .ARM.Collect$$libshutdown$$00000000  c_w.l(libshutdown.o)
    0x00000146   0x00000146   0x00000000   Code   RO          391    .ARM.Collect$$libshutdown$$00000002  c_w.l(libshutdown2.o)
    0x00000146   0x00000146   0x00000000   Code   RO          393    .ARM.Collect$$libshutdown$$00000004  c_w.l(libshutdown2.o)
    0x00000146   0x00000146   0x00000000   Code   RO          396    .ARM.Collect$$libshutdown$$00000007  c_w.l(libshutdown2.o)
    0x00000146   0x00000146   0x00000000   Code   RO          399    .ARM.Collect$$libshutdown$$0000000A  c_w.l(libshutdown2.o)
    0x00000146   0x00000146   0x00000000   Code   RO          401    .ARM.Collect$$libshutdown$$0000000C  c_w.l(libshutdown2.o)
    0x00000146   0x00000146   0x00000000   Code   RO          404    .ARM.Collect$$libshutdown$$0000000F  c_w.l(libshutdown2.o)
    0x00000146   0x00000146   0x00000002   Code   RO          405    .ARM.Collect$$libshutdown$$00000010  c_w.l(libshutdown2.o)
    0x00000148   0x00000148   0x00000000   Code   RO          235    .ARM.Collect$$rtentry$$00000000  c_w.l(__rtentry.o)
    0x00000148   0x00000148   0x00000000   Code   RO          241    .ARM.Collect$$rtentry$$00000002  c_w.l(__rtentry2.o)
    0x00000148   0x00000148   0x00000006   Code   RO          253    .ARM.Collect$$rtentry$$00000004  c_w.l(__rtentry4.o)
    0x0000014e   0x0000014e   0x00000000   Code   RO          243    .ARM.Collect$$rtentry$$00000009  c_w.l(__rtentry2.o)
    0x0000014e   0x0000014e   0x00000004   Code   RO          244    .ARM.Collect$$rtentry$$0000000A  c_w.l(__rtentry2.o)
    0x00000152   0x00000152   0x00000000   Code   RO          246    .ARM.Collect$$rtentry$$0000000C  c_w.l(__rtentry2.o)
    0x00000152   0x00000152   0x00000008   Code   RO          247    .ARM.Collect$$rtentry$$0000000D  c_w.l(__rtentry2.o)
    0x0000015a   0x0000015a   0x00000002   Code   RO          274    .ARM.Collect$$rtexit$$00000000  c_w.l(rtexit.o)
    0x0000015c   0x0000015c   0x00000000   Code   RO          334    .ARM.Collect$$rtexit$$00000002  c_w.l(rtexit2.o)
    0x0000015c   0x0000015c   0x00000004   Code   RO          335    .ARM.Collect$$rtexit$$00000003  c_w.l(rtexit2.o)
    0x00000160   0x00000160   0x00000006   Code   RO          336    .ARM.Collect$$rtexit$$00000004  c_w.l(rtexit2.o)
    0x00000166   0x00000166   0x00000002   PAD
    0x00000168   0x00000168   0x0000003c   Code   RO          207  * .text               startup_lpc17xx.o
    0x000001a4   0x000001a4   0x00000006   Code   RO          231    .text               c_w.l(heapauxi.o)
    0x000001aa   0x000001aa   0x0000004a   Code   RO          257    .text               c_w.l(sys_stackheap_outer.o)
    0x000001f4   0x000001f4   0x00000012   Code   RO          259    .text               c_w.l(exit.o)
    0x00000206   0x00000206   0x00000002   PAD
    0x00000208   0x00000208   0x00000008   Code   RO          271    .text               c_w.l(libspace.o)
    0x00000210   0x00000210   0x0000000c   Code   RO          329    .text               c_w.l(sys_exit.o)
    0x0000021c   0x0000021c   0x00000002   Code   RO          352    .text               c_w.l(use_no_semi.o)
    0x0000021e   0x0000021e   0x00000000   Code   RO          354    .text               c_w.l(indicate_semi.o)
    0x0000021e   0x0000021e   0x00000002   PAD
    0x00000220   0x00000220   0x0000002e   Code   RO          150    .text.Clear_Channel_active_flag  gpdma_lpc17xx.o
    0x0000024e   0x0000024e   0x00000002   PAD
    0x00000250   0x00000250   0x00000052   Code   RO            6    .text.SysTick_Config  mian.o
    0x000002a2   0x000002a2   0x00000002   PAD
    0x000002a4   0x000002a4   0x00000010   Code   RO           44    .text.UART0_IRQHandler  uart_lpc17xx.o
    0x000002b4   0x000002b4   0x00000018   Code   RO           52    .text.USART0_GPDMA_Rx_Event  uart_lpc17xx.o
    0x000002cc   0x000002cc   0x00000018   Code   RO           48    .text.USART0_GPDMA_Tx_Event  uart_lpc17xx.o
    0x000002e4   0x000002e4   0x00000008   Data   RO          123    .rodata.UART0_DMA_Rx  uart_lpc17xx.o
    0x000002ec   0x000002ec   0x00000008   Data   RO          122    .rodata.UART0_DMA_Tx  uart_lpc17xx.o
    0x000002f4   0x000002f4   0x00000002   Data   RO          121    .rodata.USART0_pin_rx  uart_lpc17xx.o
    0x000002f6   0x000002f6   0x00000002   Data   RO          120    .rodata.USART0_pin_tx  uart_lpc17xx.o
    0x000002f8   0x000002f8   0x00000004   PAD
    0x000002fc   0x000002fc   0x00000004   Code   RO          206    .ARM.__at_0x02FC    startup_lpc17xx.o
    0x00000300   0x00000300   0x00000220   Code   RO          160    .text.DMA_IRQHandler  gpdma_lpc17xx.o
    0x00000520   0x00000520   0x00000124   Code   RO          191    .text.PIN_Configure  pin_lpc17xx.o
    0x00000644   0x00000644   0x00000184   Code   RO          218    .text.SystemInit    system_lpc17xx.o
    0x000007c8   0x000007c8   0x000000ca   Code   RO           54    .text.USART_GPDMA_Rx_Event  uart_lpc17xx.o
    0x00000892   0x00000892   0x00000002   PAD
    0x00000894   0x00000894   0x0000006a   Code   RO           50    .text.USART_GPDMA_Tx_Event  uart_lpc17xx.o
    0x000008fe   0x000008fe   0x00000002   PAD
    0x00000900   0x00000900   0x00000324   Code   RO           46    .text.USART_IRQHandler  uart_lpc17xx.o
    0x00000c24   0x00000c24   0x000000ba   Code   RO           84    .text.USART_RxLineIntHandler  uart_lpc17xx.o
    0x00000cde   0x00000cde   0x00000002   PAD
    0x00000ce0   0x00000ce0   0x00000042   Code   RO            8    .text.__NVIC_SetPriority  mian.o
    0x00000d22   0x00000d22   0x00000002   PAD
    0x00000d24   0x00000d24   0x0000002a   Code   RO            2    .text.delay         mian.o
    0x00000d4e   0x00000d4e   0x00000002   PAD
    0x00000d50   0x00000d50   0x000000e0   Code   RO            4    .text.main          mian.o
    0x00000e30   0x00000e30   0x00000064   Data   RO          125    .rodata.USART0_Resources  uart_lpc17xx.o
    0x00000e94   0x00000e94   0x00000020   Data   RO          407    Region$$Table       anon$$obj.o


    Execution Region ER_RW (Exec base: 0x10000000, Load base: 0x00000eb4, Size: 0x00000004, Max: 0xffffffff, ABSOLUTE)

    Exec Addr    Load Addr    Size         Type   Attr      Idx    E Section Name        Object

    0x10000000   0x00000eb4   0x00000004   Data   RW          220    .data.SystemCoreClock  system_lpc17xx.o


    Execution Region ER_ZI (Exec base: 0x10000008, Load base: 0x00000eb8, Size: 0x00000340, Max: 0xffffffff, ABSOLUTE)

    Exec Addr    Load Addr    Size         Type   Attr      Idx    E Section Name        Object

    0x10000008        -       0x00000060   Zero   RW          272    .bss                c_w.l(libspace.o)
    0x10000068        -       0x00000004   Zero   RW          164    .bss.Channel_active  gpdma_lpc17xx.o
    0x1000006c        -       0x000000a0   Zero   RW          163    .bss.Channel_info   gpdma_lpc17xx.o
    0x1000010c        -       0x00000034   Zero   RW          124    .bss.USART0_Info    uart_lpc17xx.o
    0x10000140        -       0x00000004   Zero   RW           10    .bss.msTicks        mian.o
    0x10000144   0x00000eb8   0x00000004   PAD
    0x10000148        -       0x00000000   Zero   RW          204    HEAP                startup_lpc17xx.o
    0x10000148        -       0x00000200   Zero   RW          203    STACK               startup_lpc17xx.o


==============================================================================

Image component sizes


      Code (inc. data)   RO Data    RW Data    ZI Data      Debug   Object Name

       590          0          0          0        164       7256   gpdma_lpc17xx.o
       414          0          0          0          4       3913   mian.o
       292          0          0          0          0       2255   pin_lpc17xx.o
        64         26        204          0        512       1036   startup_lpc17xx.o
       388          0          0          4          0       2275   system_lpc17xx.o
      1362          0        120          0         52      20684   uart_lpc17xx.o

    ----------------------------------------------------------------------
      3124         26        360          4        736      37419   Object Totals
         0          0         32          0          0          0   (incl. Generated)
        14          0          4          0          4          0   (incl. Padding)

    ----------------------------------------------------------------------

      Code (inc. data)   RO Data    RW Data    ZI Data      Debug   Library Member Name

         8          0          0          0          0         68   __main.o
         0          0          0          0          0          0   __rtentry.o
        12          0          0          0          0          0   __rtentry2.o
         6          0          0          0          0          0   __rtentry4.o
        52          8          0          0          0          0   __scatter.o
        26          0          0          0          0          0   __scatter_copy.o
        28          0          0          0          0          0   __scatter_zi.o
        18          0          0          0          0         80   exit.o
         6          0          0          0          0        152   heapauxi.o
         0          0          0          0          0          0   indicate_semi.o
         2          0          0          0          0          0   libinit.o
         2          0          0          0          0          0   libinit2.o
         2          0          0          0          0          0   libshutdown.o
         2          0          0          0          0          0   libshutdown2.o
         8          4          0          0         96         68   libspace.o
         2          0          0          0          0          0   rtexit.o
        10          0          0          0          0          0   rtexit2.o
        12          4          0          0          0         68   sys_exit.o
        74          0          0          0          0         80   sys_stackheap_outer.o
         2          0          0          0          0         68   use_no_semi.o

    ----------------------------------------------------------------------
       280         16          0          0         96        584   Library Totals
         8          0          0          0          0          0   (incl. Padding)

    ----------------------------------------------------------------------

      Code (inc. data)   RO Data    RW Data    ZI Data      Debug   Library Name

       272         16          0          0         96        584   c_w.l

    ----------------------------------------------------------------------
       280         16          0          0         96        584   Library Totals

    ----------------------------------------------------------------------

==============================================================================


      Code (inc. data)   RO Data    RW Data    ZI Data      Debug   

      3404         42        360          4        832      37815   Grand Totals
      3404         42        360          4        832      37815   ELF Image Totals
      3404         42        360          4          0          0   ROM Totals

==============================================================================

    Total RO  Size (Code + RO Data)                 3764 (   3.68kB)
    Total RW  Size (RW Data + ZI Data)               836 (   0.82kB)
    Total ROM Size (Code + RO Data + RW Data)       3768 (   3.68kB)

==============================================================================

