<html>
<body>
<pre>
<h1>礦ision Build Log</h1>
<h2>Tool Versions:</h2>
IDE-Version: μVision V5.18.0.0
Copyright (C) 2016 ARM Ltd and ARM Germany GmbH. All rights reserved.
License Information: 1 1, 1, LIC=FYKY8-3SDJG-Z9QG9-4USVR-ML32W-JZC2C
 
Tool Versions:
Toolchain:       MDK-ARM Standard  Version: 5.18
Toolchain Path:  D:\Keil5\ARM\ARMCC\Bin
C Compiler:      Armcc.exe V5.06 update 1 (build 61)
Assembler:       Armasm.exe V5.06 update 1 (build 61)
Linker/Locator:  ArmLink.exe V5.06 update 1 (build 61)
Library Manager: ArmAr.exe V5.06 update 1 (build 61)
Hex Converter:   FromElf.exe V5.06 update 1 (build 61)
CPU DLL:         SARMCM3.DLL V5.18
Dialog DLL:      DCM.DLL V1.13.6.0
Target DLL:      STLink\ST-LINKIII-KEIL_SWO.dll V2.0.18.0
Dialog DLL:      TCM.DLL V1.14.8.0
 
<h2>Project:</h2>
E:\项目\OLED_2.42\Code\STM32\STM32-F103RBT6\MDK-ARM\oled_demo.uvprojx
Project File Date:  08/24/2023

<h2>Output:</h2>
*** Using Compiler 'V5.06 update 1 (build 61)', folder: 'D:\Keil5\ARM\ARMCC\Bin'
Build target 'oled_demo'
compiling OLED_0in91_test.c...
compiling OLED_1in27_rgb_test.c...
compiling OLED_1in32_test.c...
compiling main.c...
compiling OLED_0in95_rgb_test.c...
compiling OLED_0in96_test.c...
compiling OLED_0in96_rgb_test.c...
compiling OLED_1in5_b_test.c...
compiling OLED_1in3_test.c...
compiling OLED_1in5_test.c...
compiling OLED_1in3_c_test.c...
compiling OLED_1in3.c...
compiling OLED_1in51_test.c...
compiling OLED_0in96_rgb.c...
compiling OLED_1in54_test.c...
compiling OLED_2in42_test.c...
compiling OLED_0in91.c...
compiling OLED_0in95_rgb.c...
compiling OLED_1in27_rgb.c...
compiling OLED_0in96.c...
compiling OLED_1in5_rgb_test.c...
compiling OLED_1in3_c.c...
compiling OLED_1in5_rgb.c...
compiling OLED_1in5_b.c...
compiling OLED_1in5.c...
compiling OLED_1in54.c...
compiling OLED_1in51.c...
compiling OLED_1in32.c...
compiling DEV_Config.c...
compiling OLED_2in42.c...
compiling Soft_IIC.c...
compiling GUI_Paint.c...
linking...
Program Size: Code=10308 RO-data=12376 RW-data=76 ZI-data=17668  
FromELF: creating hex file...
"oled_demo\oled_demo.axf" - 0 Error(s), 0 Warning(s).

<h2>Software Packages used:</h2>

Package Vendor: ARM
                http://www.keil.com/pack/ARM.CMSIS.4.5.0.pack
                ARM::CMSIS:CORE:4.3.0
                CMSIS (Cortex Microcontroller Software Interface Standard)
   * Component: CORE Version: 4.3.0

<h2>Collection of Component include folders:</h2>
  E:\项目\OLED_2.42\Code\STM32\STM32-F103RBT6\MDK-ARM\RTE
  D:\Keil5\ARM\PACK\ARM\CMSIS\4.5.0\CMSIS\Include
  D:\Keil5\ARM\PACK\Keil\STM32F1xx_DFP\2.4.0\Device\Include

<h2>Collection of Component Files used:</h2>

   * Component: ARM::CMSIS:CORE:4.3.0
Build Time Elapsed:  00:00:04
</pre>
</body>
</html>
